2025-05-05 23:14:29.530 [info] [main] 日志级别: Info
2025-05-05 23:14:29.530 [info] [main] 正在验证在以下位置找到的 git: "git"
2025-05-05 23:14:29.530 [info] [main] 使用来自 "git" 的 git "2.49.0"
2025-05-05 23:14:29.530 [info] [Model][doInitialScan] Initial repository scan started
2025-05-05 23:14:29.530 [info] > git rev-parse --show-toplevel [3ms]
2025-05-05 23:14:29.530 [info] fatal: not a git repository (or any of the parent directories): .git
2025-05-05 23:14:29.530 [info] > git rev-parse --show-toplevel [3ms]
2025-05-05 23:14:29.530 [info] fatal: not a git repository (or any of the parent directories): .git
2025-05-05 23:14:29.530 [info] > git rev-parse --show-toplevel [28ms]
2025-05-05 23:14:29.530 [info] fatal: not a git repository (or any of the parent directories): .git
2025-05-05 23:14:29.544 [info] > git rev-parse --show-toplevel [8ms]
2025-05-05 23:14:29.544 [info] fatal: not a git repository (or any of the parent directories): .git
2025-05-05 23:14:29.713 [info] > git rev-parse --show-toplevel [49ms]
2025-05-05 23:14:29.713 [info] fatal: not a git repository (or any of the parent directories): .git
2025-05-05 23:14:29.716 [info] [Model][doInitialScan] Initial repository scan completed - repositories (0), closed repositories (0), parent repositories (0), unsafe repositories (0)
2025-05-05 23:14:29.756 [info] > git rev-parse --show-toplevel [32ms]
2025-05-05 23:14:29.757 [info] fatal: not a git repository (or any of the parent directories): .git
2025-05-05 23:14:29.765 [info] > git rev-parse --show-toplevel [2ms]
2025-05-05 23:14:29.765 [info] fatal: not a git repository (or any of the parent directories): .git
2025-05-05 23:14:29.773 [info] > git rev-parse --show-toplevel [2ms]
2025-05-05 23:14:29.774 [info] fatal: not a git repository (or any of the parent directories): .git
2025-05-05 23:14:29.780 [info] > git rev-parse --show-toplevel [1ms]
2025-05-05 23:14:29.780 [info] fatal: not a git repository (or any of the parent directories): .git
2025-05-05 23:14:30.740 [info] > git rev-parse --show-toplevel [2ms]
2025-05-05 23:14:30.740 [info] fatal: not a git repository (or any of the parent directories): .git
2025-05-05 23:14:40.684 [info] > git rev-parse --show-toplevel [1ms]
2025-05-05 23:14:40.684 [info] fatal: not a git repository (or any of the parent directories): .git
2025-05-05 23:14:40.707 [info] > git rev-parse --show-toplevel [3ms]
2025-05-05 23:14:40.707 [info] fatal: not a git repository (or any of the parent directories): .git
2025-05-05 23:14:40.714 [info] > git rev-parse --show-toplevel [1ms]
2025-05-05 23:14:40.714 [info] fatal: not a git repository (or any of the parent directories): .git
2025-05-05 23:14:51.968 [info] > git rev-parse --show-toplevel [1ms]
2025-05-05 23:14:51.968 [info] fatal: not a git repository (or any of the parent directories): .git
2025-05-05 23:15:34.755 [info] > git rev-parse --show-toplevel [1ms]
2025-05-05 23:15:34.755 [info] fatal: not a git repository (or any of the parent directories): .git
2025-05-05 23:15:39.576 [info] > git rev-parse --show-toplevel [2ms]
2025-05-05 23:15:39.576 [info] fatal: not a git repository (or any of the parent directories): .git
2025-05-05 23:15:39.584 [info] > git rev-parse --show-toplevel [1ms]
2025-05-05 23:15:39.584 [info] fatal: not a git repository (or any of the parent directories): .git
2025-05-05 23:15:39.591 [info] > git rev-parse --show-toplevel [1ms]
2025-05-05 23:15:39.591 [info] fatal: not a git repository (or any of the parent directories): .git
