2025-05-05 23:21:36.246 [info] [main] 日志级别: Info
2025-05-05 23:21:36.246 [info] [main] 正在验证在以下位置找到的 git: "git"
2025-05-05 23:21:36.246 [info] [main] 使用来自 "git" 的 git "2.49.0"
2025-05-05 23:21:36.246 [info] [Model][doInitialScan] Initial repository scan started
2025-05-05 23:21:36.246 [info] > git rev-parse --show-toplevel [6ms]
2025-05-05 23:21:36.246 [info] fatal: not a git repository (or any of the parent directories): .git
2025-05-05 23:21:36.246 [info] [Model][doInitialScan] Initial repository scan completed - repositories (0), closed repositories (0), parent repositories (0), unsafe repositories (0)
2025-05-05 23:22:05.865 [info] [main] 日志级别: Info
2025-05-05 23:22:05.865 [info] [main] 正在验证在以下位置找到的 git: "git"
2025-05-05 23:22:05.865 [info] [main] 使用来自 "git" 的 git "2.49.0"
2025-05-05 23:22:05.865 [info] [Model][doInitialScan] Initial repository scan started
2025-05-05 23:22:05.865 [info] > git rev-parse --show-toplevel [4ms]
2025-05-05 23:22:05.865 [info] fatal: not a git repository (or any of the parent directories): .git
2025-05-05 23:22:05.866 [info] > git rev-parse --show-toplevel [6ms]
2025-05-05 23:22:05.866 [info] fatal: not a git repository (or any of the parent directories): .git
2025-05-05 23:22:05.895 [info] > git rev-parse --show-toplevel [23ms]
2025-05-05 23:22:05.895 [info] fatal: not a git repository (or any of the parent directories): .git
2025-05-05 23:22:05.935 [info] > git rev-parse --show-toplevel [30ms]
2025-05-05 23:22:05.935 [info] fatal: not a git repository (or any of the parent directories): .git
2025-05-05 23:22:06.108 [info] > git rev-parse --show-toplevel [33ms]
2025-05-05 23:22:06.108 [info] fatal: not a git repository (or any of the parent directories): .git
2025-05-05 23:22:06.110 [info] [Model][doInitialScan] Initial repository scan completed - repositories (0), closed repositories (0), parent repositories (0), unsafe repositories (0)
2025-05-05 23:22:06.155 [info] > git rev-parse --show-toplevel [35ms]
2025-05-05 23:22:06.155 [info] fatal: not a git repository (or any of the parent directories): .git
2025-05-05 23:22:06.201 [info] > git rev-parse --show-toplevel [1ms]
2025-05-05 23:22:06.201 [info] fatal: not a git repository (or any of the parent directories): .git
2025-05-05 23:22:07.193 [info] > git rev-parse --show-toplevel [1ms]
2025-05-05 23:22:07.193 [info] fatal: not a git repository (or any of the parent directories): .git
2025-05-05 23:22:08.396 [info] > git rev-parse --show-toplevel [2ms]
2025-05-05 23:22:08.396 [info] fatal: not a git repository (or any of the parent directories): .git
2025-05-05 23:22:08.415 [info] > git rev-parse --show-toplevel [2ms]
2025-05-05 23:22:08.415 [info] fatal: not a git repository (or any of the parent directories): .git
2025-05-05 23:22:08.422 [info] > git rev-parse --show-toplevel [1ms]
2025-05-05 23:22:08.422 [info] fatal: not a git repository (or any of the parent directories): .git
2025-05-05 23:22:14.078 [info] > git rev-parse --show-toplevel [2ms]
2025-05-05 23:22:14.078 [info] fatal: not a git repository (or any of the parent directories): .git
2025-05-05 23:22:14.110 [info] > git rev-parse --show-toplevel [2ms]
2025-05-05 23:22:14.110 [info] fatal: not a git repository (or any of the parent directories): .git
2025-05-05 23:22:14.117 [info] > git rev-parse --show-toplevel [1ms]
2025-05-05 23:22:14.117 [info] fatal: not a git repository (or any of the parent directories): .git
2025-05-05 23:22:42.074 [info] > git rev-parse --show-toplevel [1ms]
2025-05-05 23:22:42.074 [info] fatal: not a git repository (or any of the parent directories): .git
2025-05-05 23:22:42.088 [info] > git rev-parse --show-toplevel [1ms]
2025-05-05 23:22:42.088 [info] fatal: not a git repository (or any of the parent directories): .git
2025-05-05 23:22:53.648 [info] > git rev-parse --show-toplevel [1ms]
2025-05-05 23:22:53.648 [info] fatal: not a git repository (or any of the parent directories): .git
2025-05-05 23:22:53.666 [info] > git rev-parse --show-toplevel [1ms]
2025-05-05 23:22:53.666 [info] fatal: not a git repository (or any of the parent directories): .git
2025-05-05 23:22:53.675 [info] > git rev-parse --show-toplevel [1ms]
2025-05-05 23:22:53.675 [info] fatal: not a git repository (or any of the parent directories): .git
2025-05-05 23:27:36.977 [info] > git rev-parse --show-toplevel [1ms]
2025-05-05 23:27:36.977 [info] fatal: not a git repository (or any of the parent directories): .git
2025-05-05 23:27:37.005 [info] > git rev-parse --show-toplevel [1ms]
2025-05-05 23:27:37.005 [info] fatal: not a git repository (or any of the parent directories): .git
2025-05-05 23:27:37.012 [info] > git rev-parse --show-toplevel [1ms]
2025-05-05 23:27:37.012 [info] fatal: not a git repository (or any of the parent directories): .git
2025-05-05 23:27:39.926 [info] > git rev-parse --show-toplevel [1ms]
2025-05-05 23:27:39.926 [info] fatal: not a git repository (or any of the parent directories): .git
2025-05-05 23:27:39.937 [info] > git rev-parse --show-toplevel [1ms]
2025-05-05 23:27:39.937 [info] fatal: not a git repository (or any of the parent directories): .git
2025-05-05 23:27:39.944 [info] > git rev-parse --show-toplevel [1ms]
2025-05-05 23:27:39.944 [info] fatal: not a git repository (or any of the parent directories): .git
2025-05-05 23:27:41.678 [info] > git rev-parse --show-toplevel [1ms]
2025-05-05 23:27:41.678 [info] fatal: not a git repository (or any of the parent directories): .git
2025-05-05 23:27:41.701 [info] > git rev-parse --show-toplevel [1ms]
2025-05-05 23:27:41.701 [info] fatal: not a git repository (or any of the parent directories): .git
2025-05-05 23:27:41.708 [info] > git rev-parse --show-toplevel [1ms]
2025-05-05 23:27:41.708 [info] fatal: not a git repository (or any of the parent directories): .git
2025-05-05 23:27:57.476 [info] > git rev-parse --show-toplevel [1ms]
2025-05-05 23:27:57.476 [info] fatal: not a git repository (or any of the parent directories): .git
2025-05-05 23:27:57.492 [info] > git rev-parse --show-toplevel [3ms]
2025-05-05 23:27:57.492 [info] fatal: not a git repository (or any of the parent directories): .git
2025-05-05 23:27:57.500 [info] > git rev-parse --show-toplevel [2ms]
2025-05-05 23:27:57.500 [info] fatal: not a git repository (or any of the parent directories): .git
2025-05-05 23:28:00.322 [info] > git rev-parse --show-toplevel [1ms]
2025-05-05 23:28:00.322 [info] fatal: not a git repository (or any of the parent directories): .git
2025-05-05 23:28:00.347 [info] > git rev-parse --show-toplevel [1ms]
2025-05-05 23:28:00.347 [info] fatal: not a git repository (or any of the parent directories): .git
2025-05-05 23:28:00.354 [info] > git rev-parse --show-toplevel [1ms]
2025-05-05 23:28:00.354 [info] fatal: not a git repository (or any of the parent directories): .git
2025-05-05 23:28:02.902 [info] > git rev-parse --show-toplevel [1ms]
2025-05-05 23:28:02.902 [info] fatal: not a git repository (or any of the parent directories): .git
2025-05-05 23:28:02.924 [info] > git rev-parse --show-toplevel [2ms]
2025-05-05 23:28:02.924 [info] fatal: not a git repository (or any of the parent directories): .git
2025-05-05 23:28:02.932 [info] > git rev-parse --show-toplevel [1ms]
2025-05-05 23:28:02.932 [info] fatal: not a git repository (or any of the parent directories): .git
2025-05-05 23:28:04.671 [info] > git rev-parse --show-toplevel [1ms]
2025-05-05 23:28:04.671 [info] fatal: not a git repository (or any of the parent directories): .git
2025-05-05 23:28:04.693 [info] > git rev-parse --show-toplevel [2ms]
2025-05-05 23:28:04.693 [info] fatal: not a git repository (or any of the parent directories): .git
2025-05-05 23:28:04.700 [info] > git rev-parse --show-toplevel [1ms]
2025-05-05 23:28:04.700 [info] fatal: not a git repository (or any of the parent directories): .git
2025-05-05 23:28:06.655 [info] > git rev-parse --show-toplevel [1ms]
2025-05-05 23:28:06.655 [info] fatal: not a git repository (or any of the parent directories): .git
2025-05-05 23:28:06.677 [info] > git rev-parse --show-toplevel [2ms]
2025-05-05 23:28:06.677 [info] fatal: not a git repository (or any of the parent directories): .git
2025-05-05 23:28:06.684 [info] > git rev-parse --show-toplevel [1ms]
2025-05-05 23:28:06.684 [info] fatal: not a git repository (or any of the parent directories): .git
2025-05-05 23:29:02.650 [info] > git rev-parse --show-toplevel [1ms]
2025-05-05 23:29:02.650 [info] fatal: not a git repository (or any of the parent directories): .git
2025-05-05 23:29:02.674 [info] > git rev-parse --show-toplevel [1ms]
2025-05-05 23:29:02.674 [info] fatal: not a git repository (or any of the parent directories): .git
2025-05-05 23:29:02.682 [info] > git rev-parse --show-toplevel [1ms]
2025-05-05 23:29:02.682 [info] fatal: not a git repository (or any of the parent directories): .git
