2025-05-05 22:00:27.061 [info] Extension host with pid 68109 started
2025-05-05 22:00:27.254 [info] ExtensionService#_doActivateExtension vscode.github-authentication, startup: false, activationEvent: 'onAuthenticationRequest:github'
2025-05-05 22:00:27.255 [info] ExtensionService#_doActivateExtension vscode.emmet, startup: false, activationEvent: 'onLanguage'
2025-05-05 22:00:27.505 [info] ExtensionService#_doActivateExtension vscode.git-base, startup: true, activationEvent: '*', root cause: vscode.git
2025-05-05 22:00:27.645 [info] ExtensionService#_doActivateExtension vscode.git, startup: true, activationEvent: '*'
2025-05-05 22:00:27.645 [info] ExtensionService#_doActivateExtension vscode.github, startup: true, activationEvent: '*'
2025-05-05 22:00:27.786 [info] Eager extensions activated
2025-05-05 22:00:27.821 [info] ExtensionService#_doActivateExtension vscode.debug-auto-launch, startup: false, activationEvent: 'onStartupFinished'
2025-05-05 22:00:27.821 [info] ExtensionService#_doActivateExtension vscode.merge-conflict, startup: false, activationEvent: 'onStartupFinished'
2025-05-05 22:00:27.822 [info] ExtensionService#_doActivateExtension atommaterial.a-file-icon-vscode, startup: false, activationEvent: 'onStartupFinished'
2025-05-05 22:00:27.848 [info] ExtensionService#_doActivateExtension vscode.configuration-editing, startup: false, activationEvent: 'onLanguage:jsonc'
2025-05-05 22:00:27.849 [info] ExtensionService#_doActivateExtension vscode.json-language-features, startup: false, activationEvent: 'onLanguage:jsonc'
2025-05-05 22:00:27.850 [info] ExtensionService#_doActivateExtension vscode.typescript-language-features, startup: false, activationEvent: 'onLanguage:jsonc'
2025-05-05 22:22:04.014 [info] Extension host terminating: renderer closed the MessagePort
2025-05-05 22:22:04.035 [info] Extension host with pid 68109 exiting with code 0
2025-05-05 22:22:05.092 [info] Extension host with pid 69941 started
2025-05-05 22:22:05.092 [info] Skipping acquiring lock for /home/visionary/.config/Code/User/workspaceStorage/808e7069e2174eb4f58a0ab41929ebc5.
2025-05-05 22:22:05.168 [info] ExtensionService#_doActivateExtension vscode.github-authentication, startup: false, activationEvent: 'onAuthenticationRequest:github'
2025-05-05 22:22:05.293 [info] ExtensionService#_doActivateExtension vscode.git-base, startup: true, activationEvent: '*', root cause: vscode.git
2025-05-05 22:22:05.330 [info] ExtensionService#_doActivateExtension vscode.configuration-editing, startup: false, activationEvent: 'onLanguage:jsonc'
2025-05-05 22:22:05.330 [info] ExtensionService#_doActivateExtension vscode.json-language-features, startup: false, activationEvent: 'onLanguage:jsonc'
2025-05-05 22:22:05.330 [info] ExtensionService#_doActivateExtension vscode.typescript-language-features, startup: false, activationEvent: 'onLanguage:jsonc'
2025-05-05 22:22:05.331 [info] ExtensionService#_doActivateExtension vscode.emmet, startup: false, activationEvent: 'onLanguage'
2025-05-05 22:22:05.480 [info] ExtensionService#_doActivateExtension vscode.git, startup: true, activationEvent: '*'
2025-05-05 22:22:05.480 [info] ExtensionService#_doActivateExtension vscode.github, startup: true, activationEvent: '*'
2025-05-05 22:22:05.771 [info] Eager extensions activated
2025-05-05 22:22:05.813 [info] ExtensionService#_doActivateExtension vscode.debug-auto-launch, startup: false, activationEvent: 'onStartupFinished'
2025-05-05 22:22:05.814 [info] ExtensionService#_doActivateExtension vscode.merge-conflict, startup: false, activationEvent: 'onStartupFinished'
2025-05-05 22:22:05.814 [info] ExtensionService#_doActivateExtension atommaterial.a-file-icon-vscode, startup: false, activationEvent: 'onStartupFinished'
2025-05-05 22:22:22.189 [info] Extension host terminating: renderer closed the MessagePort
2025-05-05 22:22:22.206 [info] Extension host with pid 69941 exiting with code 0
2025-05-05 22:22:23.146 [info] Extension host with pid 70032 started
2025-05-05 22:22:23.146 [info] Skipping acquiring lock for /home/visionary/.config/Code/User/workspaceStorage/13da53b674ad6d6359c9ddf4e9305520.
2025-05-05 22:22:23.352 [info] ExtensionService#_doActivateExtension vscode.github-authentication, startup: false, activationEvent: 'onAuthenticationRequest:github'
2025-05-05 22:22:23.353 [info] ExtensionService#_doActivateExtension vscode.emmet, startup: false, activationEvent: 'onLanguage'
2025-05-05 22:22:23.504 [info] ExtensionService#_doActivateExtension vscode.git-base, startup: true, activationEvent: '*', root cause: vscode.git
2025-05-05 22:22:23.504 [info] ExtensionService#_doActivateExtension yzhang.markdown-all-in-one, startup: true, activationEvent: 'workspaceContains:README.md'
2025-05-05 22:22:23.617 [info] ExtensionService#_doActivateExtension vscode.markdown-math, startup: false, activationEvent: 'api', root cause: yzhang.markdown-all-in-one
2025-05-05 22:22:23.617 [info] ExtensionService#_doActivateExtension vscode.configuration-editing, startup: false, activationEvent: 'onLanguage:jsonc'
2025-05-05 22:22:23.618 [info] ExtensionService#_doActivateExtension vscode.json-language-features, startup: false, activationEvent: 'onLanguage:jsonc'
2025-05-05 22:22:23.618 [info] ExtensionService#_doActivateExtension vscode.typescript-language-features, startup: false, activationEvent: 'onLanguage:jsonc'
2025-05-05 22:22:23.662 [info] ExtensionService#_doActivateExtension vscode.git, startup: true, activationEvent: '*'
2025-05-05 22:22:23.662 [info] ExtensionService#_doActivateExtension vscode.github, startup: true, activationEvent: '*'
2025-05-05 22:22:23.934 [info] Eager extensions activated
2025-05-05 22:22:23.976 [info] ExtensionService#_doActivateExtension vscode.debug-auto-launch, startup: false, activationEvent: 'onStartupFinished'
2025-05-05 22:22:23.976 [info] ExtensionService#_doActivateExtension vscode.merge-conflict, startup: false, activationEvent: 'onStartupFinished'
2025-05-05 22:22:23.977 [info] ExtensionService#_doActivateExtension atommaterial.a-file-icon-vscode, startup: false, activationEvent: 'onStartupFinished'
2025-05-05 22:22:36.937 [info] ExtensionService#_doActivateExtension vscode.extension-editing, startup: false, activationEvent: 'onLanguage:json'
2025-05-05 22:22:36.938 [info] ExtensionService#_doActivateExtension vscode.npm, startup: false, activationEvent: 'onLanguage:json'
