2025-05-07 23:40:58.140 [info] Extension host with pid 55184 started
2025-05-07 23:40:58.140 [info] Skipping acquiring lock for /home/visionary/.config/Code/User/workspaceStorage/176908ef150ac1f2a1dd2199c231f178.
2025-05-07 23:40:58.399 [info] ExtensionService#_doActivateExtension vscode.github-authentication, startup: false, activationEvent: 'onAuthenticationRequest:github'
2025-05-07 23:40:58.400 [info] ExtensionService#_doActivateExtension vscode.emmet, startup: false, activationEvent: 'onLanguage'
2025-05-07 23:40:58.540 [info] ExtensionService#_doActivateExtension vscode.git-base, startup: true, activationEvent: '*', root cause: vscode.git
2025-05-07 23:40:58.717 [info] ExtensionService#_doActivateExtension vscode.git, startup: true, activationEvent: '*'
2025-05-07 23:40:58.717 [info] ExtensionService#_doActivateExtension vscode.github, startup: true, activationEvent: '*'
2025-05-07 23:40:58.718 [info] ExtensionService#_doActivateExtension vscode.configuration-editing, startup: false, activationEvent: 'onLanguage:jsonc'
2025-05-07 23:40:58.718 [info] ExtensionService#_doActivateExtension vscode.json-language-features, startup: false, activationEvent: 'onLanguage:jsonc'
2025-05-07 23:40:58.719 [info] ExtensionService#_doActivateExtension vscode.typescript-language-features, startup: false, activationEvent: 'onLanguage:jsonc'
2025-05-07 23:40:59.013 [info] Eager extensions activated
2025-05-07 23:40:59.090 [info] ExtensionService#_doActivateExtension vscode.debug-auto-launch, startup: false, activationEvent: 'onStartupFinished'
2025-05-07 23:40:59.091 [info] ExtensionService#_doActivateExtension vscode.merge-conflict, startup: false, activationEvent: 'onStartupFinished'
2025-05-07 23:40:59.091 [info] ExtensionService#_doActivateExtension atommaterial.a-file-icon-vscode, startup: false, activationEvent: 'onStartupFinished'
2025-05-07 23:40:59.352 [warning] [Decorations] CAPPING events from decorations provider vscode.git 4011
2025-05-07 23:40:59.440 [warning] [Decorations] CAPPING events from decorations provider vscode.git 4011
2025-05-07 23:41:03.379 [warning] [Decorations] CAPPING events from decorations provider vscode.git 4011
2025-05-07 23:42:13.914 [info] ExtensionService#_doActivateExtension vscode.css-language-features, startup: false, activationEvent: 'onLanguage:css'
2025-05-07 23:47:13.861 [info] Extension host terminating: renderer closed the MessagePort
2025-05-07 23:47:13.880 [error] Canceled: Canceled
	at new HR (file:///nix/store/r8kg5ngllwal5bnwnzx9qw7mp3ni1333-vscode-1.99.3/lib/vscode/resources/app/out/vs/workbench/api/node/extensionHostProcess.js:29:111362)
	at i4.U (file:///nix/store/r8kg5ngllwal5bnwnzx9qw7mp3ni1333-vscode-1.99.3/lib/vscode/resources/app/out/vs/workbench/api/node/extensionHostProcess.js:29:115973)
	at s.<computed>.n.charCodeAt.s.<computed> (file:///nix/store/r8kg5ngllwal5bnwnzx9qw7mp3ni1333-vscode-1.99.3/lib/vscode/resources/app/out/vs/workbench/api/node/extensionHostProcess.js:29:113467)
	at vw.g (file:///nix/store/r8kg5ngllwal5bnwnzx9qw7mp3ni1333-vscode-1.99.3/lib/vscode/resources/app/out/vs/workbench/api/node/extensionHostProcess.js:111:40983)
	at vw.executeCommand (file:///nix/store/r8kg5ngllwal5bnwnzx9qw7mp3ni1333-vscode-1.99.3/lib/vscode/resources/app/out/vs/workbench/api/node/extensionHostProcess.js:111:40487)
	at r.registerCommand.description (file:///nix/store/r8kg5ngllwal5bnwnzx9qw7mp3ni1333-vscode-1.99.3/lib/vscode/resources/app/out/vs/workbench/api/node/extensionHostProcess.js:111:39817)
	at vw.h (file:///nix/store/r8kg5ngllwal5bnwnzx9qw7mp3ni1333-vscode-1.99.3/lib/vscode/resources/app/out/vs/workbench/api/node/extensionHostProcess.js:111:41503)
	at vw.g (file:///nix/store/r8kg5ngllwal5bnwnzx9qw7mp3ni1333-vscode-1.99.3/lib/vscode/resources/app/out/vs/workbench/api/node/extensionHostProcess.js:111:40580)
	at vw.executeCommand (file:///nix/store/r8kg5ngllwal5bnwnzx9qw7mp3ni1333-vscode-1.99.3/lib/vscode/resources/app/out/vs/workbench/api/node/extensionHostProcess.js:111:40487)
	at Object.executeCommand (file:///nix/store/r8kg5ngllwal5bnwnzx9qw7mp3ni1333-vscode-1.99.3/lib/vscode/resources/app/out/vs/workbench/api/node/extensionHostProcess.js:173:30346)
	at Ah.L [as value] (/nix/store/r8kg5ngllwal5bnwnzx9qw7mp3ni1333-vscode-1.99.3/lib/vscode/resources/app/extensions/git/dist/main.js:2:511809)
	at D.B (file:///nix/store/r8kg5ngllwal5bnwnzx9qw7mp3ni1333-vscode-1.99.3/lib/vscode/resources/app/out/vs/workbench/api/node/extensionHostProcess.js:27:2375)
	at D.C (file:///nix/store/r8kg5ngllwal5bnwnzx9qw7mp3ni1333-vscode-1.99.3/lib/vscode/resources/app/out/vs/workbench/api/node/extensionHostProcess.js:27:2445)
	at D.fire (file:///nix/store/r8kg5ngllwal5bnwnzx9qw7mp3ni1333-vscode-1.99.3/lib/vscode/resources/app/out/vs/workbench/api/node/extensionHostProcess.js:27:2662)
	at Object.g [as dispose] (/nix/store/r8kg5ngllwal5bnwnzx9qw7mp3ni1333-vscode-1.99.3/lib/vscode/resources/app/extensions/git/dist/main.js:2:534449)
	at /nix/store/r8kg5ngllwal5bnwnzx9qw7mp3ni1333-vscode-1.99.3/lib/vscode/resources/app/extensions/git/dist/main.js:2:540767
	at Array.forEach (<anonymous>)
	at b.dispose (/nix/store/r8kg5ngllwal5bnwnzx9qw7mp3ni1333-vscode-1.99.3/lib/vscode/resources/app/extensions/git/dist/main.js:2:540753)
	at iv.<anonymous> (file:///nix/store/r8kg5ngllwal5bnwnzx9qw7mp3ni1333-vscode-1.99.3/lib/vscode/resources/app/out/vs/workbench/api/node/extensionHostProcess.js:107:8922)
	at iv.dispose (file:///nix/store/r8kg5ngllwal5bnwnzx9qw7mp3ni1333-vscode-1.99.3/lib/vscode/resources/app/out/vs/workbench/api/node/extensionHostProcess.js:107:9018)
	at iv.<anonymous> (/nix/store/r8kg5ngllwal5bnwnzx9qw7mp3ni1333-vscode-1.99.3/lib/vscode/resources/app/extensions/git/dist/main.js:2:514293)
	at iv.dispose (file:///nix/store/r8kg5ngllwal5bnwnzx9qw7mp3ni1333-vscode-1.99.3/lib/vscode/resources/app/out/vs/workbench/api/node/extensionHostProcess.js:107:9018)
	at pi (file:///nix/store/r8kg5ngllwal5bnwnzx9qw7mp3ni1333-vscode-1.99.3/lib/vscode/resources/app/out/vs/workbench/api/node/extensionHostProcess.js:25:701)
	at file:///nix/store/r8kg5ngllwal5bnwnzx9qw7mp3ni1333-vscode-1.99.3/lib/vscode/resources/app/out/vs/workbench/api/node/extensionHostProcess.js:115:14994
	at file:///nix/store/r8kg5ngllwal5bnwnzx9qw7mp3ni1333-vscode-1.99.3/lib/vscode/resources/app/out/vs/workbench/api/node/extensionHostProcess.js:25:1011
	at Object.dispose (file:///nix/store/r8kg5ngllwal5bnwnzx9qw7mp3ni1333-vscode-1.99.3/lib/vscode/resources/app/out/vs/workbench/api/node/extensionHostProcess.js:8:705)
	at vV.eb (file:///nix/store/r8kg5ngllwal5bnwnzx9qw7mp3ni1333-vscode-1.99.3/lib/vscode/resources/app/out/vs/workbench/api/node/extensionHostProcess.js:115:11921)
	at file:///nix/store/r8kg5ngllwal5bnwnzx9qw7mp3ni1333-vscode-1.99.3/lib/vscode/resources/app/out/vs/workbench/api/node/extensionHostProcess.js:115:9876
	at Array.map (<anonymous>)
	at vV.$ (file:///nix/store/r8kg5ngllwal5bnwnzx9qw7mp3ni1333-vscode-1.99.3/lib/vscode/resources/app/out/vs/workbench/api/node/extensionHostProcess.js:115:9864)
	at vV.terminate (file:///nix/store/r8kg5ngllwal5bnwnzx9qw7mp3ni1333-vscode-1.99.3/lib/vscode/resources/app/out/vs/workbench/api/node/extensionHostProcess.js:115:10107)
	at oD.terminate (file:///nix/store/r8kg5ngllwal5bnwnzx9qw7mp3ni1333-vscode-1.99.3/lib/vscode/resources/app/out/vs/workbench/api/node/extensionHostProcess.js:116:1434)
	at es (file:///nix/store/r8kg5ngllwal5bnwnzx9qw7mp3ni1333-vscode-1.99.3/lib/vscode/resources/app/out/vs/workbench/api/node/extensionHostProcess.js:197:5701)
	at MessagePortMain.<anonymous> (file:///nix/store/r8kg5ngllwal5bnwnzx9qw7mp3ni1333-vscode-1.99.3/lib/vscode/resources/app/out/vs/workbench/api/node/extensionHostProcess.js:197:2249)
	at MessagePortMain.emit (node:events:518:28)
	at MessagePortMain._internalPort.emit (node:electron/js2c/utility_init:2:2949) setContext undefined
2025-05-07 23:47:13.881 [error] Canceled: Canceled
	at new HR (file:///nix/store/r8kg5ngllwal5bnwnzx9qw7mp3ni1333-vscode-1.99.3/lib/vscode/resources/app/out/vs/workbench/api/node/extensionHostProcess.js:29:111362)
	at i4.U (file:///nix/store/r8kg5ngllwal5bnwnzx9qw7mp3ni1333-vscode-1.99.3/lib/vscode/resources/app/out/vs/workbench/api/node/extensionHostProcess.js:29:115973)
	at s.<computed>.n.charCodeAt.s.<computed> (file:///nix/store/r8kg5ngllwal5bnwnzx9qw7mp3ni1333-vscode-1.99.3/lib/vscode/resources/app/out/vs/workbench/api/node/extensionHostProcess.js:29:113467)
	at vw.g (file:///nix/store/r8kg5ngllwal5bnwnzx9qw7mp3ni1333-vscode-1.99.3/lib/vscode/resources/app/out/vs/workbench/api/node/extensionHostProcess.js:111:40983)
	at vw.executeCommand (file:///nix/store/r8kg5ngllwal5bnwnzx9qw7mp3ni1333-vscode-1.99.3/lib/vscode/resources/app/out/vs/workbench/api/node/extensionHostProcess.js:111:40487)
	at r.registerCommand.description (file:///nix/store/r8kg5ngllwal5bnwnzx9qw7mp3ni1333-vscode-1.99.3/lib/vscode/resources/app/out/vs/workbench/api/node/extensionHostProcess.js:111:39817)
	at vw.h (file:///nix/store/r8kg5ngllwal5bnwnzx9qw7mp3ni1333-vscode-1.99.3/lib/vscode/resources/app/out/vs/workbench/api/node/extensionHostProcess.js:111:41503)
	at vw.g (file:///nix/store/r8kg5ngllwal5bnwnzx9qw7mp3ni1333-vscode-1.99.3/lib/vscode/resources/app/out/vs/workbench/api/node/extensionHostProcess.js:111:40580)
	at vw.executeCommand (file:///nix/store/r8kg5ngllwal5bnwnzx9qw7mp3ni1333-vscode-1.99.3/lib/vscode/resources/app/out/vs/workbench/api/node/extensionHostProcess.js:111:40487)
	at Object.executeCommand (file:///nix/store/r8kg5ngllwal5bnwnzx9qw7mp3ni1333-vscode-1.99.3/lib/vscode/resources/app/out/vs/workbench/api/node/extensionHostProcess.js:173:30346)
	at set hasGitHubRepositories (/nix/store/r8kg5ngllwal5bnwnzx9qw7mp3ni1333-vscode-1.99.3/lib/vscode/resources/app/extensions/github/dist/extension.js:2:217805)
	at /nix/store/r8kg5ngllwal5bnwnzx9qw7mp3ni1333-vscode-1.99.3/lib/vscode/resources/app/extensions/github/dist/extension.js:2:218764
	at Ah.value (/nix/store/r8kg5ngllwal5bnwnzx9qw7mp3ni1333-vscode-1.99.3/lib/vscode/resources/app/extensions/git/dist/main.js:2:631688)
	at D.B (file:///nix/store/r8kg5ngllwal5bnwnzx9qw7mp3ni1333-vscode-1.99.3/lib/vscode/resources/app/out/vs/workbench/api/node/extensionHostProcess.js:27:2375)
	at D.C (file:///nix/store/r8kg5ngllwal5bnwnzx9qw7mp3ni1333-vscode-1.99.3/lib/vscode/resources/app/out/vs/workbench/api/node/extensionHostProcess.js:27:2445)
	at D.fire (file:///nix/store/r8kg5ngllwal5bnwnzx9qw7mp3ni1333-vscode-1.99.3/lib/vscode/resources/app/out/vs/workbench/api/node/extensionHostProcess.js:27:2662)
	at Object.g [as dispose] (/nix/store/r8kg5ngllwal5bnwnzx9qw7mp3ni1333-vscode-1.99.3/lib/vscode/resources/app/extensions/git/dist/main.js:2:534449)
	at /nix/store/r8kg5ngllwal5bnwnzx9qw7mp3ni1333-vscode-1.99.3/lib/vscode/resources/app/extensions/git/dist/main.js:2:540767
	at Array.forEach (<anonymous>)
	at b.dispose (/nix/store/r8kg5ngllwal5bnwnzx9qw7mp3ni1333-vscode-1.99.3/lib/vscode/resources/app/extensions/git/dist/main.js:2:540753)
	at iv.<anonymous> (file:///nix/store/r8kg5ngllwal5bnwnzx9qw7mp3ni1333-vscode-1.99.3/lib/vscode/resources/app/out/vs/workbench/api/node/extensionHostProcess.js:107:8922)
	at iv.dispose (file:///nix/store/r8kg5ngllwal5bnwnzx9qw7mp3ni1333-vscode-1.99.3/lib/vscode/resources/app/out/vs/workbench/api/node/extensionHostProcess.js:107:9018)
	at iv.<anonymous> (/nix/store/r8kg5ngllwal5bnwnzx9qw7mp3ni1333-vscode-1.99.3/lib/vscode/resources/app/extensions/git/dist/main.js:2:514293)
	at iv.dispose (file:///nix/store/r8kg5ngllwal5bnwnzx9qw7mp3ni1333-vscode-1.99.3/lib/vscode/resources/app/out/vs/workbench/api/node/extensionHostProcess.js:107:9018)
	at pi (file:///nix/store/r8kg5ngllwal5bnwnzx9qw7mp3ni1333-vscode-1.99.3/lib/vscode/resources/app/out/vs/workbench/api/node/extensionHostProcess.js:25:701)
	at file:///nix/store/r8kg5ngllwal5bnwnzx9qw7mp3ni1333-vscode-1.99.3/lib/vscode/resources/app/out/vs/workbench/api/node/extensionHostProcess.js:115:14994
	at file:///nix/store/r8kg5ngllwal5bnwnzx9qw7mp3ni1333-vscode-1.99.3/lib/vscode/resources/app/out/vs/workbench/api/node/extensionHostProcess.js:25:1011
	at Object.dispose (file:///nix/store/r8kg5ngllwal5bnwnzx9qw7mp3ni1333-vscode-1.99.3/lib/vscode/resources/app/out/vs/workbench/api/node/extensionHostProcess.js:8:705)
	at vV.eb (file:///nix/store/r8kg5ngllwal5bnwnzx9qw7mp3ni1333-vscode-1.99.3/lib/vscode/resources/app/out/vs/workbench/api/node/extensionHostProcess.js:115:11921)
	at file:///nix/store/r8kg5ngllwal5bnwnzx9qw7mp3ni1333-vscode-1.99.3/lib/vscode/resources/app/out/vs/workbench/api/node/extensionHostProcess.js:115:9876
	at Array.map (<anonymous>)
	at vV.$ (file:///nix/store/r8kg5ngllwal5bnwnzx9qw7mp3ni1333-vscode-1.99.3/lib/vscode/resources/app/out/vs/workbench/api/node/extensionHostProcess.js:115:9864)
	at vV.terminate (file:///nix/store/r8kg5ngllwal5bnwnzx9qw7mp3ni1333-vscode-1.99.3/lib/vscode/resources/app/out/vs/workbench/api/node/extensionHostProcess.js:115:10107)
	at oD.terminate (file:///nix/store/r8kg5ngllwal5bnwnzx9qw7mp3ni1333-vscode-1.99.3/lib/vscode/resources/app/out/vs/workbench/api/node/extensionHostProcess.js:116:1434)
	at es (file:///nix/store/r8kg5ngllwal5bnwnzx9qw7mp3ni1333-vscode-1.99.3/lib/vscode/resources/app/out/vs/workbench/api/node/extensionHostProcess.js:197:5701)
	at MessagePortMain.<anonymous> (file:///nix/store/r8kg5ngllwal5bnwnzx9qw7mp3ni1333-vscode-1.99.3/lib/vscode/resources/app/out/vs/workbench/api/node/extensionHostProcess.js:197:2249)
	at MessagePortMain.emit (node:events:518:28)
	at MessagePortMain._internalPort.emit (node:electron/js2c/utility_init:2:2949) setContext undefined
2025-05-07 23:47:13.882 [info] Extension host with pid 55184 exiting with code 0
