2025-04-24 23:57:58.617 [info] [main] Log level: Info
2025-04-24 23:57:58.617 [info] [main] Validating found git in: "git"
2025-04-24 23:57:58.617 [info] [main] Using git "2.47.1" from "git"
2025-04-24 23:57:58.617 [info] [Model][doInitialScan] Initial repository scan started
2025-04-24 23:57:58.617 [info] > git rev-parse --show-toplevel [2ms]
2025-04-24 23:57:58.617 [info] fatal: not a git repository (or any of the parent directories): .git
2025-04-24 23:57:58.617 [info] > git rev-parse --show-toplevel [10ms]
2025-04-24 23:57:58.617 [info] fatal: not a git repository (or any of the parent directories): .git
2025-04-24 23:57:58.621 [info] > git rev-parse --show-toplevel [0ms]
2025-04-24 23:57:58.621 [info] fatal: not a git repository (or any of the parent directories): .git
2025-04-24 23:57:58.624 [info] > git rev-parse --show-toplevel [1ms]
2025-04-24 23:57:58.624 [info] fatal: not a git repository (or any of the parent directories): .git
2025-04-24 23:57:58.627 [info] > git rev-parse --show-toplevel [1ms]
2025-04-24 23:57:58.627 [info] fatal: not a git repository (or any of the parent directories): .git
2025-04-24 23:57:58.630 [info] > git rev-parse --show-toplevel [1ms]
2025-04-24 23:57:58.630 [info] fatal: not a git repository (or any of the parent directories): .git
2025-04-24 23:57:58.632 [info] > git rev-parse --show-toplevel [0ms]
2025-04-24 23:57:58.632 [info] fatal: not a git repository (or any of the parent directories): .git
2025-04-24 23:57:58.635 [info] > git rev-parse --show-toplevel [1ms]
2025-04-24 23:57:58.635 [info] fatal: not a git repository (or any of the parent directories): .git
2025-04-24 23:57:58.638 [info] > git rev-parse --show-toplevel [1ms]
2025-04-24 23:57:58.638 [info] fatal: not a git repository (or any of the parent directories): .git
2025-04-24 23:57:58.640 [info] > git rev-parse --show-toplevel [0ms]
2025-04-24 23:57:58.640 [info] fatal: not a git repository (or any of the parent directories): .git
2025-04-24 23:57:58.643 [info] > git rev-parse --show-toplevel [1ms]
2025-04-24 23:57:58.643 [info] fatal: not a git repository (or any of the parent directories): .git
2025-04-24 23:57:58.647 [info] > git rev-parse --show-toplevel [1ms]
2025-04-24 23:57:58.647 [info] fatal: not a git repository (or any of the parent directories): .git
2025-04-24 23:57:58.651 [info] > git rev-parse --show-toplevel [1ms]
2025-04-24 23:57:58.651 [info] fatal: not a git repository (or any of the parent directories): .git
2025-04-24 23:57:58.654 [info] > git rev-parse --show-toplevel [1ms]
2025-04-24 23:57:58.654 [info] fatal: not a git repository (or any of the parent directories): .git
2025-04-24 23:57:58.657 [info] > git rev-parse --show-toplevel [1ms]
2025-04-24 23:57:58.657 [info] fatal: not a git repository (or any of the parent directories): .git
2025-04-24 23:57:58.659 [info] > git rev-parse --show-toplevel [0ms]
2025-04-24 23:57:58.659 [info] fatal: not a git repository (or any of the parent directories): .git
2025-04-24 23:57:58.662 [info] > git rev-parse --show-toplevel [1ms]
2025-04-24 23:57:58.662 [info] fatal: not a git repository (or any of the parent directories): .git
2025-04-24 23:57:58.665 [info] > git rev-parse --show-toplevel [0ms]
2025-04-24 23:57:58.665 [info] fatal: not a git repository (or any of the parent directories): .git
2025-04-24 23:57:58.669 [info] > git rev-parse --show-toplevel [0ms]
2025-04-24 23:57:58.669 [info] fatal: not a git repository (or any of the parent directories): .git
2025-04-24 23:57:58.671 [info] > git rev-parse --show-toplevel [0ms]
2025-04-24 23:57:58.671 [info] fatal: not a git repository (or any of the parent directories): .git
2025-04-24 23:57:58.675 [info] > git rev-parse --show-toplevel [0ms]
2025-04-24 23:57:58.675 [info] fatal: not a git repository (or any of the parent directories): .git
2025-04-24 23:57:58.678 [info] > git rev-parse --show-toplevel [0ms]
2025-04-24 23:57:58.678 [info] fatal: not a git repository (or any of the parent directories): .git
2025-04-24 23:57:58.683 [info] > git rev-parse --show-toplevel [1ms]
2025-04-24 23:57:58.683 [info] fatal: not a git repository (or any of the parent directories): .git
2025-04-24 23:57:58.688 [info] > git rev-parse --show-toplevel [1ms]
2025-04-24 23:57:58.688 [info] fatal: not a git repository (or any of the parent directories): .git
2025-04-24 23:57:58.693 [info] > git rev-parse --show-toplevel [1ms]
2025-04-24 23:57:58.693 [info] fatal: not a git repository (or any of the parent directories): .git
2025-04-24 23:57:58.698 [info] > git rev-parse --show-toplevel [1ms]
2025-04-24 23:57:58.698 [info] fatal: not a git repository (or any of the parent directories): .git
2025-04-24 23:57:58.702 [info] > git rev-parse --show-toplevel [1ms]
2025-04-24 23:57:58.702 [info] fatal: not a git repository (or any of the parent directories): .git
2025-04-24 23:57:58.707 [info] > git rev-parse --show-toplevel [2ms]
2025-04-24 23:57:58.707 [info] fatal: not a git repository (or any of the parent directories): .git
2025-04-24 23:57:58.711 [info] > git rev-parse --show-toplevel [1ms]
2025-04-24 23:57:58.711 [info] fatal: not a git repository (or any of the parent directories): .git
2025-04-24 23:57:58.715 [info] > git rev-parse --show-toplevel [0ms]
2025-04-24 23:57:58.715 [info] fatal: not a git repository (or any of the parent directories): .git
2025-04-24 23:57:58.719 [info] > git rev-parse --show-toplevel [1ms]
2025-04-24 23:57:58.719 [info] fatal: not a git repository (or any of the parent directories): .git
2025-04-24 23:57:58.725 [info] > git rev-parse --show-toplevel [1ms]
2025-04-24 23:57:58.725 [info] fatal: not a git repository (or any of the parent directories): .git
2025-04-24 23:57:58.728 [info] [Model][doInitialScan] Initial repository scan completed - repositories (0), closed repositories (0), parent repositories (0), unsafe repositories (0)
2025-04-24 23:58:00.670 [info] > git rev-parse --show-toplevel [1ms]
2025-04-24 23:58:00.670 [info] fatal: not a git repository (or any of the parent directories): .git
