2025-05-05 19:19:14.740 [info] Added views:outline in workbench.view.explorer
2025-05-05 19:19:14.740 [info] Added views:workbench.view.search in workbench.view.search
2025-05-05 19:19:14.740 [info] Added views:workbench.scm in workbench.view.scm
2025-05-05 19:19:14.740 [info] Added views:workbench.panel.markers.view in workbench.panel.markers
2025-05-05 19:19:14.740 [info] Added views:workbench.panel.output in workbench.panel.output
2025-05-05 19:19:14.740 [info] Added views:terminal in terminal
2025-05-05 19:19:14.740 [info] Added views:timeline in workbench.view.explorer
2025-05-05 19:19:14.740 [info] Added views:workbench.explorer.emptyView in workbench.view.explorer
2025-05-05 19:19:14.831 [info] Added views:workbench.debug.variablesView,workbench.debug.watchExpressionsView,workbench.debug.callStackView,workbench.debug.breakPointsView in workbench.view.debug
2025-05-05 19:19:15.316 [info] Added views:workbench.panel.repl.view in workbench.panel.repl
2025-05-05 19:19:15.317 [info] Removed views:workbench.debug.breakPointsView,workbench.debug.callStackView,workbench.debug.watchExpressionsView,workbench.debug.variablesView from workbench.view.debug
2025-05-05 19:19:15.318 [info] Added views:workbench.debug.welcome in workbench.view.debug
2025-05-05 19:19:15.356 [info] Added views:~remote.forwardedPorts in ~remote.forwardedPortsContainer
2025-05-05 19:22:50.069 [info] Added views:workbench.views.extensions.installed,workbench.views.extensions.popular,extensions.recommendedList in workbench.view.extensions
2025-05-05 19:22:50.071 [info] Removed views:workbench.views.extensions.popular from workbench.view.extensions
2025-05-05 19:22:50.168 [info] Added views:workbench.views.extensions.popular in workbench.view.extensions
2025-05-05 19:22:59.364 [info] Removed views:extensions.recommendedList,workbench.views.extensions.popular,workbench.views.extensions.installed from workbench.view.extensions
2025-05-05 19:22:59.371 [info] Added views:workbench.views.extensions.marketplace in workbench.view.extensions
2025-05-05 19:23:24.787 [info] Removed views:workbench.views.extensions.marketplace from workbench.view.extensions
2025-05-05 19:23:24.798 [info] Added views:workbench.views.extensions.installed,workbench.views.extensions.popular,extensions.recommendedList in workbench.view.extensions
2025-05-05 19:23:25.813 [info] Removed views:extensions.recommendedList,workbench.views.extensions.popular,workbench.views.extensions.installed from workbench.view.extensions
2025-05-05 19:23:25.817 [info] Added views:workbench.views.extensions.marketplace in workbench.view.extensions
