{"logTime": "0326/145921", "correlationVector":"/O29fNkdSrOq6xkDMHKNb2.9","action":"GetUpdates", "result":"DeleteReceived", "context":{"id":"43ae9c37-1820-44df-a971-f71af459a84a", "isDeleted:":"true", "version":"1742002489711"}}
{"logTime": "0326/145921", "correlationVector":"/O29fNkdSrOq6xkDMHKNb2.10","action":"GetUpdates", "result":"DeleteReceived", "context":{"id":"b8ade864-4d8a-4bc2-a08e-5a1f9651f633", "isDeleted:":"true", "version":"1742315398973"}}
{"logTime": "0326/145921", "correlationVector":"/O29fNkdSrOq6xkDMHKNb2.11","action":"GetUpdates", "result":"DeleteReceived", "context":{"id":"538f0484-2f37-43bd-b72b-6fdcf92c99f4", "isDeleted:":"true", "version":"1742315398974"}}
{"logTime": "0326/145921", "correlationVector":"/O29fNkdSrOq6xkDMHKNb2.12","action":"GetUpdates", "result":"DeleteReceived", "context":{"id":"2b4cb890-25f8-4242-bca2-89215e34c22c", "isDeleted:":"true", "version":"1742348457936"}}
{"logTime": "0326/145921", "correlationVector":"/O29fNkdSrOq6xkDMHKNb2.13","action":"GetUpdates Response", "result":"Success", "context":Received 272 update(s). cV=/O29fNkdSrOq6xkDMHKNb2.0;server=akswtt00600000g;cloudType=Consumer;environment=Prod_southeastasia_prod-s01-064-apac-southeastasia;migrationStage=NotStarted Some updates remain.}
{"logTime": "0326/145921", "correlationVector":"D3rOhMAk+0LSdDBl+Q0dek","action":"Normal GetUpdate request", "result":"", "context":cV=D3rOhMAk+0LSdDBl+Q0dek
Nudged types: Extensions, Sessions, Extension settings, Device Info, History, Edge Hub App Usage
Refresh requested types: Bookmarks, Preferences, Passwords, Autofill Profiles, Autofill, Extensions, Sessions, Extension settings, History Delete Directives, Device Info, User Consents, Send Tab To Self, Web Apps, History, Collection, Edge E Drop, Edge Hub App Usage, Edge Tab Group, Edge Wallet, Encryption Keys}
{"logTime": "0326/145922", "correlationVector":"D3rOhMAk+0LSdDBl+Q0dek.1","action":"SyncServerConnectionManagerRequest", "result":"SYNC_SERVER_OK", "context":{"environment":"Prod_southeastasia_prod-s01-064-apac-southeastasia", "migrationStage":"NotStarted", "server":"akswtt00600002z"}}
{"logTime": "0326/145922", "correlationVector":"D3rOhMAk+0LSdDBl+Q0dek.2","action":"GetUpdates Response", "result":"Success", "context":Received 46 update(s). cV=D3rOhMAk+0LSdDBl+Q0dek.0;server=akswtt00600002z;cloudType=Consumer;environment=Prod_southeastasia_prod-s01-064-apac-southeastasia;migrationStage=NotStarted}
{"logTime": "0326/145922", "correlationVector":"AFC4ZlVtxv0s9YDm4yxmJ4","action":"Commit Request", "result":"", "context":Item count: 17
Contributing types: Extensions, Sessions, Extension settings, Device Info, History, Edge Hub App Usage}
{"logTime": "0326/145923", "correlationVector":"AFC4ZlVtxv0s9YDm4yxmJ4.1","action":"SyncServerConnectionManagerRequest", "result":"SYNC_SERVER_OK", "context":{"environment":"Prod_southeastasia_prod-s01-064-apac-southeastasia", "migrationStage":"NotStarted", "server":"akswtt00600002t"}}
{"logTime": "0326/145923", "correlationVector":"AFC4ZlVtxv0s9YDm4yxmJ4.3","action":"Commit.Edge Hub App Usage", "result":"Success", "context":{"id":"abf22e4a-ffd0-40dc-8879-d9d2dfa7ad64", "isDeleted":"true", "size":"0", "version":"1733238805490"}}
{"logTime": "0326/145923", "correlationVector":"AFC4ZlVtxv0s9YDm4yxmJ4.4","action":"Commit.Edge Hub App Usage", "result":"Success", "context":{"id":"251c9821-0b6b-452f-8403-aa4ea003eb01", "isDeleted":"true", "size":"0", "version":"1732346817553"}}
{"logTime": "0326/145923", "correlationVector":"AFC4ZlVtxv0s9YDm4yxmJ4.2","action":"Commit Response", "result":"Success", "context":Result: Success. cV=AFC4ZlVtxv0s9YDm4yxmJ4.0;server=akswtt00600002t;cloudType=Consumer;environment=Prod_southeastasia_prod-s01-064-apac-southeastasia;migrationStage=NotStarted}
{"logTime": "0326/145924", "correlationVector":"WhGoEajwLd6JGZWE3iAGJv","action":"SyncServerConnectionManagerRequest", "result":"SYNC_SERVER_ERROR", "context":{"environment":"", "error_type":"http_status_code", "error_value":"400", "migrationStage":"", "server":""}}
{"logTime": "0326/145924", "correlationVector":"rHJindi1usbPHNQ/pVq2Uc","action":"Poll GetUpdate request", "result":"", "context":cV=rHJindi1usbPHNQ/pVq2Uc}
{"logTime": "0326/145926", "correlationVector":"rHJindi1usbPHNQ/pVq2Uc.1","action":"SyncServerConnectionManagerRequest", "result":"SYNC_SERVER_OK", "context":{"environment":"Prod_southeastasia_prod-s01-064-apac-southeastasia", "migrationStage":"NotStarted", "server":"akswtt006000036"}}
{"logTime": "0326/145926", "correlationVector":"rHJindi1usbPHNQ/pVq2Uc.2","action":"GetUpdates", "result":"DeleteReceived", "context":{"id":"abf22e4a-ffd0-40dc-8879-d9d2dfa7ad64", "isDeleted:":"true", "version":"1743001162801"}}
{"logTime": "0326/145926", "correlationVector":"rHJindi1usbPHNQ/pVq2Uc.3","action":"GetUpdates", "result":"DeleteReceived", "context":{"id":"251c9821-0b6b-452f-8403-aa4ea003eb01", "isDeleted:":"true", "version":"1743001162802"}}
{"logTime": "0326/145926", "correlationVector":"rHJindi1usbPHNQ/pVq2Uc.4","action":"GetUpdates Response", "result":"Success", "context":Received 17 update(s). cV=rHJindi1usbPHNQ/pVq2Uc.0;server=akswtt006000036;cloudType=Consumer;environment=Prod_southeastasia_prod-s01-064-apac-southeastasia;migrationStage=NotStarted}
{"logTime": "0326/145926", "correlationVector":"pksqTcpVpFzbBJZdWw8iQX","action":"DoCompareDataConsistency: ", "result":"has local changes and skip compare"}
{"logTime": "0326/145926", "correlationVector":"pksqTcpVpFzbBJZdWw8iQX.0","action":"SyncServerConnectionManagerRequest", "result":"SYNC_SERVER_ERROR", "context":{"environment":"", "error_type":"http_status_code", "error_value":"400", "migrationStage":"", "server":""}}
{"logTime": "0326/145926", "correlationVector":"Dzi/DnVjEiwu67RAyv+bjW","action":"Commit Request", "result":"", "context":Item count: 7
Contributing types: Sessions, History}
{"logTime": "0326/145927", "correlationVector":"Dzi/DnVjEiwu67RAyv+bjW.1","action":"SyncServerConnectionManagerRequest", "result":"SYNC_SERVER_OK", "context":{"environment":"Prod_southeastasia_prod-s01-064-apac-southeastasia", "migrationStage":"NotStarted", "server":"akswtt00600001r"}}
{"logTime": "0326/145927", "correlationVector":"Dzi/DnVjEiwu67RAyv+bjW.2","action":"Commit Response", "result":"Success", "context":Result: Success. cV=Dzi/DnVjEiwu67RAyv+bjW.0;server=akswtt00600001r;cloudType=Consumer;environment=Prod_southeastasia_prod-s01-064-apac-southeastasia;migrationStage=NotStarted}
{"logTime": "0326/145956", "correlationVector":"ltztJV/1cJTaV/grR2axx6","action":"Commit Request", "result":"", "context":Item count: 28
Contributing types: Sessions, History}
{"logTime": "0326/145958", "correlationVector":"ltztJV/1cJTaV/grR2axx6.1","action":"SyncServerConnectionManagerRequest", "result":"SYNC_SERVER_OK", "context":{"environment":"Prod_southeastasia_prod-s01-064-apac-southeastasia", "migrationStage":"NotStarted", "server":"akswtt00600002d"}}
{"logTime": "0326/145958", "correlationVector":"ltztJV/1cJTaV/grR2axx6.2","action":"Commit Response", "result":"Success", "context":Result: Success. cV=ltztJV/1cJTaV/grR2axx6.0;server=akswtt00600002d;cloudType=Consumer;environment=Prod_southeastasia_prod-s01-064-apac-southeastasia;migrationStage=NotStarted}
{"logTime": "0326/150031", "correlationVector":"Ytudds5vVTJt+0KWoOlfbg","action":"Commit Request", "result":"", "context":Item count: 19
Contributing types: Sessions, History}
{"logTime": "0326/150032", "correlationVector":"Ytudds5vVTJt+0KWoOlfbg.1","action":"SyncServerConnectionManagerRequest", "result":"SYNC_SERVER_OK", "context":{"environment":"Prod_southeastasia_prod-s01-064-apac-southeastasia", "migrationStage":"NotStarted", "server":"akswtt00600000g"}}
{"logTime": "0326/150032", "correlationVector":"Ytudds5vVTJt+0KWoOlfbg.2","action":"Commit Response", "result":"Success", "context":Result: Success. cV=Ytudds5vVTJt+0KWoOlfbg.0;server=akswtt00600000g;cloudType=Consumer;environment=Prod_southeastasia_prod-s01-064-apac-southeastasia;migrationStage=NotStarted}
{"logTime": "0326/150117", "correlationVector":"kNttMI7jYp4qbtHjJFseN9","action":"Commit Request", "result":"", "context":Item count: 8
Contributing types: Sessions, History}
{"logTime": "0326/150117", "correlationVector":"kNttMI7jYp4qbtHjJFseN9.1","action":"SyncServerConnectionManagerRequest", "result":"SYNC_SERVER_OK", "context":{"environment":"Prod_southeastasia_prod-s01-064-apac-southeastasia", "migrationStage":"NotStarted", "server":"akswtt00600002z"}}
{"logTime": "0326/150117", "correlationVector":"kNttMI7jYp4qbtHjJFseN9.2","action":"Commit Response", "result":"Success", "context":Result: Success. cV=kNttMI7jYp4qbtHjJFseN9.0;server=akswtt00600002z;cloudType=Consumer;environment=Prod_southeastasia_prod-s01-064-apac-southeastasia;migrationStage=NotStarted}
{"logTime": "0326/150418", "correlationVector":"cKVFYqJr5yRlZd+OqPbsQx","action":"Normal GetUpdate request", "result":"", "context":cV=cKVFYqJr5yRlZd+OqPbsQx
Nudged types: Sessions, History
Refresh requested types: Bookmarks, Preferences, Passwords, Autofill Profiles, Autofill, Extensions, Sessions, Extension settings, History Delete Directives, Device Info, User Consents, Send Tab To Self, Web Apps, History, Collection, Edge E Drop, Edge Hub App Usage, Edge Tab Group, Edge Wallet, Encryption Keys}
{"logTime": "0326/150418", "correlationVector":"cKVFYqJr5yRlZd+OqPbsQx.1","action":"SyncServerConnectionManagerRequest", "result":"SYNC_SERVER_OK", "context":{"environment":"Prod_southeastasia_prod-s01-064-apac-southeastasia", "migrationStage":"NotStarted", "server":"akswtt00600002u"}}
{"logTime": "0326/150418", "correlationVector":"cKVFYqJr5yRlZd+OqPbsQx.2","action":"GetUpdates Response", "result":"Success", "context":Received 57 update(s). cV=cKVFYqJr5yRlZd+OqPbsQx.0;server=akswtt00600002u;cloudType=Consumer;environment=Prod_southeastasia_prod-s01-064-apac-southeastasia;migrationStage=NotStarted}
{"logTime": "0326/150418", "correlationVector":"RUwAPTG6PVut/9lhUH2002","action":"Commit Request", "result":"", "context":Item count: 6
Contributing types: Sessions, History}
{"logTime": "0326/150419", "correlationVector":"RUwAPTG6PVut/9lhUH2002.1","action":"SyncServerConnectionManagerRequest", "result":"SYNC_SERVER_OK", "context":{"environment":"Prod_southeastasia_prod-s01-064-apac-southeastasia", "migrationStage":"NotStarted", "server":"akswtt00600002v"}}
{"logTime": "0326/150419", "correlationVector":"RUwAPTG6PVut/9lhUH2002.2","action":"Commit Response", "result":"Success", "context":Result: Success. cV=RUwAPTG6PVut/9lhUH2002.0;server=akswtt00600002v;cloudType=Consumer;environment=Prod_southeastasia_prod-s01-064-apac-southeastasia;migrationStage=NotStarted}
{"logTime": "0326/150419", "correlationVector":"HkXFekmtB1L7JgS06LWymm","action":"SyncServerConnectionManagerRequest", "result":"SYNC_SERVER_ERROR", "context":{"environment":"", "error_type":"http_status_code", "error_value":"400", "migrationStage":"", "server":""}}
{"logTime": "0326/150545", "correlationVector":"piG3KcdPtPd4PgJBLzH/r7","action":"Commit Request", "result":"", "context":Item count: 10
Contributing types: Sessions, History}
{"logTime": "0326/150545", "correlationVector":"piG3KcdPtPd4PgJBLzH/r7.1","action":"SyncServerConnectionManagerRequest", "result":"SYNC_SERVER_OK", "context":{"environment":"Prod_southeastasia_prod-s01-064-apac-southeastasia", "migrationStage":"NotStarted", "server":"akswtt006000002"}}
{"logTime": "0326/150545", "correlationVector":"piG3KcdPtPd4PgJBLzH/r7.2","action":"Commit Response", "result":"Success", "context":Result: Success. cV=piG3KcdPtPd4PgJBLzH/r7.0;server=akswtt006000002;cloudType=Consumer;environment=Prod_southeastasia_prod-s01-064-apac-southeastasia;migrationStage=NotStarted}
{"logTime": "0326/150618", "correlationVector":"SNv2/10/tXKVYLm0cLRjn9","action":"Commit Request", "result":"", "context":Item count: 13
Contributing types: Sessions, History}
{"logTime": "0326/150619", "correlationVector":"SNv2/10/tXKVYLm0cLRjn9.1","action":"SyncServerConnectionManagerRequest", "result":"SYNC_SERVER_OK", "context":{"environment":"Prod_southeastasia_prod-s01-064-apac-southeastasia", "migrationStage":"NotStarted", "server":"akswtt00600002t"}}
{"logTime": "0326/150619", "correlationVector":"SNv2/10/tXKVYLm0cLRjn9.2","action":"Commit Response", "result":"Success", "context":Result: Success. cV=SNv2/10/tXKVYLm0cLRjn9.0;server=akswtt00600002t;cloudType=Consumer;environment=Prod_southeastasia_prod-s01-064-apac-southeastasia;migrationStage=NotStarted}
{"logTime": "0326/150700", "correlationVector":"aO+SphW+aNqcnDeY+837qQ","action":"Commit Request", "result":"", "context":Item count: 19
Contributing types: Sessions, History}
{"logTime": "0326/150701", "correlationVector":"aO+SphW+aNqcnDeY+837qQ.1","action":"SyncServerConnectionManagerRequest", "result":"SYNC_SERVER_OK", "context":{"environment":"Prod_southeastasia_prod-s01-064-apac-southeastasia", "migrationStage":"NotStarted", "server":"akswtt006000030"}}
{"logTime": "0326/150701", "correlationVector":"aO+SphW+aNqcnDeY+837qQ.2","action":"Commit Response", "result":"Success", "context":Result: Success. cV=aO+SphW+aNqcnDeY+837qQ.0;server=akswtt006000030;cloudType=Consumer;environment=Prod_southeastasia_prod-s01-064-apac-southeastasia;migrationStage=NotStarted}
{"logTime": "0326/151007", "correlationVector":"4U7tKhoUHXEkg8ljpOxajg","action":"Commit Request", "result":"", "context":Item count: 1
Contributing types: Sessions}
{"logTime": "0326/151008", "correlationVector":"4U7tKhoUHXEkg8ljpOxajg","action":"SyncServerConnectionManagerRequest", "result":"CONNECTION_UNAVAILABLE", "context":{"error_type":"net_error_code", "error_value":"-100"}}
{"logTime": "0326/151008", "correlationVector":"W6M8qc/Od1xwPb1kNnoEdj.0","action":"Commit Response", "result":"Network error (ERR_CONNECTION_CLOSED)", "context":Result: Network error (ERR_CONNECTION_CLOSED). }
{"logTime": "0326/151053", "correlationVector":"vXmWxngeLlhvQaJhWn3t6K","action":"Commit Request", "result":"", "context":Item count: 10
Contributing types: Sessions, History}
{"logTime": "0326/151054", "correlationVector":"vXmWxngeLlhvQaJhWn3t6K.1","action":"SyncServerConnectionManagerRequest", "result":"SYNC_SERVER_OK", "context":{"environment":"Prod_southeastasia_prod-s01-064-apac-southeastasia", "migrationStage":"NotStarted", "server":"akswtt00600002v"}}
{"logTime": "0326/151054", "correlationVector":"vXmWxngeLlhvQaJhWn3t6K.2","action":"Commit Response", "result":"Success", "context":Result: Success. cV=vXmWxngeLlhvQaJhWn3t6K.0;server=akswtt00600002v;cloudType=Consumer;environment=Prod_southeastasia_prod-s01-064-apac-southeastasia;migrationStage=NotStarted}
{"logTime": "0326/151139", "correlationVector":"KT8JGoWsjCPBMLKg7kdquA","action":"Commit Request", "result":"", "context":Item count: 7
Contributing types: Sessions, History}
{"logTime": "0326/151139", "correlationVector":"KT8JGoWsjCPBMLKg7kdquA.1","action":"SyncServerConnectionManagerRequest", "result":"SYNC_SERVER_OK", "context":{"environment":"Prod_southeastasia_prod-s01-064-apac-southeastasia", "migrationStage":"NotStarted", "server":"akswtt00600000c"}}
{"logTime": "0326/151139", "correlationVector":"KT8JGoWsjCPBMLKg7kdquA.2","action":"Commit Response", "result":"Success", "context":Result: Success. cV=KT8JGoWsjCPBMLKg7kdquA.0;server=akswtt00600000c;cloudType=Consumer;environment=Prod_southeastasia_prod-s01-064-apac-southeastasia;migrationStage=NotStarted}
{"logTime": "0326/151209", "correlationVector":"rwbrh9KIc52nAMEm2wMRyX","action":"Commit Request", "result":"", "context":Item count: 2
Contributing types: Sessions}
{"logTime": "0326/151210", "correlationVector":"rwbrh9KIc52nAMEm2wMRyX.1","action":"SyncServerConnectionManagerRequest", "result":"SYNC_SERVER_OK", "context":{"environment":"Prod_southeastasia_prod-s01-064-apac-southeastasia", "migrationStage":"NotStarted", "server":"akswtt00600000e"}}
{"logTime": "0326/151210", "correlationVector":"rwbrh9KIc52nAMEm2wMRyX.2","action":"Commit Response", "result":"Success", "context":Result: Success. cV=rwbrh9KIc52nAMEm2wMRyX.0;server=akswtt00600000e;cloudType=Consumer;environment=Prod_southeastasia_prod-s01-064-apac-southeastasia;migrationStage=NotStarted}
{"logTime": "0326/151554", "correlationVector":"ZvLTlDKaCsh8N9NCwDSDax","action":"Commit Request", "result":"", "context":Item count: 1
Contributing types: Sessions}
{"logTime": "0326/151555", "correlationVector":"ZvLTlDKaCsh8N9NCwDSDax.1","action":"SyncServerConnectionManagerRequest", "result":"SYNC_SERVER_OK", "context":{"environment":"Prod_southeastasia_prod-s01-064-apac-southeastasia", "migrationStage":"NotStarted", "server":"akswtt006000018"}}
{"logTime": "0326/151555", "correlationVector":"ZvLTlDKaCsh8N9NCwDSDax.2","action":"Commit Response", "result":"Success", "context":Result: Success. cV=ZvLTlDKaCsh8N9NCwDSDax.0;server=akswtt006000018;cloudType=Consumer;environment=Prod_southeastasia_prod-s01-064-apac-southeastasia;migrationStage=NotStarted}
{"logTime": "0326/151648", "correlationVector":"n8zLjCnJiu2jsjGXDisBJH","action":"Commit Request", "result":"", "context":Item count: 6
Contributing types: Sessions, History}
{"logTime": "0326/151648", "correlationVector":"n8zLjCnJiu2jsjGXDisBJH.1","action":"SyncServerConnectionManagerRequest", "result":"SYNC_SERVER_OK", "context":{"environment":"Prod_southeastasia_prod-s01-065-apac-southeastasia", "migrationStage":"NotStarted", "server":"akswtt006000014"}}
{"logTime": "0326/151648", "correlationVector":"n8zLjCnJiu2jsjGXDisBJH.2","action":"Commit Response", "result":"Success", "context":Result: Success. cV=n8zLjCnJiu2jsjGXDisBJH.0;server=akswtt006000014;cloudType=Consumer;environment=Prod_southeastasia_prod-s01-065-apac-southeastasia;migrationStage=NotStarted}
{"logTime": "0326/151746", "correlationVector":"oHgPRCOHrmqqyt5H+OHnS8","action":"Commit Request", "result":"", "context":Item count: 1
Contributing types: Sessions}
{"logTime": "0326/151747", "correlationVector":"oHgPRCOHrmqqyt5H+OHnS8.1","action":"SyncServerConnectionManagerRequest", "result":"SYNC_SERVER_OK", "context":{"environment":"Prod_southeastasia_prod-s01-064-apac-southeastasia", "migrationStage":"NotStarted", "server":"akswtt00600002k"}}
{"logTime": "0326/151747", "correlationVector":"oHgPRCOHrmqqyt5H+OHnS8.2","action":"Commit Response", "result":"Success", "context":Result: Success. cV=oHgPRCOHrmqqyt5H+OHnS8.0;server=akswtt00600002k;cloudType=Consumer;environment=Prod_southeastasia_prod-s01-064-apac-southeastasia;migrationStage=NotStarted}
{"logTime": "0326/152351", "correlationVector":"TkPSVAu4tcZwg+ncSj+sWd","action":"Commit Request", "result":"", "context":Item count: 9
Contributing types: Sessions, History}
{"logTime": "0326/152351", "correlationVector":"TkPSVAu4tcZwg+ncSj+sWd","action":"SyncServerConnectionManagerRequest", "result":"CONNECTION_UNAVAILABLE", "context":{"error_type":"net_error_code", "error_value":"-100"}}
{"logTime": "0326/152351", "correlationVector":"brIlUiqt5VE08rYuBPjkwu.0","action":"Commit Response", "result":"Network error (ERR_CONNECTION_CLOSED)", "context":Result: Network error (ERR_CONNECTION_CLOSED). }
{"logTime": "0326/152436", "correlationVector":"MnPMNsBUbFjRorasSDsACO","action":"Commit Request", "result":"", "context":Item count: 17
Contributing types: Sessions, History}
{"logTime": "0326/152436", "correlationVector":"MnPMNsBUbFjRorasSDsACO","action":"SyncServerConnectionManagerRequest", "result":"CONNECTION_UNAVAILABLE", "context":{"error_type":"net_error_code", "error_value":"-100"}}
{"logTime": "0326/152436", "correlationVector":"KuoR0PSAodOa/CDtafH5P4.0","action":"Commit Response", "result":"Network error (ERR_CONNECTION_CLOSED)", "context":Result: Network error (ERR_CONNECTION_CLOSED). }
{"logTime": "0326/152544", "correlationVector":"kXJrT0DS5Fy3ra5pGtaHh/","action":"Commit Request", "result":"", "context":Item count: 17
Contributing types: Sessions, History}
{"logTime": "0326/152545", "correlationVector":"kXJrT0DS5Fy3ra5pGtaHh/.1","action":"SyncServerConnectionManagerRequest", "result":"SYNC_SERVER_OK", "context":{"environment":"Prod_southeastasia_prod-s01-064-apac-southeastasia", "migrationStage":"NotStarted", "server":"akswtt00600002q"}}
{"logTime": "0326/152545", "correlationVector":"kXJrT0DS5Fy3ra5pGtaHh/.2","action":"Commit Response", "result":"Success", "context":Result: Success. cV=kXJrT0DS5Fy3ra5pGtaHh/.0;server=akswtt00600002q;cloudType=Consumer;environment=Prod_southeastasia_prod-s01-064-apac-southeastasia;migrationStage=NotStarted}
{"logTime": "0326/152648", "correlationVector":"JFMnRDTy0r6/uWrvzTgLUS","action":"Commit Request", "result":"", "context":Item count: 6
Contributing types: Sessions, History}
{"logTime": "0326/152648", "correlationVector":"JFMnRDTy0r6/uWrvzTgLUS.1","action":"SyncServerConnectionManagerRequest", "result":"SYNC_SERVER_OK", "context":{"environment":"Prod_southeastasia_prod-s01-064-apac-southeastasia", "migrationStage":"NotStarted", "server":"akswtt00600002e"}}
{"logTime": "0326/152648", "correlationVector":"JFMnRDTy0r6/uWrvzTgLUS.3","action":"Commit.Sessions", "result":"Success", "context":{"id":"ac12f681-d5df-4a60-a59d-e80f0734d5a8", "isDeleted":"true", "size":"0", "version":"1743002744993"}}
{"logTime": "0326/152648", "correlationVector":"JFMnRDTy0r6/uWrvzTgLUS.4","action":"Commit.Sessions", "result":"Success", "context":{"id":"57affbcd-93fb-4fc2-bd15-952607c63d19", "isDeleted":"true", "size":"0", "version":"1743002744996"}}
{"logTime": "0326/152648", "correlationVector":"JFMnRDTy0r6/uWrvzTgLUS.5","action":"Commit.Sessions", "result":"Success", "context":{"id":"0dd8fc9f-e236-49c1-9d25-8137aa9a082e", "isDeleted":"true", "size":"0", "version":"1743002744999"}}
{"logTime": "0326/152648", "correlationVector":"JFMnRDTy0r6/uWrvzTgLUS.2","action":"Commit Response", "result":"Success", "context":Result: Success. cV=JFMnRDTy0r6/uWrvzTgLUS.0;server=akswtt00600002e;cloudType=Consumer;environment=Prod_southeastasia_prod-s01-064-apac-southeastasia;migrationStage=NotStarted}
{"logTime": "0326/152813", "correlationVector":"hvIa5HzPoFYhjC0Ujmrfjc","action":"Commit Request", "result":"", "context":Item count: 1
Contributing types: Sessions}
{"logTime": "0326/152813", "correlationVector":"hvIa5HzPoFYhjC0Ujmrfjc.1","action":"SyncServerConnectionManagerRequest", "result":"SYNC_SERVER_OK", "context":{"environment":"Prod_southeastasia_prod-s01-064-apac-southeastasia", "migrationStage":"NotStarted", "server":"akswtt006000030"}}
{"logTime": "0326/152813", "correlationVector":"hvIa5HzPoFYhjC0Ujmrfjc.2","action":"Commit Response", "result":"Success", "context":Result: Success. cV=hvIa5HzPoFYhjC0Ujmrfjc.0;server=akswtt006000030;cloudType=Consumer;environment=Prod_southeastasia_prod-s01-064-apac-southeastasia;migrationStage=NotStarted}
{"logTime": "0326/152948", "correlationVector":"qVCh3sHXBPb6frPYp7NR8+","action":"Commit Request", "result":"", "context":Item count: 1
Contributing types: Sessions}
{"logTime": "0326/152948", "correlationVector":"qVCh3sHXBPb6frPYp7NR8+.1","action":"SyncServerConnectionManagerRequest", "result":"SYNC_SERVER_OK", "context":{"environment":"Prod_southeastasia_prod-s01-064-apac-southeastasia", "migrationStage":"NotStarted", "server":"akswtt006000011"}}
{"logTime": "0326/152948", "correlationVector":"qVCh3sHXBPb6frPYp7NR8+.2","action":"Commit Response", "result":"Success", "context":Result: Success. cV=qVCh3sHXBPb6frPYp7NR8+.0;server=akswtt006000011;cloudType=Consumer;environment=Prod_southeastasia_prod-s01-064-apac-southeastasia;migrationStage=NotStarted}
{"logTime": "0326/153138", "correlationVector":"GO4o6uGhek5lDjJLm7EIi9","action":"Commit Request", "result":"", "context":Item count: 6
Contributing types: Sessions, History}
{"logTime": "0326/153139", "correlationVector":"GO4o6uGhek5lDjJLm7EIi9.1","action":"SyncServerConnectionManagerRequest", "result":"SYNC_SERVER_OK", "context":{"environment":"Prod_southeastasia_prod-s01-064-apac-southeastasia", "migrationStage":"NotStarted", "server":"akswtt006000019"}}
{"logTime": "0326/153139", "correlationVector":"GO4o6uGhek5lDjJLm7EIi9.2","action":"Commit Response", "result":"Success", "context":Result: Success. cV=GO4o6uGhek5lDjJLm7EIi9.0;server=akswtt006000019;cloudType=Consumer;environment=Prod_southeastasia_prod-s01-064-apac-southeastasia;migrationStage=NotStarted}
{"logTime": "0326/153353", "correlationVector":"a7TIsG3hx/fQA0yhJWvbXW","action":"Commit Request", "result":"", "context":Item count: 4
Contributing types: Sessions, History}
{"logTime": "0326/153353", "correlationVector":"a7TIsG3hx/fQA0yhJWvbXW","action":"SyncServerConnectionManagerRequest", "result":"CONNECTION_UNAVAILABLE", "context":{"error_type":"net_error_code", "error_value":"-100"}}
{"logTime": "0326/153353", "correlationVector":"5aX26Vkt6U3GkL+196L7/+.0","action":"Commit Response", "result":"Network error (ERR_CONNECTION_CLOSED)", "context":Result: Network error (ERR_CONNECTION_CLOSED). }
{"logTime": "0326/153438", "correlationVector":"61HCJ5whu9ABVcLchkDSw+","action":"Commit Request", "result":"", "context":Item count: 4
Contributing types: Sessions, History}
{"logTime": "0326/153439", "correlationVector":"61HCJ5whu9ABVcLchkDSw+.1","action":"SyncServerConnectionManagerRequest", "result":"SYNC_SERVER_OK", "context":{"environment":"Prod_southeastasia_prod-s01-064-apac-southeastasia", "migrationStage":"NotStarted", "server":"akswtt006000005"}}
{"logTime": "0326/153439", "correlationVector":"61HCJ5whu9ABVcLchkDSw+.2","action":"Commit Response", "result":"Success", "context":Result: Success. cV=61HCJ5whu9ABVcLchkDSw+.0;server=akswtt006000005;cloudType=Consumer;environment=Prod_southeastasia_prod-s01-064-apac-southeastasia;migrationStage=NotStarted}
{"logTime": "0326/154251", "correlationVector":"EMGslQq0qeks3mLXWFzwOF","action":"Commit Request", "result":"", "context":Item count: 9
Contributing types: Sessions, History}
{"logTime": "0326/154252", "correlationVector":"EMGslQq0qeks3mLXWFzwOF.1","action":"SyncServerConnectionManagerRequest", "result":"SYNC_SERVER_OK", "context":{"environment":"Prod_southeastasia_prod-s01-064-apac-southeastasia", "migrationStage":"NotStarted", "server":"akswtt006000024"}}
{"logTime": "0326/154252", "correlationVector":"EMGslQq0qeks3mLXWFzwOF.2","action":"Commit Response", "result":"Success", "context":Result: Success. cV=EMGslQq0qeks3mLXWFzwOF.0;server=akswtt006000024;cloudType=Consumer;environment=Prod_southeastasia_prod-s01-064-apac-southeastasia;migrationStage=NotStarted}
{"logTime": "0326/154336", "correlationVector":"ZqlP8v7kwXRjdPRWelaKbd","action":"Commit Request", "result":"", "context":Item count: 7
Contributing types: Sessions, History}
{"logTime": "0326/154337", "correlationVector":"ZqlP8v7kwXRjdPRWelaKbd.1","action":"SyncServerConnectionManagerRequest", "result":"SYNC_SERVER_OK", "context":{"environment":"Prod_southeastasia_prod-s01-064-apac-southeastasia", "migrationStage":"NotStarted", "server":"akswtt00600000n"}}
{"logTime": "0326/154337", "correlationVector":"ZqlP8v7kwXRjdPRWelaKbd.2","action":"Commit Response", "result":"Success", "context":Result: Success. cV=ZqlP8v7kwXRjdPRWelaKbd.0;server=akswtt00600000n;cloudType=Consumer;environment=Prod_southeastasia_prod-s01-064-apac-southeastasia;migrationStage=NotStarted}
{"logTime": "0326/154450", "correlationVector":"yokmgZ2cHnN+FgR5xuOy/t","action":"Commit Request", "result":"", "context":Item count: 13
Contributing types: Sessions, History}
{"logTime": "0326/154451", "correlationVector":"yokmgZ2cHnN+FgR5xuOy/t.1","action":"SyncServerConnectionManagerRequest", "result":"SYNC_SERVER_OK", "context":{"environment":"Prod_southeastasia_prod-s01-064-apac-southeastasia", "migrationStage":"NotStarted", "server":"akswtt00600001g"}}
{"logTime": "0326/154451", "correlationVector":"yokmgZ2cHnN+FgR5xuOy/t.2","action":"Commit Response", "result":"Success", "context":Result: Success. cV=yokmgZ2cHnN+FgR5xuOy/t.0;server=akswtt00600001g;cloudType=Consumer;environment=Prod_southeastasia_prod-s01-064-apac-southeastasia;migrationStage=NotStarted}
{"logTime": "0326/154528", "correlationVector":"l4e/A/fzhuh4Urv1kBUQ4R","action":"Commit Request", "result":"", "context":Item count: 18
Contributing types: Sessions, History}
{"logTime": "0326/154529", "correlationVector":"l4e/A/fzhuh4Urv1kBUQ4R.1","action":"SyncServerConnectionManagerRequest", "result":"SYNC_SERVER_OK", "context":{"environment":"Prod_southeastasia_prod-s01-064-apac-southeastasia", "migrationStage":"NotStarted", "server":"akswtt00600000v"}}
{"logTime": "0326/154529", "correlationVector":"l4e/A/fzhuh4Urv1kBUQ4R.3","action":"Commit.Sessions", "result":"Success", "context":{"id":"0cc7dfa2-3860-424d-80dd-d1ecb58ae4f7", "isDeleted":"true", "size":"0", "version":"1743003890798"}}
{"logTime": "0326/154529", "correlationVector":"l4e/A/fzhuh4Urv1kBUQ4R.4","action":"Commit.Sessions", "result":"Success", "context":{"id":"52aa202d-ea47-4bd7-a767-b6c551ffbfea", "isDeleted":"true", "size":"0", "version":"1743003890800"}}
{"logTime": "0326/154529", "correlationVector":"l4e/A/fzhuh4Urv1kBUQ4R.2","action":"Commit Response", "result":"Success", "context":Result: Success. cV=l4e/A/fzhuh4Urv1kBUQ4R.0;server=akswtt00600000v;cloudType=Consumer;environment=Prod_southeastasia_prod-s01-064-apac-southeastasia;migrationStage=NotStarted}
{"logTime": "0326/154605", "correlationVector":"xJ4iqyyqXYLdOAni4eVQ4G","action":"Commit Request", "result":"", "context":Item count: 10
Contributing types: Sessions, History}
{"logTime": "0326/154606", "correlationVector":"xJ4iqyyqXYLdOAni4eVQ4G.1","action":"SyncServerConnectionManagerRequest", "result":"SYNC_SERVER_OK", "context":{"environment":"Prod_southeastasia_prod-s01-064-apac-southeastasia", "migrationStage":"NotStarted", "server":"akswtt006000028"}}
{"logTime": "0326/154606", "correlationVector":"xJ4iqyyqXYLdOAni4eVQ4G.2","action":"Commit Response", "result":"Success", "context":Result: Success. cV=xJ4iqyyqXYLdOAni4eVQ4G.0;server=akswtt006000028;cloudType=Consumer;environment=Prod_southeastasia_prod-s01-064-apac-southeastasia;migrationStage=NotStarted}
{"logTime": "0326/154641", "correlationVector":"CrsDw1jCIIYCj+G/on6PTg","action":"Commit Request", "result":"", "context":Item count: 5
Contributing types: Sessions, History}
{"logTime": "0326/154641", "correlationVector":"CrsDw1jCIIYCj+G/on6PTg.1","action":"SyncServerConnectionManagerRequest", "result":"SYNC_SERVER_OK", "context":{"environment":"Prod_southeastasia_prod-s01-064-apac-southeastasia", "migrationStage":"NotStarted", "server":"akswtt00600001o"}}
{"logTime": "0326/154641", "correlationVector":"CrsDw1jCIIYCj+G/on6PTg.2","action":"Commit Response", "result":"Success", "context":Result: Success. cV=CrsDw1jCIIYCj+G/on6PTg.0;server=akswtt00600001o;cloudType=Consumer;environment=Prod_southeastasia_prod-s01-064-apac-southeastasia;migrationStage=NotStarted}
{"logTime": "0326/154848", "correlationVector":"FyLIRnBl0Ukt01TzsJ4e1r","action":"Commit Request", "result":"", "context":Item count: 11
Contributing types: Sessions, History}
{"logTime": "0326/154851", "correlationVector":"FyLIRnBl0Ukt01TzsJ4e1r.1","action":"SyncServerConnectionManagerRequest", "result":"SYNC_SERVER_OK", "context":{"environment":"Prod_japaneast_prod-s01-061-apac-japaneast", "migrationStage":"NotStarted", "server":"akswtt00600000u"}}
{"logTime": "0326/154851", "correlationVector":"FyLIRnBl0Ukt01TzsJ4e1r.2","action":"Commit Response", "result":"Success", "context":Result: Success. cV=FyLIRnBl0Ukt01TzsJ4e1r.0;server=akswtt00600000u;cloudType=Consumer;environment=Prod_japaneast_prod-s01-061-apac-japaneast;migrationStage=NotStarted}
{"logTime": "0326/154922", "correlationVector":"HFSnUENrqOfL0yRDk1SKOl","action":"Commit Request", "result":"", "context":Item count: 17
Contributing types: Sessions, History}
{"logTime": "0326/154923", "correlationVector":"HFSnUENrqOfL0yRDk1SKOl.1","action":"SyncServerConnectionManagerRequest", "result":"SYNC_SERVER_OK", "context":{"environment":"Prod_japaneast_prod-s01-061-apac-japaneast", "migrationStage":"NotStarted", "server":"akswtt00600003s"}}
{"logTime": "0326/154923", "correlationVector":"HFSnUENrqOfL0yRDk1SKOl.2","action":"Commit Response", "result":"Success", "context":Result: Success. cV=HFSnUENrqOfL0yRDk1SKOl.0;server=akswtt00600003s;cloudType=Consumer;environment=Prod_japaneast_prod-s01-061-apac-japaneast;migrationStage=NotStarted}
{"logTime": "0326/155004", "correlationVector":"i8RdC1nZZ3bnkfZjTDCvfa","action":"Commit Request", "result":"", "context":Item count: 9
Contributing types: Sessions, History}
{"logTime": "0326/155004", "correlationVector":"i8RdC1nZZ3bnkfZjTDCvfa.1","action":"SyncServerConnectionManagerRequest", "result":"SYNC_SERVER_OK", "context":{"environment":"Prod_japaneast_prod-s01-061-apac-japaneast", "migrationStage":"NotStarted", "server":"akswtt006000004"}}
{"logTime": "0326/155004", "correlationVector":"i8RdC1nZZ3bnkfZjTDCvfa.2","action":"Commit Response", "result":"Success", "context":Result: Success. cV=i8RdC1nZZ3bnkfZjTDCvfa.0;server=akswtt006000004;cloudType=Consumer;environment=Prod_japaneast_prod-s01-061-apac-japaneast;migrationStage=NotStarted}
{"logTime": "0326/155132", "correlationVector":"vVnfO24cFMLbO+tpe+RslO","action":"Commit Request", "result":"", "context":Item count: 4
Contributing types: Sessions, History}
{"logTime": "0326/155132", "correlationVector":"vVnfO24cFMLbO+tpe+RslO","action":"SyncServerConnectionManagerRequest", "result":"CONNECTION_UNAVAILABLE", "context":{"error_type":"net_error_code", "error_value":"-100"}}
{"logTime": "0326/155132", "correlationVector":"SczSrnc3jfFEspPMqb6m4L.0","action":"Commit Response", "result":"Network error (ERR_CONNECTION_CLOSED)", "context":Result: Network error (ERR_CONNECTION_CLOSED). }
{"logTime": "0326/155247", "correlationVector":"wzObX1Etnl1yiH5QGkhq1l","action":"Commit Request", "result":"", "context":Item count: 4
Contributing types: Sessions, History}
{"logTime": "0326/155248", "correlationVector":"wzObX1Etnl1yiH5QGkhq1l.1","action":"SyncServerConnectionManagerRequest", "result":"SYNC_SERVER_OK", "context":{"environment":"Prod_southeastasia_prod-s01-064-apac-southeastasia", "migrationStage":"NotStarted", "server":"akswtt006000034"}}
{"logTime": "0326/155248", "correlationVector":"wzObX1Etnl1yiH5QGkhq1l.3","action":"Commit.Sessions", "result":"Success", "context":{"id":"92d00be0-06e6-4cad-854b-f64fba04b05b", "isDeleted":"true", "size":"0", "version":"1743004204288"}}
{"logTime": "0326/155248", "correlationVector":"wzObX1Etnl1yiH5QGkhq1l.2","action":"Commit Response", "result":"Success", "context":Result: Success. cV=wzObX1Etnl1yiH5QGkhq1l.0;server=akswtt006000034;cloudType=Consumer;environment=Prod_southeastasia_prod-s01-064-apac-southeastasia;migrationStage=NotStarted}
{"logTime": "0326/155346", "correlationVector":"/Udl8XxPuo41SpdjX/eFNW","action":"Commit Request", "result":"", "context":Item count: 12
Contributing types: Sessions, History}
{"logTime": "0326/155347", "correlationVector":"/Udl8XxPuo41SpdjX/eFNW.1","action":"SyncServerConnectionManagerRequest", "result":"SYNC_SERVER_OK", "context":{"environment":"Prod_southeastasia_prod-s01-064-apac-southeastasia", "migrationStage":"NotStarted", "server":"akswtt006000006"}}
{"logTime": "0326/155347", "correlationVector":"/Udl8XxPuo41SpdjX/eFNW.2","action":"Commit Response", "result":"Success", "context":Result: Success. cV=/Udl8XxPuo41SpdjX/eFNW.0;server=akswtt006000006;cloudType=Consumer;environment=Prod_southeastasia_prod-s01-064-apac-southeastasia;migrationStage=NotStarted}
{"logTime": "0326/155507", "correlationVector":"KqttjAWJtDvs8gRIPaoTCE","action":"Commit Request", "result":"", "context":Item count: 11
Contributing types: Sessions, History}
{"logTime": "0326/155507", "correlationVector":"KqttjAWJtDvs8gRIPaoTCE.1","action":"SyncServerConnectionManagerRequest", "result":"SYNC_SERVER_OK", "context":{"environment":"Prod_southeastasia_prod-s01-064-apac-southeastasia", "migrationStage":"NotStarted", "server":"akswtt00600002b"}}
{"logTime": "0326/155507", "correlationVector":"KqttjAWJtDvs8gRIPaoTCE.2","action":"Commit Response", "result":"Success", "context":Result: Success. cV=KqttjAWJtDvs8gRIPaoTCE.0;server=akswtt00600002b;cloudType=Consumer;environment=Prod_southeastasia_prod-s01-064-apac-southeastasia;migrationStage=NotStarted}
{"logTime": "0326/155537", "correlationVector":"dewYcmmAHi3MHft4AfPUSi","action":"Commit Request", "result":"", "context":Item count: 9
Contributing types: Sessions, History}
{"logTime": "0326/155538", "correlationVector":"dewYcmmAHi3MHft4AfPUSi.1","action":"SyncServerConnectionManagerRequest", "result":"SYNC_SERVER_OK", "context":{"environment":"Prod_southeastasia_prod-s01-064-apac-southeastasia", "migrationStage":"NotStarted", "server":"akswtt00600000f"}}
{"logTime": "0326/155538", "correlationVector":"dewYcmmAHi3MHft4AfPUSi.2","action":"Commit Response", "result":"Success", "context":Result: Success. cV=dewYcmmAHi3MHft4AfPUSi.0;server=akswtt00600000f;cloudType=Consumer;environment=Prod_southeastasia_prod-s01-064-apac-southeastasia;migrationStage=NotStarted}
{"logTime": "0326/155609", "correlationVector":"9rerFyrKMxiThWaYcHnhjh","action":"Commit Request", "result":"", "context":Item count: 7
Contributing types: Sessions, History}
{"logTime": "0326/155610", "correlationVector":"9rerFyrKMxiThWaYcHnhjh.1","action":"SyncServerConnectionManagerRequest", "result":"SYNC_SERVER_OK", "context":{"environment":"Prod_southeastasia_prod-s01-064-apac-southeastasia", "migrationStage":"NotStarted", "server":"akswtt00600001v"}}
{"logTime": "0326/155610", "correlationVector":"9rerFyrKMxiThWaYcHnhjh.2","action":"Commit Response", "result":"Success", "context":Result: Success. cV=9rerFyrKMxiThWaYcHnhjh.0;server=akswtt00600001v;cloudType=Consumer;environment=Prod_southeastasia_prod-s01-064-apac-southeastasia;migrationStage=NotStarted}
{"logTime": "0326/155640", "correlationVector":"+bowWR8wj0M0sqSDUos8uU","action":"Commit Request", "result":"", "context":Item count: 19
Contributing types: Sessions, History}
{"logTime": "0326/155641", "correlationVector":"+bowWR8wj0M0sqSDUos8uU.1","action":"SyncServerConnectionManagerRequest", "result":"SYNC_SERVER_OK", "context":{"environment":"Prod_southeastasia_prod-s01-064-apac-southeastasia", "migrationStage":"NotStarted", "server":"akswtt00600002r"}}
{"logTime": "0326/155641", "correlationVector":"+bowWR8wj0M0sqSDUos8uU.2","action":"Commit Response", "result":"Success", "context":Result: Success. cV=+bowWR8wj0M0sqSDUos8uU.0;server=akswtt00600002r;cloudType=Consumer;environment=Prod_southeastasia_prod-s01-064-apac-southeastasia;migrationStage=NotStarted}
{"logTime": "0326/155711", "correlationVector":"y/TcSdBA3Bi3vN4rGvkROm","action":"Commit Request", "result":"", "context":Item count: 28
Contributing types: Sessions, History}
{"logTime": "0326/155712", "correlationVector":"y/TcSdBA3Bi3vN4rGvkROm.1","action":"SyncServerConnectionManagerRequest", "result":"SYNC_SERVER_OK", "context":{"environment":"Prod_southeastasia_prod-s01-064-apac-southeastasia", "migrationStage":"NotStarted", "server":"akswtt006000001"}}
{"logTime": "0326/155712", "correlationVector":"y/TcSdBA3Bi3vN4rGvkROm.2","action":"Commit Response", "result":"Success", "context":Result: Success. cV=y/TcSdBA3Bi3vN4rGvkROm.0;server=akswtt006000001;cloudType=Consumer;environment=Prod_southeastasia_prod-s01-064-apac-southeastasia;migrationStage=NotStarted}
{"logTime": "0326/155742", "correlationVector":"WQ5Mi5ZueSDvSTjrAdcpsf","action":"Commit Request", "result":"", "context":Item count: 11
Contributing types: Sessions, History}
{"logTime": "0326/155742", "correlationVector":"WQ5Mi5ZueSDvSTjrAdcpsf.1","action":"SyncServerConnectionManagerRequest", "result":"SYNC_SERVER_OK", "context":{"environment":"Prod_southeastasia_prod-s01-064-apac-southeastasia", "migrationStage":"NotStarted", "server":"akswtt00600002g"}}
{"logTime": "0326/155742", "correlationVector":"WQ5Mi5ZueSDvSTjrAdcpsf.2","action":"Commit Response", "result":"Success", "context":Result: Success. cV=WQ5Mi5ZueSDvSTjrAdcpsf.0;server=akswtt00600002g;cloudType=Consumer;environment=Prod_southeastasia_prod-s01-064-apac-southeastasia;migrationStage=NotStarted}
{"logTime": "0326/155831", "correlationVector":"d0oEq9LWwKzoZJqe9fhm3h","action":"Commit Request", "result":"", "context":Item count: 9
Contributing types: Sessions, History}
{"logTime": "0326/155832", "correlationVector":"d0oEq9LWwKzoZJqe9fhm3h.1","action":"SyncServerConnectionManagerRequest", "result":"SYNC_SERVER_OK", "context":{"environment":"Prod_southeastasia_prod-s01-064-apac-southeastasia", "migrationStage":"NotStarted", "server":"akswtt00600000f"}}
{"logTime": "0326/155832", "correlationVector":"d0oEq9LWwKzoZJqe9fhm3h.2","action":"Commit Response", "result":"Success", "context":Result: Success. cV=d0oEq9LWwKzoZJqe9fhm3h.0;server=akswtt00600000f;cloudType=Consumer;environment=Prod_southeastasia_prod-s01-064-apac-southeastasia;migrationStage=NotStarted}
{"logTime": "0327/152950", "correlationVector":"XI8wrd8LchBNaLM7g/VTl4","action":"Normal GetUpdate request", "result":"", "context":cV=XI8wrd8LchBNaLM7g/VTl4
Nudged types: Extensions, Sessions, Device Info
Refresh requested types: Bookmarks, Preferences, Passwords, Autofill Profiles, Autofill, Extensions, Sessions, Extension settings, History Delete Directives, Device Info, User Consents, Send Tab To Self, Web Apps, History, Collection, Edge E Drop, Edge Hub App Usage, Edge Tab Group, Edge Wallet, Encryption Keys}
{"logTime": "0327/152951", "correlationVector":"XI8wrd8LchBNaLM7g/VTl4.1","action":"SyncServerConnectionManagerRequest", "result":"SYNC_SERVER_OK", "context":{"environment":"Prod_japaneast_prod-s01-061-apac-japaneast", "migrationStage":"NotStarted", "server":"akswtt006000034"}}
{"logTime": "0327/152951", "correlationVector":"XI8wrd8LchBNaLM7g/VTl4.2","action":"GetUpdates", "result":"DeleteReceived", "context":{"id":"ac12f681-d5df-4a60-a59d-e80f0734d5a8", "isDeleted:":"true", "version":"1743002808550"}}
{"logTime": "0327/152951", "correlationVector":"XI8wrd8LchBNaLM7g/VTl4.3","action":"GetUpdates", "result":"DeleteReceived", "context":{"id":"57affbcd-93fb-4fc2-bd15-952607c63d19", "isDeleted:":"true", "version":"1743002808551"}}
{"logTime": "0327/152951", "correlationVector":"XI8wrd8LchBNaLM7g/VTl4.4","action":"GetUpdates", "result":"DeleteReceived", "context":{"id":"0dd8fc9f-e236-49c1-9d25-8137aa9a082e", "isDeleted:":"true", "version":"1743002808553"}}
{"logTime": "0327/152951", "correlationVector":"XI8wrd8LchBNaLM7g/VTl4.5","action":"GetUpdates", "result":"DeleteReceived", "context":{"id":"0cc7dfa2-3860-424d-80dd-d1ecb58ae4f7", "isDeleted:":"true", "version":"1743003929173"}}
{"logTime": "0327/152951", "correlationVector":"XI8wrd8LchBNaLM7g/VTl4.6","action":"GetUpdates", "result":"DeleteReceived", "context":{"id":"52aa202d-ea47-4bd7-a767-b6c551ffbfea", "isDeleted:":"true", "version":"1743003929175"}}
{"logTime": "0327/152951", "correlationVector":"XI8wrd8LchBNaLM7g/VTl4.7","action":"GetUpdates", "result":"DeleteReceived", "context":{"id":"92d00be0-06e6-4cad-854b-f64fba04b05b", "isDeleted:":"true", "version":"1743004368127"}}
{"logTime": "0327/152951", "correlationVector":"XI8wrd8LchBNaLM7g/VTl4.8","action":"GetUpdates Response", "result":"Success", "context":Received 21 update(s). cV=XI8wrd8LchBNaLM7g/VTl4.0;server=akswtt006000034;cloudType=Consumer;environment=Prod_japaneast_prod-s01-061-apac-japaneast;migrationStage=NotStarted}
{"logTime": "0327/152951", "correlationVector":"2H+46ScC21h4aSk/RfS8J5","action":"Commit Request", "result":"", "context":Item count: 19
Contributing types: Extensions, Sessions, Device Info}
{"logTime": "0327/152952", "correlationVector":"2H+46ScC21h4aSk/RfS8J5.1","action":"SyncServerConnectionManagerRequest", "result":"SYNC_SERVER_OK", "context":{"environment":"Prod_japaneast_prod-s01-061-apac-japaneast", "migrationStage":"NotStarted", "server":"akswtt00600000v"}}
{"logTime": "0327/152952", "correlationVector":"2H+46ScC21h4aSk/RfS8J5.3","action":"Commit.Sessions", "result":"Success", "context":{"id":"24577d1e-75e8-42cc-bdd2-f5bb209b395b", "isDeleted":"true", "size":"0", "version":"1743004711960"}}
{"logTime": "0327/152952", "correlationVector":"2H+46ScC21h4aSk/RfS8J5.2","action":"Commit Response", "result":"Success", "context":Result: Success. cV=2H+46ScC21h4aSk/RfS8J5.0;server=akswtt00600000v;cloudType=Consumer;environment=Prod_japaneast_prod-s01-061-apac-japaneast;migrationStage=NotStarted}
{"logTime": "0327/152952", "correlationVector":"2H+46ScC21h4aSk/RfS8J5.4","action":"Commit.Sessions", "result":"Success", "context":{"id":"b3a16934-0199-473d-a6a3-19c488f916f9", "isDeleted":"true", "size":"0", "version":"1743001277551"}}
{"logTime": "0327/152952", "correlationVector":"2H+46ScC21h4aSk/RfS8J5.5","action":"Commit.Sessions", "result":"Success", "context":{"id":"5e255199-06dc-4049-960d-4a9ebbd8df98", "isDeleted":"true", "size":"0", "version":"1743001621192"}}
{"logTime": "0327/152952", "correlationVector":"2H+46ScC21h4aSk/RfS8J5.6","action":"Commit.Sessions", "result":"Success", "context":{"id":"3598423c-9d8b-4731-84ed-043d5ca8c4b2", "isDeleted":"true", "size":"0", "version":"1743003929171"}}
{"logTime": "0327/152952", "correlationVector":"2H+46ScC21h4aSk/RfS8J5.7","action":"Commit.Sessions", "result":"Success", "context":{"id":"ca6559ec-560b-48bf-8006-155bf84f3fcd", "isDeleted":"true", "size":"0", "version":"1743003929172"}}
{"logTime": "0327/152952", "correlationVector":"2H+46ScC21h4aSk/RfS8J5.8","action":"Commit.Sessions", "result":"Success", "context":{"id":"cf3fcc21-7d3b-46f5-b8ed-b40343d3ff4c", "isDeleted":"true", "size":"0", "version":"1743002893112"}}
{"logTime": "0327/152952", "correlationVector":"2H+46ScC21h4aSk/RfS8J5.9","action":"Commit.Sessions", "result":"Success", "context":{"id":"df0089a6-f5f3-4c5b-a6d6-29677764ca7b", "isDeleted":"true", "size":"0", "version":"1743002744994"}}
{"logTime": "0327/152952", "correlationVector":"2H+46ScC21h4aSk/RfS8J5.10","action":"Commit.Sessions", "result":"Success", "context":{"id":"5495faac-fd52-4d5f-984f-d5cb8354caf6", "isDeleted":"true", "size":"0", "version":"1743004711961"}}
{"logTime": "0327/152952", "correlationVector":"2H+46ScC21h4aSk/RfS8J5.11","action":"Commit.Sessions", "result":"Success", "context":{"id":"b86811ca-d903-4359-be89-c5bd8c31afcc", "isDeleted":"true", "size":"0", "version":"1743002744995"}}
{"logTime": "0327/152952", "correlationVector":"2H+46ScC21h4aSk/RfS8J5.12","action":"Commit.Sessions", "result":"Success", "context":{"id":"d4700f7e-f650-44f8-9988-b7ab768e2ed7", "isDeleted":"true", "size":"0", "version":"1743001621193"}}
{"logTime": "0327/152952", "correlationVector":"2H+46ScC21h4aSk/RfS8J5.13","action":"Commit.Sessions", "result":"Success", "context":{"id":"81432e5b-11ae-4559-9a61-35df6dedf945", "isDeleted":"true", "size":"0", "version":"1743001277555"}}
{"logTime": "0327/152952", "correlationVector":"2H+46ScC21h4aSk/RfS8J5.14","action":"Commit.Sessions", "result":"Success", "context":{"id":"805cc567-2c5d-4732-9b21-747c3381cb55", "isDeleted":"true", "size":"0", "version":"1743002744997"}}
{"logTime": "0327/152952", "correlationVector":"2H+46ScC21h4aSk/RfS8J5.15","action":"Commit.Sessions", "result":"Success", "context":{"id":"672ceb93-614e-4325-9f2a-a9c2689589b1", "isDeleted":"true", "size":"0", "version":"1743003099062"}}
{"logTime": "0327/152952", "correlationVector":"2H+46ScC21h4aSk/RfS8J5.16","action":"Commit.Sessions", "result":"Success", "context":{"id":"4065ffb8-d8ea-4bc9-8173-6e7bb30e7f50", "isDeleted":"true", "size":"0", "version":"1743003890801"}}
{"logTime": "0327/152952", "correlationVector":"2H+46ScC21h4aSk/RfS8J5.17","action":"Commit.Sessions", "result":"Success", "context":{"id":"b84620ad-4ffd-4fd3-954c-b2a2dc786df6", "isDeleted":"true", "size":"0", "version":"1743002745000"}}
{"logTime": "0327/152952", "correlationVector":"2H+46ScC21h4aSk/RfS8J5.18","action":"Commit.Sessions", "result":"Success", "context":{"id":"2ef0529b-9a7e-4fbc-a7a1-72ae240b2499", "isDeleted":"true", "size":"0", "version":"1743001459032"}}
{"logTime": "0327/152953", "correlationVector":"FUwBqyy3BunBaLBV1cmk2N","action":"SyncServerConnectionManagerRequest", "result":"SYNC_SERVER_OK", "context":{"environment":"", "migrationStage":"", "server":""}}
{"logTime": "0327/152953", "correlationVector":"2n8iu2ugcnX3L34JLpX/7I","action":"Poll GetUpdate request", "result":"", "context":cV=2n8iu2ugcnX3L34JLpX/7I}
{"logTime": "0327/152954", "correlationVector":"2n8iu2ugcnX3L34JLpX/7I.1","action":"SyncServerConnectionManagerRequest", "result":"SYNC_SERVER_OK", "context":{"environment":"Prod_japaneast_prod-s01-061-apac-japaneast", "migrationStage":"NotStarted", "server":"akswtt00600002g"}}
{"logTime": "0327/152954", "correlationVector":"2n8iu2ugcnX3L34JLpX/7I.2","action":"GetUpdates", "result":"DeleteReceived", "context":{"id":"24577d1e-75e8-42cc-bdd2-f5bb209b395b", "isDeleted:":"true", "version":"1743089391796"}}
{"logTime": "0327/152954", "correlationVector":"2n8iu2ugcnX3L34JLpX/7I.3","action":"GetUpdates", "result":"DeleteReceived", "context":{"id":"b3a16934-0199-473d-a6a3-19c488f916f9", "isDeleted:":"true", "version":"1743089391798"}}
{"logTime": "0327/152954", "correlationVector":"2n8iu2ugcnX3L34JLpX/7I.4","action":"GetUpdates", "result":"DeleteReceived", "context":{"id":"5e255199-06dc-4049-960d-4a9ebbd8df98", "isDeleted:":"true", "version":"1743089391799"}}
{"logTime": "0327/152954", "correlationVector":"2n8iu2ugcnX3L34JLpX/7I.5","action":"GetUpdates", "result":"DeleteReceived", "context":{"id":"3598423c-9d8b-4731-84ed-043d5ca8c4b2", "isDeleted:":"true", "version":"1743089391800"}}
{"logTime": "0327/152954", "correlationVector":"2n8iu2ugcnX3L34JLpX/7I.6","action":"GetUpdates", "result":"DeleteReceived", "context":{"id":"ca6559ec-560b-48bf-8006-155bf84f3fcd", "isDeleted:":"true", "version":"1743089391801"}}
{"logTime": "0327/152954", "correlationVector":"2n8iu2ugcnX3L34JLpX/7I.7","action":"GetUpdates", "result":"DeleteReceived", "context":{"id":"cf3fcc21-7d3b-46f5-b8ed-b40343d3ff4c", "isDeleted:":"true", "version":"1743089391802"}}
{"logTime": "0327/152954", "correlationVector":"2n8iu2ugcnX3L34JLpX/7I.8","action":"GetUpdates", "result":"DeleteReceived", "context":{"id":"df0089a6-f5f3-4c5b-a6d6-29677764ca7b", "isDeleted:":"true", "version":"1743089391803"}}
{"logTime": "0327/152954", "correlationVector":"2n8iu2ugcnX3L34JLpX/7I.9","action":"GetUpdates", "result":"DeleteReceived", "context":{"id":"5495faac-fd52-4d5f-984f-d5cb8354caf6", "isDeleted:":"true", "version":"1743089391804"}}
{"logTime": "0327/152954", "correlationVector":"2n8iu2ugcnX3L34JLpX/7I.10","action":"GetUpdates", "result":"DeleteReceived", "context":{"id":"b86811ca-d903-4359-be89-c5bd8c31afcc", "isDeleted:":"true", "version":"1743089391805"}}
{"logTime": "0327/152954", "correlationVector":"2n8iu2ugcnX3L34JLpX/7I.11","action":"GetUpdates", "result":"DeleteReceived", "context":{"id":"d4700f7e-f650-44f8-9988-b7ab768e2ed7", "isDeleted:":"true", "version":"1743089391806"}}
{"logTime": "0327/152954", "correlationVector":"2n8iu2ugcnX3L34JLpX/7I.12","action":"GetUpdates", "result":"DeleteReceived", "context":{"id":"81432e5b-11ae-4559-9a61-35df6dedf945", "isDeleted:":"true", "version":"1743089391807"}}
{"logTime": "0327/152954", "correlationVector":"2n8iu2ugcnX3L34JLpX/7I.13","action":"GetUpdates", "result":"DeleteReceived", "context":{"id":"805cc567-2c5d-4732-9b21-747c3381cb55", "isDeleted:":"true", "version":"1743089391808"}}
{"logTime": "0327/152954", "correlationVector":"2n8iu2ugcnX3L34JLpX/7I.14","action":"GetUpdates", "result":"DeleteReceived", "context":{"id":"672ceb93-614e-4325-9f2a-a9c2689589b1", "isDeleted:":"true", "version":"1743089391809"}}
{"logTime": "0327/152954", "correlationVector":"2n8iu2ugcnX3L34JLpX/7I.15","action":"GetUpdates", "result":"DeleteReceived", "context":{"id":"4065ffb8-d8ea-4bc9-8173-6e7bb30e7f50", "isDeleted:":"true", "version":"1743089391810"}}
{"logTime": "0327/152954", "correlationVector":"2n8iu2ugcnX3L34JLpX/7I.16","action":"GetUpdates", "result":"DeleteReceived", "context":{"id":"b84620ad-4ffd-4fd3-954c-b2a2dc786df6", "isDeleted:":"true", "version":"1743089391811"}}
{"logTime": "0327/152954", "correlationVector":"2n8iu2ugcnX3L34JLpX/7I.17","action":"GetUpdates", "result":"DeleteReceived", "context":{"id":"2ef0529b-9a7e-4fbc-a7a1-72ae240b2499", "isDeleted:":"true", "version":"1743089391812"}}
{"logTime": "0327/152954", "correlationVector":"2n8iu2ugcnX3L34JLpX/7I.18","action":"GetUpdates Response", "result":"Success", "context":Received 19 update(s). cV=2n8iu2ugcnX3L34JLpX/7I.0;server=akswtt00600002g;cloudType=Consumer;environment=Prod_japaneast_prod-s01-061-apac-japaneast;migrationStage=NotStarted}
{"logTime": "0327/152954", "correlationVector":"a917IXW632Fd7xOWaDHal8","action":"DoCompareDataConsistency requsted types: ", "result":"Bookmarks, Preferences, Passwords, Extensions, Extension settings, History Delete Directives, Send Tab To Self, Web Apps, History, Collection, Edge E Drop, Edge Tab Group, Edge Wallet, Encryption Keys"}
{"logTime": "0327/152954", "correlationVector":"a917IXW632Fd7xOWaDHal8.0","action":"CompareDataConsistency result: ", "result":"Compare result: Encryption Keys is consistent. local entities count is: 1 local entities hash is: Y4yBY3/OpxbrDUQQH/Ia1pvQhrI="}
{"logTime": "0327/152954", "correlationVector":"a917IXW632Fd7xOWaDHal8.1","action":"CompareDataConsistency result: ", "result":"Compare result: Bookmarks is consistent. local entities count is: 386 local entities hash is: 8kuB5ptzSj+hUiaXpAiWPucN8fM="}
{"logTime": "0327/152954", "correlationVector":"a917IXW632Fd7xOWaDHal8.2","action":"CompareDataConsistency result: ", "result":"Compare result: Preferences is consistent. local entities count is: 93 local entities hash is: +0GRIMDfesFAd/fURx34MlHW1Kg="}
{"logTime": "0327/152954", "correlationVector":"a917IXW632Fd7xOWaDHal8.3","action":"CompareDataConsistency result: ", "result":"Compare result: Passwords is consistent. local entities count is: 76 local entities hash is: c9E3q3x/Ar9qo7uPFCR/Rk7LqZA="}
{"logTime": "0327/152954", "correlationVector":"a917IXW632Fd7xOWaDHal8.4","action":"CompareDataConsistency result: ", "result":"Compare result: Extensions is consistent. local entities count is: 5 local entities hash is: LADOyDqSpiQFKIpA1yA+FgXvTvE="}
{"logTime": "0327/152954", "correlationVector":"a917IXW632Fd7xOWaDHal8.5","action":"CompareDataConsistency result: ", "result":"Compare result: Extension settings is consistent. local entities count is: 12 local entities hash is: Jw9y3uA1f9NYzC16f6fQKs9eNT4="}
{"logTime": "0327/152954", "correlationVector":"a917IXW632Fd7xOWaDHal8.6","action":"CompareDataConsistency result: ", "result":"Compare result: History Delete Directives is consistent. local entities count is: 0 local entities hash is: "}
{"logTime": "0327/152954", "correlationVector":"a917IXW632Fd7xOWaDHal8.7","action":"CompareDataConsistency result: ", "result":"Server did not send this Send Tab To Self local entities count is: 0 local entities hash is: "}
{"logTime": "0327/152954", "correlationVector":"a917IXW632Fd7xOWaDHal8.8","action":"CompareDataConsistency result: ", "result":"Compare result: Web Apps is consistent. local entities count is: 0 local entities hash is: "}
{"logTime": "0327/152954", "correlationVector":"a917IXW632Fd7xOWaDHal8.9","action":"CompareDataConsistency result: ", "result":"Server did not send this History local entities count is: 0 local entities hash is: "}
{"logTime": "0327/152954", "correlationVector":"a917IXW632Fd7xOWaDHal8.10","action":"CompareDataConsistency result: ", "result":"Compare result: Collection is consistent. local entities count is: 0 local entities hash is: "}
{"logTime": "0327/152954", "correlationVector":"a917IXW632Fd7xOWaDHal8.11","action":"CompareDataConsistency result: ", "result":"Compare result: Edge E Drop is consistent. local entities count is: 0 local entities hash is: "}
{"logTime": "0327/152954", "correlationVector":"a917IXW632Fd7xOWaDHal8.12","action":"CompareDataConsistency result: ", "result":"Compare result: Edge Tab Group is consistent. local entities count is: 0 local entities hash is: "}
{"logTime": "0327/152954", "correlationVector":"a917IXW632Fd7xOWaDHal8.13","action":"CompareDataConsistency result: ", "result":"Compare result: Edge Wallet is consistent. local entities count is: 0 local entities hash is: "}
{"logTime": "0327/152955", "correlationVector":"","action":"DIAGNOSTIC_REQUEST|v1/diagnosticData/Diagnostic.SendCheckResult()|SUCCESS", "result":""}
{"logTime": "0327/153450", "correlationVector":"AF1OGkAyi6h/cj/nnkVwJF","action":"Normal GetUpdate request", "result":"", "context":cV=AF1OGkAyi6h/cj/nnkVwJF
Refresh requested types: Bookmarks, Preferences, Passwords, Autofill Profiles, Autofill, Extensions, Sessions, Extension settings, History Delete Directives, Device Info, User Consents, Send Tab To Self, Web Apps, History, Collection, Edge E Drop, Edge Hub App Usage, Edge Tab Group, Edge Wallet, Encryption Keys}
{"logTime": "0327/153451", "correlationVector":"AF1OGkAyi6h/cj/nnkVwJF.1","action":"SyncServerConnectionManagerRequest", "result":"SYNC_SERVER_OK", "context":{"environment":"Prod_southeastasia_prod-s01-065-apac-southeastasia", "migrationStage":"NotStarted", "server":"akswtt00600001d"}}
{"logTime": "0327/153451", "correlationVector":"AF1OGkAyi6h/cj/nnkVwJF.2","action":"GetUpdates Response", "result":"Success", "context":Received 0 update(s). cV=AF1OGkAyi6h/cj/nnkVwJF.0;server=akswtt00600001d;cloudType=Consumer;environment=Prod_southeastasia_prod-s01-065-apac-southeastasia;migrationStage=NotStarted}
{"logTime": "0327/154543", "correlationVector":"H5CqqHO7o5be3rgFd/16TS","action":"Commit Request", "result":"", "context":Item count: 7
Contributing types: Sessions, History}
{"logTime": "0327/154544", "correlationVector":"H5CqqHO7o5be3rgFd/16TS.1","action":"SyncServerConnectionManagerRequest", "result":"SYNC_SERVER_OK", "context":{"environment":"Prod_southeastasia_prod-s01-064-apac-southeastasia", "migrationStage":"NotStarted", "server":"akswtt00600002x"}}
{"logTime": "0327/154544", "correlationVector":"H5CqqHO7o5be3rgFd/16TS.2","action":"Commit Response", "result":"Success", "context":Result: Success. cV=H5CqqHO7o5be3rgFd/16TS.0;server=akswtt00600002x;cloudType=Consumer;environment=Prod_southeastasia_prod-s01-064-apac-southeastasia;migrationStage=NotStarted}
{"logTime": "0327/154628", "correlationVector":"LqzN0g8as2065aPTkG4IXR","action":"Commit Request", "result":"", "context":Item count: 7
Contributing types: Sessions, History}
{"logTime": "0327/154629", "correlationVector":"LqzN0g8as2065aPTkG4IXR.1","action":"SyncServerConnectionManagerRequest", "result":"SYNC_SERVER_OK", "context":{"environment":"Prod_southeastasia_prod-s01-064-apac-southeastasia", "migrationStage":"NotStarted", "server":"akswtt006000039"}}
{"logTime": "0327/154629", "correlationVector":"LqzN0g8as2065aPTkG4IXR.2","action":"Commit Response", "result":"Success", "context":Result: Success. cV=LqzN0g8as2065aPTkG4IXR.0;server=akswtt006000039;cloudType=Consumer;environment=Prod_southeastasia_prod-s01-064-apac-southeastasia;migrationStage=NotStarted}
{"logTime": "0327/154700", "correlationVector":"SUDU0kEaM90vGwR8iEyWrA","action":"Commit Request", "result":"", "context":Item count: 11
Contributing types: Sessions, History}
{"logTime": "0327/154700", "correlationVector":"SUDU0kEaM90vGwR8iEyWrA.1","action":"SyncServerConnectionManagerRequest", "result":"SYNC_SERVER_OK", "context":{"environment":"Prod_southeastasia_prod-s01-064-apac-southeastasia", "migrationStage":"NotStarted", "server":"akswtt00600002c"}}
{"logTime": "0327/154700", "correlationVector":"SUDU0kEaM90vGwR8iEyWrA.2","action":"Commit Response", "result":"Success", "context":Result: Success. cV=SUDU0kEaM90vGwR8iEyWrA.0;server=akswtt00600002c;cloudType=Consumer;environment=Prod_southeastasia_prod-s01-064-apac-southeastasia;migrationStage=NotStarted}
{"logTime": "0327/154732", "correlationVector":"hMnc/ulw8i+0b5LZsECpps","action":"Commit Request", "result":"", "context":Item count: 8
Contributing types: Sessions, History}
{"logTime": "0327/154733", "correlationVector":"hMnc/ulw8i+0b5LZsECpps.1","action":"SyncServerConnectionManagerRequest", "result":"SYNC_SERVER_OK", "context":{"environment":"Prod_southeastasia_prod-s01-064-apac-southeastasia", "migrationStage":"NotStarted", "server":"akswtt006000038"}}
{"logTime": "0327/154733", "correlationVector":"hMnc/ulw8i+0b5LZsECpps.3","action":"Commit.Sessions", "result":"Success", "context":{"id":"ece6d5cc-be37-43a3-9979-2d80a9e418b4", "isDeleted":"true", "size":"0", "version":"1743090420421"}}
{"logTime": "0327/154733", "correlationVector":"hMnc/ulw8i+0b5LZsECpps.4","action":"Commit.Sessions", "result":"Success", "context":{"id":"9f76f495-d0b5-4d46-9a7d-57060888216c", "isDeleted":"true", "size":"0", "version":"1743090420422"}}
{"logTime": "0327/154733", "correlationVector":"hMnc/ulw8i+0b5LZsECpps.2","action":"Commit Response", "result":"Success", "context":Result: Success. cV=hMnc/ulw8i+0b5LZsECpps.0;server=akswtt006000038;cloudType=Consumer;environment=Prod_southeastasia_prod-s01-064-apac-southeastasia;migrationStage=NotStarted}
{"logTime": "0327/154803", "correlationVector":"4bmxwMtP9GXxbqb2NVqd8S","action":"Commit Request", "result":"", "context":Item count: 15
Contributing types: Sessions, History}
{"logTime": "0327/154804", "correlationVector":"4bmxwMtP9GXxbqb2NVqd8S.1","action":"SyncServerConnectionManagerRequest", "result":"SYNC_SERVER_OK", "context":{"environment":"Prod_southeastasia_prod-s01-064-apac-southeastasia", "migrationStage":"NotStarted", "server":"akswtt006000039"}}
{"logTime": "0327/154804", "correlationVector":"4bmxwMtP9GXxbqb2NVqd8S.2","action":"Commit Response", "result":"Success", "context":Result: Success. cV=4bmxwMtP9GXxbqb2NVqd8S.0;server=akswtt006000039;cloudType=Consumer;environment=Prod_southeastasia_prod-s01-064-apac-southeastasia;migrationStage=NotStarted}
{"logTime": "0327/154835", "correlationVector":"1DCJmomKQ/rTQ6U6Cq1Q7j","action":"Commit Request", "result":"", "context":Item count: 10
Contributing types: Sessions, History}
{"logTime": "0327/154836", "correlationVector":"1DCJmomKQ/rTQ6U6Cq1Q7j.1","action":"SyncServerConnectionManagerRequest", "result":"SYNC_SERVER_OK", "context":{"environment":"Prod_southeastasia_prod-s01-064-apac-southeastasia", "migrationStage":"NotStarted", "server":"akswtt006000038"}}
{"logTime": "0327/154836", "correlationVector":"1DCJmomKQ/rTQ6U6Cq1Q7j.2","action":"Commit Response", "result":"Success", "context":Result: Success. cV=1DCJmomKQ/rTQ6U6Cq1Q7j.0;server=akswtt006000038;cloudType=Consumer;environment=Prod_southeastasia_prod-s01-064-apac-southeastasia;migrationStage=NotStarted}
{"logTime": "0327/154913", "correlationVector":"18akDUOuAMFFTvW97iScnE","action":"Commit Request", "result":"", "context":Item count: 9
Contributing types: Sessions, History}
{"logTime": "0327/154913", "correlationVector":"18akDUOuAMFFTvW97iScnE.1","action":"SyncServerConnectionManagerRequest", "result":"SYNC_SERVER_OK", "context":{"environment":"Prod_southeastasia_prod-s01-064-apac-southeastasia", "migrationStage":"NotStarted", "server":"akswtt00600001w"}}
{"logTime": "0327/154913", "correlationVector":"18akDUOuAMFFTvW97iScnE.2","action":"Commit Response", "result":"Success", "context":Result: Success. cV=18akDUOuAMFFTvW97iScnE.0;server=akswtt00600001w;cloudType=Consumer;environment=Prod_southeastasia_prod-s01-064-apac-southeastasia;migrationStage=NotStarted}
{"logTime": "0327/154946", "correlationVector":"ZrGml6vUIl1ntbBN4O5NS1","action":"Commit Request", "result":"", "context":Item count: 4
Contributing types: Sessions, History}
{"logTime": "0327/154947", "correlationVector":"ZrGml6vUIl1ntbBN4O5NS1.1","action":"SyncServerConnectionManagerRequest", "result":"SYNC_SERVER_OK", "context":{"environment":"Prod_southeastasia_prod-s01-064-apac-southeastasia", "migrationStage":"NotStarted", "server":"akswtt00600002c"}}
{"logTime": "0327/154947", "correlationVector":"ZrGml6vUIl1ntbBN4O5NS1.2","action":"Commit Response", "result":"Success", "context":Result: Success. cV=ZrGml6vUIl1ntbBN4O5NS1.0;server=akswtt00600002c;cloudType=Consumer;environment=Prod_southeastasia_prod-s01-064-apac-southeastasia;migrationStage=NotStarted}
{"logTime": "0327/155058", "correlationVector":"DIPGKOx9cWL/j7FwrPYFeA","action":"Commit Request", "result":"", "context":Item count: 3
Contributing types: Sessions, History}
{"logTime": "0327/155058", "correlationVector":"DIPGKOx9cWL/j7FwrPYFeA.1","action":"SyncServerConnectionManagerRequest", "result":"SYNC_SERVER_OK", "context":{"environment":"Prod_southeastasia_prod-s01-064-apac-southeastasia", "migrationStage":"NotStarted", "server":"akswtt00600002i"}}
{"logTime": "0327/155058", "correlationVector":"DIPGKOx9cWL/j7FwrPYFeA.2","action":"Commit Response", "result":"Success", "context":Result: Success. cV=DIPGKOx9cWL/j7FwrPYFeA.0;server=akswtt00600002i;cloudType=Consumer;environment=Prod_southeastasia_prod-s01-064-apac-southeastasia;migrationStage=NotStarted}
{"logTime": "0327/155134", "correlationVector":"yYxg0oCkEJ9QzMOG6sxRMl","action":"Commit Request", "result":"", "context":Item count: 5
Contributing types: Sessions, History}
{"logTime": "0327/155135", "correlationVector":"yYxg0oCkEJ9QzMOG6sxRMl.1","action":"SyncServerConnectionManagerRequest", "result":"SYNC_SERVER_OK", "context":{"environment":"Prod_southeastasia_prod-s01-064-apac-southeastasia", "migrationStage":"NotStarted", "server":"akswtt00600001w"}}
{"logTime": "0327/155135", "correlationVector":"yYxg0oCkEJ9QzMOG6sxRMl.2","action":"Commit Response", "result":"Success", "context":Result: Success. cV=yYxg0oCkEJ9QzMOG6sxRMl.0;server=akswtt00600001w;cloudType=Consumer;environment=Prod_southeastasia_prod-s01-064-apac-southeastasia;migrationStage=NotStarted}
{"logTime": "0327/155714", "correlationVector":"E/fbn26jswfw4Ryej8IWNB","action":"Commit Request", "result":"", "context":Item count: 7
Contributing types: Sessions, History}
{"logTime": "0327/155714", "correlationVector":"E/fbn26jswfw4Ryej8IWNB","action":"SyncServerConnectionManagerRequest", "result":"CONNECTION_UNAVAILABLE", "context":{"error_type":"net_error_code", "error_value":"-100"}}
{"logTime": "0327/155714", "correlationVector":"7GPRiiD/a652JxAD0bzGvp.0","action":"Commit Response", "result":"Network error (ERR_CONNECTION_CLOSED)", "context":Result: Network error (ERR_CONNECTION_CLOSED). }
{"logTime": "0327/155759", "correlationVector":"57nJQPQ6zCdsWzo2g4Sg8a","action":"Commit Request", "result":"", "context":Item count: 7
Contributing types: Sessions, History}
{"logTime": "0327/155759", "correlationVector":"57nJQPQ6zCdsWzo2g4Sg8a","action":"SyncServerConnectionManagerRequest", "result":"CONNECTION_UNAVAILABLE", "context":{"error_type":"net_error_code", "error_value":"-100"}}
{"logTime": "0327/155759", "correlationVector":"+2HU6Z7zGsJpuk0mICJWD7.0","action":"Commit Response", "result":"Network error (ERR_CONNECTION_CLOSED)", "context":Result: Network error (ERR_CONNECTION_CLOSED). }
{"logTime": "0327/155907", "correlationVector":"ADopsz14Bjg+UM/XsYqr2X","action":"Commit Request", "result":"", "context":Item count: 7
Contributing types: Sessions, History}
{"logTime": "0327/155909", "correlationVector":"ADopsz14Bjg+UM/XsYqr2X.1","action":"SyncServerConnectionManagerRequest", "result":"SYNC_SERVER_OK", "context":{"environment":"Prod_japaneast_prod-s01-061-apac-japaneast", "migrationStage":"NotStarted", "server":"akswtt00600002t"}}
{"logTime": "0327/155909", "correlationVector":"ADopsz14Bjg+UM/XsYqr2X.2","action":"Commit Response", "result":"Success", "context":Result: Success. cV=ADopsz14Bjg+UM/XsYqr2X.0;server=akswtt00600002t;cloudType=Consumer;environment=Prod_japaneast_prod-s01-061-apac-japaneast;migrationStage=NotStarted}
{"logTime": "0327/160000", "correlationVector":"wXGCAm45kb1s0Ho9jfy59g","action":"Commit Request", "result":"", "context":Item count: 5
Contributing types: Sessions, History}
{"logTime": "0327/160001", "correlationVector":"wXGCAm45kb1s0Ho9jfy59g.1","action":"SyncServerConnectionManagerRequest", "result":"SYNC_SERVER_OK", "context":{"environment":"Prod_japaneast_prod-s01-061-apac-japaneast", "migrationStage":"NotStarted", "server":"akswtt00600000s"}}
{"logTime": "0327/160001", "correlationVector":"wXGCAm45kb1s0Ho9jfy59g.2","action":"Commit Response", "result":"Success", "context":Result: Success. cV=wXGCAm45kb1s0Ho9jfy59g.0;server=akswtt00600000s;cloudType=Consumer;environment=Prod_japaneast_prod-s01-061-apac-japaneast;migrationStage=NotStarted}
{"logTime": "0327/160134", "correlationVector":"WmO3fMYjxaZ+JOTaGCokXZ","action":"Commit Request", "result":"", "context":Item count: 5
Contributing types: Sessions, History}
{"logTime": "0327/160134", "correlationVector":"WmO3fMYjxaZ+JOTaGCokXZ.1","action":"SyncServerConnectionManagerRequest", "result":"SYNC_SERVER_OK", "context":{"environment":"Prod_japaneast_prod-s01-061-apac-japaneast", "migrationStage":"NotStarted", "server":"akswtt00600000t"}}
{"logTime": "0327/160134", "correlationVector":"WmO3fMYjxaZ+JOTaGCokXZ.2","action":"Commit Response", "result":"Success", "context":Result: Success. cV=WmO3fMYjxaZ+JOTaGCokXZ.0;server=akswtt00600000t;cloudType=Consumer;environment=Prod_japaneast_prod-s01-061-apac-japaneast;migrationStage=NotStarted}
{"logTime": "0327/160234", "correlationVector":"Mbi8jmaosGKZZLSYcOjre0","action":"Commit Request", "result":"", "context":Item count: 5
Contributing types: Sessions, History}
{"logTime": "0327/160235", "correlationVector":"Mbi8jmaosGKZZLSYcOjre0.1","action":"SyncServerConnectionManagerRequest", "result":"SYNC_SERVER_OK", "context":{"environment":"Prod_japaneast_prod-s01-061-apac-japaneast", "migrationStage":"NotStarted", "server":"akswtt00600003y"}}
{"logTime": "0327/160235", "correlationVector":"Mbi8jmaosGKZZLSYcOjre0.2","action":"Commit Response", "result":"Success", "context":Result: Success. cV=Mbi8jmaosGKZZLSYcOjre0.0;server=akswtt00600003y;cloudType=Consumer;environment=Prod_japaneast_prod-s01-061-apac-japaneast;migrationStage=NotStarted}
{"logTime": "0327/160305", "correlationVector":"/+OIvWxAJPeZ2CMxEWjurs","action":"Commit Request", "result":"", "context":Item count: 5
Contributing types: Sessions, History}
{"logTime": "0327/160306", "correlationVector":"/+OIvWxAJPeZ2CMxEWjurs.1","action":"SyncServerConnectionManagerRequest", "result":"SYNC_SERVER_OK", "context":{"environment":"Prod_japaneast_prod-s01-061-apac-japaneast", "migrationStage":"NotStarted", "server":"akswtt00600002k"}}
{"logTime": "0327/160306", "correlationVector":"/+OIvWxAJPeZ2CMxEWjurs.2","action":"Commit Response", "result":"Success", "context":Result: Success. cV=/+OIvWxAJPeZ2CMxEWjurs.0;server=akswtt00600002k;cloudType=Consumer;environment=Prod_japaneast_prod-s01-061-apac-japaneast;migrationStage=NotStarted}
{"logTime": "0327/160559", "correlationVector":"yq+jHZjV2VDuIbhPt1ZYoS","action":"Commit Request", "result":"", "context":Item count: 5
Contributing types: Sessions, History}
{"logTime": "0327/160600", "correlationVector":"yq+jHZjV2VDuIbhPt1ZYoS.1","action":"SyncServerConnectionManagerRequest", "result":"SYNC_SERVER_OK", "context":{"environment":"Prod_southeastasia_prod-s01-064-apac-southeastasia", "migrationStage":"NotStarted", "server":"akswtt00600001n"}}
{"logTime": "0327/160600", "correlationVector":"yq+jHZjV2VDuIbhPt1ZYoS.2","action":"Commit Response", "result":"Success", "context":Result: Success. cV=yq+jHZjV2VDuIbhPt1ZYoS.0;server=akswtt00600001n;cloudType=Consumer;environment=Prod_southeastasia_prod-s01-064-apac-southeastasia;migrationStage=NotStarted}
{"logTime": "0327/160740", "correlationVector":"+n4Z5tEK6wChBDbCwOPGVR","action":"Commit Request", "result":"", "context":Item count: 5
Contributing types: Sessions, History}
{"logTime": "0327/160741", "correlationVector":"+n4Z5tEK6wChBDbCwOPGVR.1","action":"SyncServerConnectionManagerRequest", "result":"SYNC_SERVER_OK", "context":{"environment":"Prod_southeastasia_prod-s01-064-apac-southeastasia", "migrationStage":"NotStarted", "server":"akswtt00600001g"}}
{"logTime": "0327/160741", "correlationVector":"+n4Z5tEK6wChBDbCwOPGVR.2","action":"Commit Response", "result":"Success", "context":Result: Success. cV=+n4Z5tEK6wChBDbCwOPGVR.0;server=akswtt00600001g;cloudType=Consumer;environment=Prod_southeastasia_prod-s01-064-apac-southeastasia;migrationStage=NotStarted}
{"logTime": "0327/161009", "correlationVector":"rhLrLKqJhSByV4dQWMWc9Q","action":"Commit Request", "result":"", "context":Item count: 4
Contributing types: Sessions, History}
{"logTime": "0327/161010", "correlationVector":"rhLrLKqJhSByV4dQWMWc9Q","action":"SyncServerConnectionManagerRequest", "result":"CONNECTION_UNAVAILABLE", "context":{"error_type":"net_error_code", "error_value":"-100"}}
{"logTime": "0327/161010", "correlationVector":"Pzxp8RSsXvv9zaow58VYUx.0","action":"Commit Response", "result":"Network error (ERR_CONNECTION_CLOSED)", "context":Result: Network error (ERR_CONNECTION_CLOSED). }
{"logTime": "0327/161055", "correlationVector":"uQQVlzKiqCmMiZ1a9BdXbf","action":"Commit Request", "result":"", "context":Item count: 4
Contributing types: Sessions, History}
{"logTime": "0327/161056", "correlationVector":"uQQVlzKiqCmMiZ1a9BdXbf.1","action":"SyncServerConnectionManagerRequest", "result":"SYNC_SERVER_OK", "context":{"environment":"Prod_japaneast_prod-s01-061-apac-japaneast", "migrationStage":"NotStarted", "server":"akswtt00600002c"}}
{"logTime": "0327/161056", "correlationVector":"uQQVlzKiqCmMiZ1a9BdXbf.2","action":"Commit Response", "result":"Success", "context":Result: Success. cV=uQQVlzKiqCmMiZ1a9BdXbf.0;server=akswtt00600002c;cloudType=Consumer;environment=Prod_japaneast_prod-s01-061-apac-japaneast;migrationStage=NotStarted}
{"logTime": "0327/161534", "correlationVector":"Ks7HnID6boFbFFK/9lnyA4","action":"Normal GetUpdate request", "result":"", "context":cV=Ks7HnID6boFbFFK/9lnyA4
Nudged types: Sessions, History
Refresh requested types: Bookmarks, Preferences, Passwords, Autofill Profiles, Autofill, Extensions, Sessions, Extension settings, History Delete Directives, Device Info, User Consents, Send Tab To Self, Web Apps, History, Collection, Edge E Drop, Edge Hub App Usage, Edge Tab Group, Edge Wallet, Encryption Keys}
{"logTime": "0327/161534", "correlationVector":"Ks7HnID6boFbFFK/9lnyA4.1","action":"SyncServerConnectionManagerRequest", "result":"SYNC_SERVER_OK", "context":{"environment":"Prod_southeastasia_prod-s01-064-apac-southeastasia", "migrationStage":"NotStarted", "server":"akswtt00600000f"}}
{"logTime": "0327/161534", "correlationVector":"Ks7HnID6boFbFFK/9lnyA4.2","action":"GetUpdates", "result":"DeleteReceived", "context":{"id":"ece6d5cc-be37-43a3-9979-2d80a9e418b4", "isDeleted:":"true", "version":"1743090452979"}}
{"logTime": "0327/161534", "correlationVector":"Ks7HnID6boFbFFK/9lnyA4.3","action":"GetUpdates", "result":"DeleteReceived", "context":{"id":"9f76f495-d0b5-4d46-9a7d-57060888216c", "isDeleted:":"true", "version":"1743090452980"}}
{"logTime": "0327/161534", "correlationVector":"Ks7HnID6boFbFFK/9lnyA4.4","action":"GetUpdates Response", "result":"Success", "context":Received 66 update(s). cV=Ks7HnID6boFbFFK/9lnyA4.0;server=akswtt00600000f;cloudType=Consumer;environment=Prod_southeastasia_prod-s01-064-apac-southeastasia;migrationStage=NotStarted}
{"logTime": "0327/161534", "correlationVector":"/wHlT5191kJSoLhCHabYjy","action":"Commit Request", "result":"", "context":Item count: 10
Contributing types: Sessions, History}
{"logTime": "0327/161535", "correlationVector":"/wHlT5191kJSoLhCHabYjy.1","action":"SyncServerConnectionManagerRequest", "result":"SYNC_SERVER_OK", "context":{"environment":"Prod_southeastasia_prod-s01-064-apac-southeastasia", "migrationStage":"NotStarted", "server":"akswtt00600002z"}}
{"logTime": "0327/161535", "correlationVector":"/wHlT5191kJSoLhCHabYjy.2","action":"Commit Response", "result":"Success", "context":Result: Success. cV=/wHlT5191kJSoLhCHabYjy.0;server=akswtt00600002z;cloudType=Consumer;environment=Prod_southeastasia_prod-s01-064-apac-southeastasia;migrationStage=NotStarted}
{"logTime": "0327/161535", "correlationVector":"/wHlT5191kJSoLhCHabYjy.3","action":"Commit.Sessions", "result":"Success", "context":{"id":"d22090a0-0cdd-4517-8fc9-c826f3548625", "isDeleted":"true", "size":"0", "version":"1743090344092"}}
{"logTime": "0327/161535", "correlationVector":"/wHlT5191kJSoLhCHabYjy.4","action":"Commit.Sessions", "result":"Success", "context":{"id":"8e30caf7-328c-4429-9943-2e89842eb586", "isDeleted":"true", "size":"0", "version":"1743091855846"}}
{"logTime": "0327/161535", "correlationVector":"/wHlT5191kJSoLhCHabYjy.5","action":"Commit.Sessions", "result":"Success", "context":{"id":"d09c08ec-cf3d-453b-ba46-302d4972cbd5", "isDeleted":"true", "size":"0", "version":"1743090420420"}}
{"logTime": "0327/161535", "correlationVector":"/wHlT5191kJSoLhCHabYjy.6","action":"Commit.Sessions", "result":"Success", "context":{"id":"b02d027d-40a8-4aa0-b3cf-9461695921b3", "isDeleted":"true", "size":"0", "version":"1743091855847"}}
{"logTime": "0327/161535", "correlationVector":"/wHlT5191kJSoLhCHabYjy.7","action":"Commit.Sessions", "result":"Success", "context":{"id":"72910a91-83dd-4b25-8ca0-70d58b584125", "isDeleted":"true", "size":"0", "version":"1743091661061"}}
{"logTime": "0327/161535", "correlationVector":"/wHlT5191kJSoLhCHabYjy.8","action":"Commit.Sessions", "result":"Success", "context":{"id":"bd93cf39-e7d3-42ca-8b46-afaea770178e", "isDeleted":"true", "size":"0", "version":"1743090344094"}}
{"logTime": "0327/161535", "correlationVector":"/wHlT5191kJSoLhCHabYjy.9","action":"Commit.Sessions", "result":"Success", "context":{"id":"2d640d07-2e43-411b-9a4c-b4d038f07ff7", "isDeleted":"true", "size":"0", "version":"1743090553398"}}
{"logTime": "0327/161535", "correlationVector":"/wHlT5191kJSoLhCHabYjy.10","action":"Commit.Sessions", "result":"Success", "context":{"id":"d5cc85b9-e933-4c66-a2e1-99fe940089b6", "isDeleted":"true", "size":"0", "version":"1743090515692"}}
{"logTime": "0327/161738", "correlationVector":"l9tuNw2ad7QuMhDRUa2N93","action":"Normal GetUpdate request", "result":"", "context":cV=l9tuNw2ad7QuMhDRUa2N93
Nudged types: History
Refresh requested types: Bookmarks, Preferences, Passwords, Autofill Profiles, Autofill, Extensions, Sessions, Extension settings, History Delete Directives, Device Info, User Consents, Send Tab To Self, Web Apps, History, Collection, Edge E Drop, Edge Hub App Usage, Edge Tab Group, Edge Wallet, Encryption Keys}
{"logTime": "0327/161738", "correlationVector":"l9tuNw2ad7QuMhDRUa2N93.1","action":"SyncServerConnectionManagerRequest", "result":"SYNC_SERVER_OK", "context":{"environment":"Prod_southeastasia_prod-s01-064-apac-southeastasia", "migrationStage":"NotStarted", "server":"akswtt006000017"}}
{"logTime": "0327/161738", "correlationVector":"l9tuNw2ad7QuMhDRUa2N93.2","action":"GetUpdates", "result":"DeleteReceived", "context":{"id":"d22090a0-0cdd-4517-8fc9-c826f3548625", "isDeleted:":"true", "version":"1743092135085"}}
{"logTime": "0327/161738", "correlationVector":"l9tuNw2ad7QuMhDRUa2N93.3","action":"GetUpdates", "result":"DeleteReceived", "context":{"id":"8e30caf7-328c-4429-9943-2e89842eb586", "isDeleted:":"true", "version":"1743092135086"}}
{"logTime": "0327/161738", "correlationVector":"l9tuNw2ad7QuMhDRUa2N93.4","action":"GetUpdates", "result":"DeleteReceived", "context":{"id":"d09c08ec-cf3d-453b-ba46-302d4972cbd5", "isDeleted:":"true", "version":"1743092135087"}}
{"logTime": "0327/161738", "correlationVector":"l9tuNw2ad7QuMhDRUa2N93.5","action":"GetUpdates", "result":"DeleteReceived", "context":{"id":"b02d027d-40a8-4aa0-b3cf-9461695921b3", "isDeleted:":"true", "version":"1743092135088"}}
{"logTime": "0327/161738", "correlationVector":"l9tuNw2ad7QuMhDRUa2N93.6","action":"GetUpdates", "result":"DeleteReceived", "context":{"id":"72910a91-83dd-4b25-8ca0-70d58b584125", "isDeleted:":"true", "version":"1743092135089"}}
{"logTime": "0327/161738", "correlationVector":"l9tuNw2ad7QuMhDRUa2N93.7","action":"GetUpdates", "result":"DeleteReceived", "context":{"id":"bd93cf39-e7d3-42ca-8b46-afaea770178e", "isDeleted:":"true", "version":"1743092135090"}}
{"logTime": "0327/161738", "correlationVector":"l9tuNw2ad7QuMhDRUa2N93.8","action":"GetUpdates", "result":"DeleteReceived", "context":{"id":"2d640d07-2e43-411b-9a4c-b4d038f07ff7", "isDeleted:":"true", "version":"1743092135091"}}
{"logTime": "0327/161738", "correlationVector":"l9tuNw2ad7QuMhDRUa2N93.9","action":"GetUpdates", "result":"DeleteReceived", "context":{"id":"d5cc85b9-e933-4c66-a2e1-99fe940089b6", "isDeleted:":"true", "version":"1743092135092"}}
{"logTime": "0327/161738", "correlationVector":"l9tuNw2ad7QuMhDRUa2N93.10","action":"GetUpdates Response", "result":"Success", "context":Received 64 update(s). cV=l9tuNw2ad7QuMhDRUa2N93.0;server=akswtt006000017;cloudType=Consumer;environment=Prod_southeastasia_prod-s01-064-apac-southeastasia;migrationStage=NotStarted}
{"logTime": "0327/161739", "correlationVector":"2mtEt8ynf004vEgsdViHxn","action":"Commit Request", "result":"", "context":Item count: 1
Contributing types: History}
{"logTime": "0327/161739", "correlationVector":"2mtEt8ynf004vEgsdViHxn.1","action":"SyncServerConnectionManagerRequest", "result":"SYNC_SERVER_OK", "context":{"environment":"Prod_southeastasia_prod-s01-064-apac-southeastasia", "migrationStage":"NotStarted", "server":"akswtt006000019"}}
{"logTime": "0327/161739", "correlationVector":"2mtEt8ynf004vEgsdViHxn.2","action":"Commit Response", "result":"Success", "context":Result: Success. cV=2mtEt8ynf004vEgsdViHxn.0;server=akswtt006000019;cloudType=Consumer;environment=Prod_southeastasia_prod-s01-064-apac-southeastasia;migrationStage=NotStarted}
{"logTime": "0327/162239", "correlationVector":"5BMLOny2txVhFYllPbbOHY","action":"Normal GetUpdate request", "result":"", "context":cV=5BMLOny2txVhFYllPbbOHY
Refresh requested types: Bookmarks, Preferences, Passwords, Autofill Profiles, Autofill, Extensions, Sessions, Extension settings, History Delete Directives, Device Info, User Consents, Send Tab To Self, Web Apps, History, Collection, Edge E Drop, Edge Hub App Usage, Edge Tab Group, Edge Wallet, Encryption Keys}
{"logTime": "0327/162239", "correlationVector":"5BMLOny2txVhFYllPbbOHY.1","action":"SyncServerConnectionManagerRequest", "result":"SYNC_SERVER_OK", "context":{"environment":"Prod_southeastasia_prod-s01-064-apac-southeastasia", "migrationStage":"NotStarted", "server":"akswtt00600002o"}}
{"logTime": "0327/162239", "correlationVector":"5BMLOny2txVhFYllPbbOHY.2","action":"GetUpdates Response", "result":"Success", "context":Received 1 update(s). cV=5BMLOny2txVhFYllPbbOHY.0;server=akswtt00600002o;cloudType=Consumer;environment=Prod_southeastasia_prod-s01-064-apac-southeastasia;migrationStage=NotStarted}
