2025-05-07 23:02:19.939 [info] Extension host with pid 2397 started
2025-05-07 23:02:20.214 [info] ExtensionService#_doActivateExtension vscode.github-authentication, startup: false, activationEvent: 'onAuthenticationRequest:github'
2025-05-07 23:02:20.216 [info] ExtensionService#_doActivateExtension vscode.emmet, startup: false, activationEvent: 'onLanguage'
2025-05-07 23:02:20.342 [info] ExtensionService#_doActivateExtension vscode.git-base, startup: true, activationEvent: '*', root cause: vscode.git
2025-05-07 23:02:20.394 [info] ExtensionService#_doActivateExtension vscode.git, startup: true, activationEvent: '*'
2025-05-07 23:02:20.395 [info] ExtensionService#_doActivateExtension vscode.github, startup: true, activationEvent: '*'
2025-05-07 23:02:20.395 [info] ExtensionService#_doActivateExtension vscode.configuration-editing, startup: false, activationEvent: 'onLanguage:jsonc'
2025-05-07 23:02:20.395 [info] ExtensionService#_doActivateExtension vscode.json-language-features, startup: false, activationEvent: 'onLanguage:jsonc'
2025-05-07 23:02:20.396 [info] ExtensionService#_doActivateExtension vscode.typescript-language-features, startup: false, activationEvent: 'onLanguage:jsonc'
2025-05-07 23:02:20.533 [info] Eager extensions activated
2025-05-07 23:02:20.669 [info] ExtensionService#_doActivateExtension vscode.debug-auto-launch, startup: false, activationEvent: 'onStartupFinished'
2025-05-07 23:02:20.669 [info] ExtensionService#_doActivateExtension vscode.merge-conflict, startup: false, activationEvent: 'onStartupFinished'
2025-05-07 23:02:20.670 [info] ExtensionService#_doActivateExtension atommaterial.a-file-icon-vscode, startup: false, activationEvent: 'onStartupFinished'
2025-05-07 23:02:30.032 [info] Extension host terminating: renderer closed the MessagePort
2025-05-07 23:02:30.050 [info] Extension host with pid 2397 exiting with code 0
2025-05-07 23:02:30.959 [info] Extension host with pid 3152 started
2025-05-07 23:02:30.959 [info] Skipping acquiring lock for /home/visionary/.config/Code/User/workspaceStorage/176908ef150ac1f2a1dd2199c231f178.
2025-05-07 23:02:31.207 [info] ExtensionService#_doActivateExtension vscode.github-authentication, startup: false, activationEvent: 'onAuthenticationRequest:github'
2025-05-07 23:02:31.208 [info] ExtensionService#_doActivateExtension vscode.emmet, startup: false, activationEvent: 'onLanguage'
2025-05-07 23:02:31.337 [info] ExtensionService#_doActivateExtension vscode.git-base, startup: true, activationEvent: '*', root cause: vscode.git
2025-05-07 23:02:31.358 [info] ExtensionService#_doActivateExtension vscode.configuration-editing, startup: false, activationEvent: 'onLanguage:jsonc'
2025-05-07 23:02:31.358 [info] ExtensionService#_doActivateExtension vscode.json-language-features, startup: false, activationEvent: 'onLanguage:jsonc'
2025-05-07 23:02:31.359 [info] ExtensionService#_doActivateExtension vscode.typescript-language-features, startup: false, activationEvent: 'onLanguage:jsonc'
2025-05-07 23:02:31.570 [info] ExtensionService#_doActivateExtension vscode.git, startup: true, activationEvent: '*'
2025-05-07 23:02:31.570 [info] ExtensionService#_doActivateExtension vscode.github, startup: true, activationEvent: '*'
2025-05-07 23:02:31.743 [info] Eager extensions activated
2025-05-07 23:02:31.763 [info] ExtensionService#_doActivateExtension vscode.debug-auto-launch, startup: false, activationEvent: 'onStartupFinished'
2025-05-07 23:02:31.763 [info] ExtensionService#_doActivateExtension vscode.merge-conflict, startup: false, activationEvent: 'onStartupFinished'
2025-05-07 23:02:31.763 [info] ExtensionService#_doActivateExtension atommaterial.a-file-icon-vscode, startup: false, activationEvent: 'onStartupFinished'
2025-05-07 23:15:32.312 [warning] [Decorations] CAPPING events from decorations provider vscode.git 4009
2025-05-07 23:15:32.699 [warning] [Decorations] CAPPING events from decorations provider vscode.git 4009
2025-05-07 23:18:43.572 [warning] [Decorations] CAPPING events from decorations provider vscode.git 4009
2025-05-07 23:18:48.643 [warning] [Decorations] CAPPING events from decorations provider vscode.git 4009
2025-05-07 23:19:21.719 [warning] [Decorations] CAPPING events from decorations provider vscode.git 4010
2025-05-07 23:19:51.985 [warning] [Decorations] CAPPING events from decorations provider vscode.git 4010
2025-05-07 23:20:21.340 [warning] [Decorations] CAPPING events from decorations provider vscode.git 4010
2025-05-07 23:21:22.182 [warning] [Decorations] CAPPING events from decorations provider vscode.git 4010
2025-05-07 23:21:38.093 [warning] [Decorations] CAPPING events from decorations provider vscode.git 4010
2025-05-07 23:21:44.649 [warning] [Decorations] CAPPING events from decorations provider vscode.git 4010
2025-05-07 23:21:59.543 [warning] [Decorations] CAPPING events from decorations provider vscode.git 4010
2025-05-07 23:22:04.617 [warning] [Decorations] CAPPING events from decorations provider vscode.git 4010
2025-05-07 23:22:38.722 [warning] [Decorations] CAPPING events from decorations provider vscode.git 4010
2025-05-07 23:23:33.987 [warning] [Decorations] CAPPING events from decorations provider vscode.git 4010
2025-05-07 23:24:06.329 [warning] [Decorations] CAPPING events from decorations provider vscode.git 4010
2025-05-07 23:25:12.426 [warning] [Decorations] CAPPING events from decorations provider vscode.git 4010
2025-05-07 23:25:36.746 [info] ExtensionService#_doActivateExtension vscode.extension-editing, startup: false, activationEvent: 'onLanguage:json'
2025-05-07 23:25:36.747 [info] ExtensionService#_doActivateExtension vscode.npm, startup: false, activationEvent: 'onLanguage:json'
2025-05-07 23:29:41.485 [warning] [Decorations] CAPPING events from decorations provider vscode.git 4010
2025-05-07 23:29:46.562 [warning] [Decorations] CAPPING events from decorations provider vscode.git 4010
2025-05-07 23:31:12.642 [warning] [Decorations] CAPPING events from decorations provider vscode.git 4010
2025-05-07 23:32:12.090 [warning] [Decorations] CAPPING events from decorations provider vscode.git 4011
2025-05-07 23:32:18.941 [warning] [Decorations] CAPPING events from decorations provider vscode.git 4012
2025-05-07 23:32:40.010 [warning] [Decorations] CAPPING events from decorations provider vscode.git 4011
2025-05-07 23:32:56.927 [warning] [Decorations] CAPPING events from decorations provider vscode.git 4011
2025-05-07 23:33:09.413 [warning] [Decorations] CAPPING events from decorations provider vscode.git 4011
2025-05-07 23:34:33.052 [warning] [Decorations] CAPPING events from decorations provider vscode.git 4011
2025-05-07 23:34:52.576 [warning] [Decorations] CAPPING events from decorations provider vscode.git 4011
2025-05-07 23:37:49.868 [info] ExtensionService#_doActivateExtension vscode.css-language-features, startup: false, activationEvent: 'onLanguage:css'
2025-05-07 23:40:51.072 [info] Extension host terminating: renderer closed the MessagePort
2025-05-07 23:40:51.103 [error] Canceled: Canceled
	at new HR (file:///nix/store/r8kg5ngllwal5bnwnzx9qw7mp3ni1333-vscode-1.99.3/lib/vscode/resources/app/out/vs/workbench/api/node/extensionHostProcess.js:29:111362)
	at i4.U (file:///nix/store/r8kg5ngllwal5bnwnzx9qw7mp3ni1333-vscode-1.99.3/lib/vscode/resources/app/out/vs/workbench/api/node/extensionHostProcess.js:29:115973)
	at s.<computed>.n.charCodeAt.s.<computed> (file:///nix/store/r8kg5ngllwal5bnwnzx9qw7mp3ni1333-vscode-1.99.3/lib/vscode/resources/app/out/vs/workbench/api/node/extensionHostProcess.js:29:113467)
	at vw.g (file:///nix/store/r8kg5ngllwal5bnwnzx9qw7mp3ni1333-vscode-1.99.3/lib/vscode/resources/app/out/vs/workbench/api/node/extensionHostProcess.js:111:40983)
	at vw.executeCommand (file:///nix/store/r8kg5ngllwal5bnwnzx9qw7mp3ni1333-vscode-1.99.3/lib/vscode/resources/app/out/vs/workbench/api/node/extensionHostProcess.js:111:40487)
	at r.registerCommand.description (file:///nix/store/r8kg5ngllwal5bnwnzx9qw7mp3ni1333-vscode-1.99.3/lib/vscode/resources/app/out/vs/workbench/api/node/extensionHostProcess.js:111:39817)
	at vw.h (file:///nix/store/r8kg5ngllwal5bnwnzx9qw7mp3ni1333-vscode-1.99.3/lib/vscode/resources/app/out/vs/workbench/api/node/extensionHostProcess.js:111:41503)
	at vw.g (file:///nix/store/r8kg5ngllwal5bnwnzx9qw7mp3ni1333-vscode-1.99.3/lib/vscode/resources/app/out/vs/workbench/api/node/extensionHostProcess.js:111:40580)
	at vw.executeCommand (file:///nix/store/r8kg5ngllwal5bnwnzx9qw7mp3ni1333-vscode-1.99.3/lib/vscode/resources/app/out/vs/workbench/api/node/extensionHostProcess.js:111:40487)
	at Object.executeCommand (file:///nix/store/r8kg5ngllwal5bnwnzx9qw7mp3ni1333-vscode-1.99.3/lib/vscode/resources/app/out/vs/workbench/api/node/extensionHostProcess.js:173:30346)
	at Ah.L [as value] (/nix/store/r8kg5ngllwal5bnwnzx9qw7mp3ni1333-vscode-1.99.3/lib/vscode/resources/app/extensions/git/dist/main.js:2:511809)
	at D.B (file:///nix/store/r8kg5ngllwal5bnwnzx9qw7mp3ni1333-vscode-1.99.3/lib/vscode/resources/app/out/vs/workbench/api/node/extensionHostProcess.js:27:2375)
	at D.C (file:///nix/store/r8kg5ngllwal5bnwnzx9qw7mp3ni1333-vscode-1.99.3/lib/vscode/resources/app/out/vs/workbench/api/node/extensionHostProcess.js:27:2445)
	at D.fire (file:///nix/store/r8kg5ngllwal5bnwnzx9qw7mp3ni1333-vscode-1.99.3/lib/vscode/resources/app/out/vs/workbench/api/node/extensionHostProcess.js:27:2662)
	at Object.g [as dispose] (/nix/store/r8kg5ngllwal5bnwnzx9qw7mp3ni1333-vscode-1.99.3/lib/vscode/resources/app/extensions/git/dist/main.js:2:534449)
	at /nix/store/r8kg5ngllwal5bnwnzx9qw7mp3ni1333-vscode-1.99.3/lib/vscode/resources/app/extensions/git/dist/main.js:2:540767
	at Array.forEach (<anonymous>)
	at b.dispose (/nix/store/r8kg5ngllwal5bnwnzx9qw7mp3ni1333-vscode-1.99.3/lib/vscode/resources/app/extensions/git/dist/main.js:2:540753)
	at iv.<anonymous> (file:///nix/store/r8kg5ngllwal5bnwnzx9qw7mp3ni1333-vscode-1.99.3/lib/vscode/resources/app/out/vs/workbench/api/node/extensionHostProcess.js:107:8922)
	at iv.dispose (file:///nix/store/r8kg5ngllwal5bnwnzx9qw7mp3ni1333-vscode-1.99.3/lib/vscode/resources/app/out/vs/workbench/api/node/extensionHostProcess.js:107:9018)
	at iv.<anonymous> (/nix/store/r8kg5ngllwal5bnwnzx9qw7mp3ni1333-vscode-1.99.3/lib/vscode/resources/app/extensions/git/dist/main.js:2:514293)
	at iv.dispose (file:///nix/store/r8kg5ngllwal5bnwnzx9qw7mp3ni1333-vscode-1.99.3/lib/vscode/resources/app/out/vs/workbench/api/node/extensionHostProcess.js:107:9018)
	at pi (file:///nix/store/r8kg5ngllwal5bnwnzx9qw7mp3ni1333-vscode-1.99.3/lib/vscode/resources/app/out/vs/workbench/api/node/extensionHostProcess.js:25:701)
	at file:///nix/store/r8kg5ngllwal5bnwnzx9qw7mp3ni1333-vscode-1.99.3/lib/vscode/resources/app/out/vs/workbench/api/node/extensionHostProcess.js:115:14994
	at file:///nix/store/r8kg5ngllwal5bnwnzx9qw7mp3ni1333-vscode-1.99.3/lib/vscode/resources/app/out/vs/workbench/api/node/extensionHostProcess.js:25:1011
	at Object.dispose (file:///nix/store/r8kg5ngllwal5bnwnzx9qw7mp3ni1333-vscode-1.99.3/lib/vscode/resources/app/out/vs/workbench/api/node/extensionHostProcess.js:8:705)
	at vV.eb (file:///nix/store/r8kg5ngllwal5bnwnzx9qw7mp3ni1333-vscode-1.99.3/lib/vscode/resources/app/out/vs/workbench/api/node/extensionHostProcess.js:115:11921)
	at file:///nix/store/r8kg5ngllwal5bnwnzx9qw7mp3ni1333-vscode-1.99.3/lib/vscode/resources/app/out/vs/workbench/api/node/extensionHostProcess.js:115:9876
	at Array.map (<anonymous>)
	at vV.$ (file:///nix/store/r8kg5ngllwal5bnwnzx9qw7mp3ni1333-vscode-1.99.3/lib/vscode/resources/app/out/vs/workbench/api/node/extensionHostProcess.js:115:9864)
	at vV.terminate (file:///nix/store/r8kg5ngllwal5bnwnzx9qw7mp3ni1333-vscode-1.99.3/lib/vscode/resources/app/out/vs/workbench/api/node/extensionHostProcess.js:115:10107)
	at oD.terminate (file:///nix/store/r8kg5ngllwal5bnwnzx9qw7mp3ni1333-vscode-1.99.3/lib/vscode/resources/app/out/vs/workbench/api/node/extensionHostProcess.js:116:1434)
	at es (file:///nix/store/r8kg5ngllwal5bnwnzx9qw7mp3ni1333-vscode-1.99.3/lib/vscode/resources/app/out/vs/workbench/api/node/extensionHostProcess.js:197:5701)
	at MessagePortMain.<anonymous> (file:///nix/store/r8kg5ngllwal5bnwnzx9qw7mp3ni1333-vscode-1.99.3/lib/vscode/resources/app/out/vs/workbench/api/node/extensionHostProcess.js:197:2249)
	at MessagePortMain.emit (node:events:518:28)
	at MessagePortMain._internalPort.emit (node:electron/js2c/utility_init:2:2949) setContext undefined
2025-05-07 23:40:51.104 [error] Canceled: Canceled
	at new HR (file:///nix/store/r8kg5ngllwal5bnwnzx9qw7mp3ni1333-vscode-1.99.3/lib/vscode/resources/app/out/vs/workbench/api/node/extensionHostProcess.js:29:111362)
	at i4.U (file:///nix/store/r8kg5ngllwal5bnwnzx9qw7mp3ni1333-vscode-1.99.3/lib/vscode/resources/app/out/vs/workbench/api/node/extensionHostProcess.js:29:115973)
	at s.<computed>.n.charCodeAt.s.<computed> (file:///nix/store/r8kg5ngllwal5bnwnzx9qw7mp3ni1333-vscode-1.99.3/lib/vscode/resources/app/out/vs/workbench/api/node/extensionHostProcess.js:29:113467)
	at vw.g (file:///nix/store/r8kg5ngllwal5bnwnzx9qw7mp3ni1333-vscode-1.99.3/lib/vscode/resources/app/out/vs/workbench/api/node/extensionHostProcess.js:111:40983)
	at vw.executeCommand (file:///nix/store/r8kg5ngllwal5bnwnzx9qw7mp3ni1333-vscode-1.99.3/lib/vscode/resources/app/out/vs/workbench/api/node/extensionHostProcess.js:111:40487)
	at r.registerCommand.description (file:///nix/store/r8kg5ngllwal5bnwnzx9qw7mp3ni1333-vscode-1.99.3/lib/vscode/resources/app/out/vs/workbench/api/node/extensionHostProcess.js:111:39817)
	at vw.h (file:///nix/store/r8kg5ngllwal5bnwnzx9qw7mp3ni1333-vscode-1.99.3/lib/vscode/resources/app/out/vs/workbench/api/node/extensionHostProcess.js:111:41503)
	at vw.g (file:///nix/store/r8kg5ngllwal5bnwnzx9qw7mp3ni1333-vscode-1.99.3/lib/vscode/resources/app/out/vs/workbench/api/node/extensionHostProcess.js:111:40580)
	at vw.executeCommand (file:///nix/store/r8kg5ngllwal5bnwnzx9qw7mp3ni1333-vscode-1.99.3/lib/vscode/resources/app/out/vs/workbench/api/node/extensionHostProcess.js:111:40487)
	at Object.executeCommand (file:///nix/store/r8kg5ngllwal5bnwnzx9qw7mp3ni1333-vscode-1.99.3/lib/vscode/resources/app/out/vs/workbench/api/node/extensionHostProcess.js:173:30346)
	at set hasGitHubRepositories (/nix/store/r8kg5ngllwal5bnwnzx9qw7mp3ni1333-vscode-1.99.3/lib/vscode/resources/app/extensions/github/dist/extension.js:2:217805)
	at /nix/store/r8kg5ngllwal5bnwnzx9qw7mp3ni1333-vscode-1.99.3/lib/vscode/resources/app/extensions/github/dist/extension.js:2:218764
	at Ah.value (/nix/store/r8kg5ngllwal5bnwnzx9qw7mp3ni1333-vscode-1.99.3/lib/vscode/resources/app/extensions/git/dist/main.js:2:631688)
	at D.B (file:///nix/store/r8kg5ngllwal5bnwnzx9qw7mp3ni1333-vscode-1.99.3/lib/vscode/resources/app/out/vs/workbench/api/node/extensionHostProcess.js:27:2375)
	at D.C (file:///nix/store/r8kg5ngllwal5bnwnzx9qw7mp3ni1333-vscode-1.99.3/lib/vscode/resources/app/out/vs/workbench/api/node/extensionHostProcess.js:27:2445)
	at D.fire (file:///nix/store/r8kg5ngllwal5bnwnzx9qw7mp3ni1333-vscode-1.99.3/lib/vscode/resources/app/out/vs/workbench/api/node/extensionHostProcess.js:27:2662)
	at Object.g [as dispose] (/nix/store/r8kg5ngllwal5bnwnzx9qw7mp3ni1333-vscode-1.99.3/lib/vscode/resources/app/extensions/git/dist/main.js:2:534449)
	at /nix/store/r8kg5ngllwal5bnwnzx9qw7mp3ni1333-vscode-1.99.3/lib/vscode/resources/app/extensions/git/dist/main.js:2:540767
	at Array.forEach (<anonymous>)
	at b.dispose (/nix/store/r8kg5ngllwal5bnwnzx9qw7mp3ni1333-vscode-1.99.3/lib/vscode/resources/app/extensions/git/dist/main.js:2:540753)
	at iv.<anonymous> (file:///nix/store/r8kg5ngllwal5bnwnzx9qw7mp3ni1333-vscode-1.99.3/lib/vscode/resources/app/out/vs/workbench/api/node/extensionHostProcess.js:107:8922)
	at iv.dispose (file:///nix/store/r8kg5ngllwal5bnwnzx9qw7mp3ni1333-vscode-1.99.3/lib/vscode/resources/app/out/vs/workbench/api/node/extensionHostProcess.js:107:9018)
	at iv.<anonymous> (/nix/store/r8kg5ngllwal5bnwnzx9qw7mp3ni1333-vscode-1.99.3/lib/vscode/resources/app/extensions/git/dist/main.js:2:514293)
	at iv.dispose (file:///nix/store/r8kg5ngllwal5bnwnzx9qw7mp3ni1333-vscode-1.99.3/lib/vscode/resources/app/out/vs/workbench/api/node/extensionHostProcess.js:107:9018)
	at pi (file:///nix/store/r8kg5ngllwal5bnwnzx9qw7mp3ni1333-vscode-1.99.3/lib/vscode/resources/app/out/vs/workbench/api/node/extensionHostProcess.js:25:701)
	at file:///nix/store/r8kg5ngllwal5bnwnzx9qw7mp3ni1333-vscode-1.99.3/lib/vscode/resources/app/out/vs/workbench/api/node/extensionHostProcess.js:115:14994
	at file:///nix/store/r8kg5ngllwal5bnwnzx9qw7mp3ni1333-vscode-1.99.3/lib/vscode/resources/app/out/vs/workbench/api/node/extensionHostProcess.js:25:1011
	at Object.dispose (file:///nix/store/r8kg5ngllwal5bnwnzx9qw7mp3ni1333-vscode-1.99.3/lib/vscode/resources/app/out/vs/workbench/api/node/extensionHostProcess.js:8:705)
	at vV.eb (file:///nix/store/r8kg5ngllwal5bnwnzx9qw7mp3ni1333-vscode-1.99.3/lib/vscode/resources/app/out/vs/workbench/api/node/extensionHostProcess.js:115:11921)
	at file:///nix/store/r8kg5ngllwal5bnwnzx9qw7mp3ni1333-vscode-1.99.3/lib/vscode/resources/app/out/vs/workbench/api/node/extensionHostProcess.js:115:9876
	at Array.map (<anonymous>)
	at vV.$ (file:///nix/store/r8kg5ngllwal5bnwnzx9qw7mp3ni1333-vscode-1.99.3/lib/vscode/resources/app/out/vs/workbench/api/node/extensionHostProcess.js:115:9864)
	at vV.terminate (file:///nix/store/r8kg5ngllwal5bnwnzx9qw7mp3ni1333-vscode-1.99.3/lib/vscode/resources/app/out/vs/workbench/api/node/extensionHostProcess.js:115:10107)
	at oD.terminate (file:///nix/store/r8kg5ngllwal5bnwnzx9qw7mp3ni1333-vscode-1.99.3/lib/vscode/resources/app/out/vs/workbench/api/node/extensionHostProcess.js:116:1434)
	at es (file:///nix/store/r8kg5ngllwal5bnwnzx9qw7mp3ni1333-vscode-1.99.3/lib/vscode/resources/app/out/vs/workbench/api/node/extensionHostProcess.js:197:5701)
	at MessagePortMain.<anonymous> (file:///nix/store/r8kg5ngllwal5bnwnzx9qw7mp3ni1333-vscode-1.99.3/lib/vscode/resources/app/out/vs/workbench/api/node/extensionHostProcess.js:197:2249)
	at MessagePortMain.emit (node:events:518:28)
	at MessagePortMain._internalPort.emit (node:electron/js2c/utility_init:2:2949) setContext undefined
2025-05-07 23:40:51.105 [info] Extension host with pid 3152 exiting with code 0
