2025-05-05 19:23:43.021 [info] Added views:outline in workbench.view.explorer
2025-05-05 19:23:43.022 [info] Added views:workbench.view.search in workbench.view.search
2025-05-05 19:23:43.022 [info] Added views:workbench.scm in workbench.view.scm
2025-05-05 19:23:43.022 [info] Added views:workbench.panel.markers.view in workbench.panel.markers
2025-05-05 19:23:43.022 [info] Added views:workbench.panel.output in workbench.panel.output
2025-05-05 19:23:43.022 [info] Added views:terminal in terminal
2025-05-05 19:23:43.022 [info] Added views:timeline in workbench.view.explorer
2025-05-05 19:23:43.022 [info] Added views:workbench.explorer.emptyView in workbench.view.explorer
2025-05-05 19:23:43.103 [info] Added views:workbench.debug.variablesView,workbench.debug.watchExpressionsView,workbench.debug.callStackView,workbench.debug.breakPointsView in workbench.view.debug
2025-05-05 19:23:43.622 [info] Added views:workbench.panel.repl.view in workbench.panel.repl
2025-05-05 19:23:43.623 [info] Removed views:workbench.debug.breakPointsView,workbench.debug.callStackView,workbench.debug.watchExpressionsView,workbench.debug.variablesView from workbench.view.debug
2025-05-05 19:23:43.623 [info] Added views:workbench.debug.welcome in workbench.view.debug
2025-05-05 19:23:43.724 [info] Added views:~remote.forwardedPorts in ~remote.forwardedPortsContainer
2025-05-05 19:24:25.834 [info] Added views:workbench.views.extensions.installed,workbench.views.extensions.popular,extensions.recommendedList in workbench.view.extensions
2025-05-05 19:24:25.835 [info] Removed views:workbench.views.extensions.popular from workbench.view.extensions
2025-05-05 19:24:29.721 [info] Removed views:extensions.recommendedList,workbench.views.extensions.installed from workbench.view.extensions
2025-05-05 19:24:29.726 [info] Added views:workbench.views.extensions.marketplace in workbench.view.extensions
2025-05-05 19:28:34.093 [info] Added views:outline in workbench.view.explorer
2025-05-05 19:28:34.093 [info] Added views:workbench.view.search in workbench.view.search
2025-05-05 19:28:34.093 [info] Added views:workbench.scm in workbench.view.scm
2025-05-05 19:28:34.093 [info] Added views:workbench.panel.markers.view in workbench.panel.markers
2025-05-05 19:28:34.093 [info] Added views:workbench.panel.output in workbench.panel.output
2025-05-05 19:28:34.093 [info] Added views:terminal in terminal
2025-05-05 19:28:34.093 [info] Added views:timeline in workbench.view.explorer
2025-05-05 19:28:34.093 [info] Added views:workbench.explorer.fileView in workbench.view.explorer
2025-05-05 19:28:34.516 [info] Added views:workbench.debug.variablesView,workbench.debug.watchExpressionsView,workbench.debug.callStackView,workbench.debug.breakPointsView in workbench.view.debug
2025-05-05 19:28:34.588 [info] Added views:workbench.panel.repl.view in workbench.panel.repl
2025-05-05 19:28:34.589 [info] Removed views:workbench.debug.breakPointsView,workbench.debug.callStackView,workbench.debug.watchExpressionsView,workbench.debug.variablesView from workbench.view.debug
2025-05-05 19:28:34.589 [info] Added views:workbench.debug.welcome in workbench.view.debug
2025-05-05 19:28:34.598 [info] Added views:~remote.forwardedPorts in ~remote.forwardedPortsContainer
2025-05-05 19:28:38.563 [info] Added views:workbench.views.extensions.installed,workbench.views.extensions.popular,extensions.recommendedList in workbench.view.extensions
2025-05-05 19:28:38.564 [info] Removed views:workbench.views.extensions.popular from workbench.view.extensions
2025-05-05 19:29:08.592 [info] Removed views:extensions.recommendedList,workbench.views.extensions.installed from workbench.view.extensions
2025-05-05 19:29:08.598 [info] Added views:workbench.views.extensions.marketplace in workbench.view.extensions
