2025-05-05 22:00:27.801 [info] [main] 日志级别: Info
2025-05-05 22:00:27.801 [info] [main] 正在验证在以下位置找到的 git: "git"
2025-05-05 22:00:27.801 [info] [main] 使用来自 "git" 的 git "2.49.0"
2025-05-05 22:00:27.801 [info] [Model][doInitialScan] Initial repository scan started
2025-05-05 22:00:27.801 [info] > git rev-parse --show-toplevel [4ms]
2025-05-05 22:00:27.801 [info] fatal: not a git repository (or any of the parent directories): .git
2025-05-05 22:00:27.801 [info] [Model][doInitialScan] Initial repository scan completed - repositories (0), closed repositories (0), parent repositories (0), unsafe repositories (0)
2025-05-05 22:00:31.200 [info] > git rev-parse --show-toplevel [2ms]
2025-05-05 22:00:31.200 [info] fatal: not a git repository (or any of the parent directories): .git
2025-05-05 22:00:58.087 [info] > git rev-parse --show-toplevel [2ms]
2025-05-05 22:00:58.087 [info] fatal: not a git repository (or any of the parent directories): .git
2025-05-05 22:01:11.686 [info] > git rev-parse --show-toplevel [1ms]
2025-05-05 22:01:11.686 [info] fatal: not a git repository (or any of the parent directories): .git
2025-05-05 22:01:17.430 [info] > git rev-parse --show-toplevel [2ms]
2025-05-05 22:01:17.430 [info] fatal: not a git repository (or any of the parent directories): .git
2025-05-05 22:01:25.498 [info] > git rev-parse --show-toplevel [1ms]
2025-05-05 22:01:25.498 [info] fatal: not a git repository (or any of the parent directories): .git
2025-05-05 22:01:35.023 [info] > git rev-parse --show-toplevel [1ms]
2025-05-05 22:01:35.023 [info] fatal: not a git repository (or any of the parent directories): .git
2025-05-05 22:02:21.132 [info] > git rev-parse --show-toplevel [1ms]
2025-05-05 22:02:21.132 [info] fatal: not a git repository (or any of the parent directories): .git
2025-05-05 22:03:09.755 [info] > git rev-parse --show-toplevel [2ms]
2025-05-05 22:03:09.755 [info] fatal: not a git repository (or any of the parent directories): .git
2025-05-05 22:03:40.548 [info] > git rev-parse --show-toplevel [2ms]
2025-05-05 22:03:40.549 [info] fatal: not a git repository (or any of the parent directories): .git
2025-05-05 22:03:40.556 [info] > git rev-parse --show-toplevel [1ms]
2025-05-05 22:03:40.556 [info] fatal: not a git repository (or any of the parent directories): .git
2025-05-05 22:04:10.327 [info] > git rev-parse --show-toplevel [1ms]
2025-05-05 22:04:10.327 [info] fatal: not a git repository (or any of the parent directories): .git
2025-05-05 22:04:10.356 [info] > git rev-parse --show-toplevel [2ms]
2025-05-05 22:04:10.356 [info] fatal: not a git repository (or any of the parent directories): .git
2025-05-05 22:04:10.364 [info] > git rev-parse --show-toplevel [1ms]
2025-05-05 22:04:10.364 [info] fatal: not a git repository (or any of the parent directories): .git
2025-05-05 22:04:20.867 [info] > git rev-parse --show-toplevel [1ms]
2025-05-05 22:04:20.867 [info] fatal: not a git repository (or any of the parent directories): .git
2025-05-05 22:04:20.898 [info] > git rev-parse --show-toplevel [2ms]
2025-05-05 22:04:20.898 [info] fatal: not a git repository (or any of the parent directories): .git
2025-05-05 22:04:20.906 [info] > git rev-parse --show-toplevel [1ms]
2025-05-05 22:04:20.906 [info] fatal: not a git repository (or any of the parent directories): .git
2025-05-05 22:04:30.096 [info] > git rev-parse --show-toplevel [1ms]
2025-05-05 22:04:30.096 [info] fatal: not a git repository (or any of the parent directories): .git
2025-05-05 22:04:30.121 [info] > git rev-parse --show-toplevel [2ms]
2025-05-05 22:04:30.121 [info] fatal: not a git repository (or any of the parent directories): .git
2025-05-05 22:04:30.130 [info] > git rev-parse --show-toplevel [1ms]
2025-05-05 22:04:30.130 [info] fatal: not a git repository (or any of the parent directories): .git
2025-05-05 22:04:37.622 [info] > git rev-parse --show-toplevel [2ms]
2025-05-05 22:04:37.622 [info] fatal: not a git repository (or any of the parent directories): .git
2025-05-05 22:04:37.639 [info] > git rev-parse --show-toplevel [2ms]
2025-05-05 22:04:37.639 [info] fatal: not a git repository (or any of the parent directories): .git
2025-05-05 22:04:37.646 [info] > git rev-parse --show-toplevel [1ms]
2025-05-05 22:04:37.646 [info] fatal: not a git repository (or any of the parent directories): .git
2025-05-05 22:04:58.582 [info] > git rev-parse --show-toplevel [2ms]
2025-05-05 22:04:58.582 [info] fatal: not a git repository (or any of the parent directories): .git
2025-05-05 22:04:58.598 [info] > git rev-parse --show-toplevel [1ms]
2025-05-05 22:04:58.598 [info] fatal: not a git repository (or any of the parent directories): .git
2025-05-05 22:04:58.606 [info] > git rev-parse --show-toplevel [1ms]
2025-05-05 22:04:58.606 [info] fatal: not a git repository (or any of the parent directories): .git
2025-05-05 22:05:55.826 [info] > git rev-parse --show-toplevel [2ms]
2025-05-05 22:05:55.826 [info] fatal: not a git repository (or any of the parent directories): .git
2025-05-05 22:05:55.844 [info] > git rev-parse --show-toplevel [1ms]
2025-05-05 22:05:55.844 [info] fatal: not a git repository (or any of the parent directories): .git
2025-05-05 22:05:55.852 [info] > git rev-parse --show-toplevel [1ms]
2025-05-05 22:05:55.852 [info] fatal: not a git repository (or any of the parent directories): .git
2025-05-05 22:06:04.723 [info] > git rev-parse --show-toplevel [1ms]
2025-05-05 22:06:04.723 [info] fatal: not a git repository (or any of the parent directories): .git
2025-05-05 22:06:04.739 [info] > git rev-parse --show-toplevel [1ms]
2025-05-05 22:06:04.739 [info] fatal: not a git repository (or any of the parent directories): .git
2025-05-05 22:06:04.746 [info] > git rev-parse --show-toplevel [1ms]
2025-05-05 22:06:04.746 [info] fatal: not a git repository (or any of the parent directories): .git
2025-05-05 22:06:20.686 [info] > git rev-parse --show-toplevel [1ms]
2025-05-05 22:06:20.686 [info] fatal: not a git repository (or any of the parent directories): .git
2025-05-05 22:06:20.703 [info] > git rev-parse --show-toplevel [2ms]
2025-05-05 22:06:20.703 [info] fatal: not a git repository (or any of the parent directories): .git
2025-05-05 22:06:20.711 [info] > git rev-parse --show-toplevel [1ms]
2025-05-05 22:06:20.711 [info] fatal: not a git repository (or any of the parent directories): .git
2025-05-05 22:06:25.356 [info] > git rev-parse --show-toplevel [1ms]
2025-05-05 22:06:25.356 [info] fatal: not a git repository (or any of the parent directories): .git
2025-05-05 22:06:25.379 [info] > git rev-parse --show-toplevel [1ms]
2025-05-05 22:06:25.379 [info] fatal: not a git repository (or any of the parent directories): .git
2025-05-05 22:06:25.390 [info] > git rev-parse --show-toplevel [2ms]
2025-05-05 22:06:25.390 [info] fatal: not a git repository (or any of the parent directories): .git
2025-05-05 22:06:31.352 [info] > git rev-parse --show-toplevel [2ms]
2025-05-05 22:06:31.352 [info] fatal: not a git repository (or any of the parent directories): .git
2025-05-05 22:06:31.363 [info] > git rev-parse --show-toplevel [2ms]
2025-05-05 22:06:31.363 [info] fatal: not a git repository (or any of the parent directories): .git
2025-05-05 22:06:31.370 [info] > git rev-parse --show-toplevel [1ms]
2025-05-05 22:06:31.370 [info] fatal: not a git repository (or any of the parent directories): .git
2025-05-05 22:06:40.285 [info] > git rev-parse --show-toplevel [1ms]
2025-05-05 22:06:40.285 [info] fatal: not a git repository (or any of the parent directories): .git
2025-05-05 22:06:40.306 [info] > git rev-parse --show-toplevel [1ms]
2025-05-05 22:06:40.306 [info] fatal: not a git repository (or any of the parent directories): .git
2025-05-05 22:06:40.314 [info] > git rev-parse --show-toplevel [1ms]
2025-05-05 22:06:40.314 [info] fatal: not a git repository (or any of the parent directories): .git
2025-05-05 22:06:46.740 [info] > git rev-parse --show-toplevel [1ms]
2025-05-05 22:06:46.740 [info] fatal: not a git repository (or any of the parent directories): .git
2025-05-05 22:06:46.756 [info] > git rev-parse --show-toplevel [2ms]
2025-05-05 22:06:46.756 [info] fatal: not a git repository (or any of the parent directories): .git
2025-05-05 22:06:46.763 [info] > git rev-parse --show-toplevel [1ms]
2025-05-05 22:06:46.763 [info] fatal: not a git repository (or any of the parent directories): .git
2025-05-05 22:07:01.224 [info] > git rev-parse --show-toplevel [1ms]
2025-05-05 22:07:01.224 [info] fatal: not a git repository (or any of the parent directories): .git
2025-05-05 22:07:01.244 [info] > git rev-parse --show-toplevel [2ms]
2025-05-05 22:07:01.244 [info] fatal: not a git repository (or any of the parent directories): .git
2025-05-05 22:07:01.252 [info] > git rev-parse --show-toplevel [1ms]
2025-05-05 22:07:01.252 [info] fatal: not a git repository (or any of the parent directories): .git
2025-05-05 22:07:13.771 [info] > git rev-parse --show-toplevel [1ms]
2025-05-05 22:07:13.771 [info] fatal: not a git repository (or any of the parent directories): .git
2025-05-05 22:07:13.791 [info] > git rev-parse --show-toplevel [2ms]
2025-05-05 22:07:13.791 [info] fatal: not a git repository (or any of the parent directories): .git
2025-05-05 22:07:13.799 [info] > git rev-parse --show-toplevel [1ms]
2025-05-05 22:07:13.799 [info] fatal: not a git repository (or any of the parent directories): .git
2025-05-05 22:07:20.647 [info] > git rev-parse --show-toplevel [1ms]
2025-05-05 22:07:20.647 [info] fatal: not a git repository (or any of the parent directories): .git
2025-05-05 22:07:20.666 [info] > git rev-parse --show-toplevel [1ms]
2025-05-05 22:07:20.666 [info] fatal: not a git repository (or any of the parent directories): .git
2025-05-05 22:07:20.674 [info] > git rev-parse --show-toplevel [1ms]
2025-05-05 22:07:20.674 [info] fatal: not a git repository (or any of the parent directories): .git
2025-05-05 22:07:29.293 [info] > git rev-parse --show-toplevel [1ms]
2025-05-05 22:07:29.293 [info] fatal: not a git repository (or any of the parent directories): .git
2025-05-05 22:07:29.312 [info] > git rev-parse --show-toplevel [1ms]
2025-05-05 22:07:29.312 [info] fatal: not a git repository (or any of the parent directories): .git
2025-05-05 22:07:29.320 [info] > git rev-parse --show-toplevel [1ms]
2025-05-05 22:07:29.320 [info] fatal: not a git repository (or any of the parent directories): .git
2025-05-05 22:07:40.534 [info] > git rev-parse --show-toplevel [1ms]
2025-05-05 22:07:40.534 [info] fatal: not a git repository (or any of the parent directories): .git
2025-05-05 22:07:40.553 [info] > git rev-parse --show-toplevel [1ms]
2025-05-05 22:07:40.553 [info] fatal: not a git repository (or any of the parent directories): .git
2025-05-05 22:07:40.562 [info] > git rev-parse --show-toplevel [1ms]
2025-05-05 22:07:40.562 [info] fatal: not a git repository (or any of the parent directories): .git
2025-05-05 22:07:49.848 [info] > git rev-parse --show-toplevel [1ms]
2025-05-05 22:07:49.848 [info] fatal: not a git repository (or any of the parent directories): .git
2025-05-05 22:07:49.867 [info] > git rev-parse --show-toplevel [3ms]
2025-05-05 22:07:49.867 [info] fatal: not a git repository (or any of the parent directories): .git
2025-05-05 22:07:49.875 [info] > git rev-parse --show-toplevel [1ms]
2025-05-05 22:07:49.875 [info] fatal: not a git repository (or any of the parent directories): .git
2025-05-05 22:08:00.180 [info] > git rev-parse --show-toplevel [1ms]
2025-05-05 22:08:00.180 [info] fatal: not a git repository (or any of the parent directories): .git
2025-05-05 22:08:00.199 [info] > git rev-parse --show-toplevel [1ms]
2025-05-05 22:08:00.199 [info] fatal: not a git repository (or any of the parent directories): .git
2025-05-05 22:08:00.207 [info] > git rev-parse --show-toplevel [2ms]
2025-05-05 22:08:00.207 [info] fatal: not a git repository (or any of the parent directories): .git
2025-05-05 22:08:19.111 [info] > git rev-parse --show-toplevel [1ms]
2025-05-05 22:08:19.111 [info] fatal: not a git repository (or any of the parent directories): .git
2025-05-05 22:08:19.129 [info] > git rev-parse --show-toplevel [1ms]
2025-05-05 22:08:19.130 [info] fatal: not a git repository (or any of the parent directories): .git
2025-05-05 22:08:19.137 [info] > git rev-parse --show-toplevel [1ms]
2025-05-05 22:08:19.137 [info] fatal: not a git repository (or any of the parent directories): .git
2025-05-05 22:08:42.566 [info] > git rev-parse --show-toplevel [1ms]
2025-05-05 22:08:42.566 [info] fatal: not a git repository (or any of the parent directories): .git
2025-05-05 22:08:42.587 [info] > git rev-parse --show-toplevel [1ms]
2025-05-05 22:08:42.587 [info] fatal: not a git repository (or any of the parent directories): .git
2025-05-05 22:08:42.595 [info] > git rev-parse --show-toplevel [2ms]
2025-05-05 22:08:42.595 [info] fatal: not a git repository (or any of the parent directories): .git
2025-05-05 22:09:06.257 [info] > git rev-parse --show-toplevel [2ms]
2025-05-05 22:09:06.257 [info] fatal: not a git repository (or any of the parent directories): .git
2025-05-05 22:09:06.277 [info] > git rev-parse --show-toplevel [1ms]
2025-05-05 22:09:06.277 [info] fatal: not a git repository (or any of the parent directories): .git
2025-05-05 22:09:06.285 [info] > git rev-parse --show-toplevel [1ms]
2025-05-05 22:09:06.285 [info] fatal: not a git repository (or any of the parent directories): .git
2025-05-05 22:10:06.736 [info] > git rev-parse --show-toplevel [1ms]
2025-05-05 22:10:06.736 [info] fatal: not a git repository (or any of the parent directories): .git
2025-05-05 22:10:06.760 [info] > git rev-parse --show-toplevel [1ms]
2025-05-05 22:10:06.760 [info] fatal: not a git repository (or any of the parent directories): .git
2025-05-05 22:10:06.768 [info] > git rev-parse --show-toplevel [1ms]
2025-05-05 22:10:06.768 [info] fatal: not a git repository (or any of the parent directories): .git
2025-05-05 22:11:50.478 [info] > git rev-parse --show-toplevel [1ms]
2025-05-05 22:11:50.478 [info] fatal: not a git repository (or any of the parent directories): .git
2025-05-05 22:11:50.501 [info] > git rev-parse --show-toplevel [1ms]
2025-05-05 22:11:50.501 [info] fatal: not a git repository (or any of the parent directories): .git
2025-05-05 22:11:50.509 [info] > git rev-parse --show-toplevel [1ms]
2025-05-05 22:11:50.509 [info] fatal: not a git repository (or any of the parent directories): .git
2025-05-05 22:12:06.410 [info] > git rev-parse --show-toplevel [1ms]
2025-05-05 22:12:06.410 [info] fatal: not a git repository (or any of the parent directories): .git
2025-05-05 22:12:06.428 [info] > git rev-parse --show-toplevel [1ms]
2025-05-05 22:12:06.428 [info] fatal: not a git repository (or any of the parent directories): .git
2025-05-05 22:12:06.436 [info] > git rev-parse --show-toplevel [1ms]
2025-05-05 22:12:06.436 [info] fatal: not a git repository (or any of the parent directories): .git
2025-05-05 22:12:52.936 [info] > git rev-parse --show-toplevel [1ms]
2025-05-05 22:12:52.936 [info] fatal: not a git repository (or any of the parent directories): .git
2025-05-05 22:12:52.954 [info] > git rev-parse --show-toplevel [2ms]
2025-05-05 22:12:52.954 [info] fatal: not a git repository (or any of the parent directories): .git
2025-05-05 22:12:52.962 [info] > git rev-parse --show-toplevel [1ms]
2025-05-05 22:12:52.962 [info] fatal: not a git repository (or any of the parent directories): .git
2025-05-05 22:13:00.531 [info] > git rev-parse --show-toplevel [1ms]
2025-05-05 22:13:00.531 [info] fatal: not a git repository (or any of the parent directories): .git
2025-05-05 22:13:00.553 [info] > git rev-parse --show-toplevel [1ms]
2025-05-05 22:13:00.553 [info] fatal: not a git repository (or any of the parent directories): .git
2025-05-05 22:13:00.564 [info] > git rev-parse --show-toplevel [2ms]
2025-05-05 22:13:00.564 [info] fatal: not a git repository (or any of the parent directories): .git
2025-05-05 22:13:48.325 [info] > git rev-parse --show-toplevel [1ms]
2025-05-05 22:13:48.325 [info] fatal: not a git repository (or any of the parent directories): .git
2025-05-05 22:13:48.334 [info] > git rev-parse --show-toplevel [2ms]
2025-05-05 22:13:48.334 [info] fatal: not a git repository (or any of the parent directories): .git
2025-05-05 22:13:48.342 [info] > git rev-parse --show-toplevel [1ms]
2025-05-05 22:13:48.343 [info] fatal: not a git repository (or any of the parent directories): .git
2025-05-05 22:14:16.952 [info] > git rev-parse --show-toplevel [1ms]
2025-05-05 22:14:16.952 [info] fatal: not a git repository (or any of the parent directories): .git
2025-05-05 22:14:16.961 [info] > git rev-parse --show-toplevel [1ms]
2025-05-05 22:14:16.961 [info] fatal: not a git repository (or any of the parent directories): .git
2025-05-05 22:14:16.971 [info] > git rev-parse --show-toplevel [3ms]
2025-05-05 22:14:16.971 [info] fatal: not a git repository (or any of the parent directories): .git
2025-05-05 22:14:32.746 [info] > git rev-parse --show-toplevel [1ms]
2025-05-05 22:14:32.746 [info] fatal: not a git repository (or any of the parent directories): .git
2025-05-05 22:14:32.775 [info] > git rev-parse --show-toplevel [1ms]
2025-05-05 22:14:32.775 [info] fatal: not a git repository (or any of the parent directories): .git
2025-05-05 22:14:32.783 [info] > git rev-parse --show-toplevel [1ms]
2025-05-05 22:14:32.783 [info] fatal: not a git repository (or any of the parent directories): .git
2025-05-05 22:22:05.813 [info] [main] 日志级别: Info
2025-05-05 22:22:05.813 [info] [main] 正在验证在以下位置找到的 git: "git"
2025-05-05 22:22:05.813 [info] [main] 使用来自 "git" 的 git "2.49.0"
2025-05-05 22:22:05.813 [info] [Model][doInitialScan] Initial repository scan started
2025-05-05 22:22:05.813 [info] > git rev-parse --show-toplevel [4ms]
2025-05-05 22:22:05.813 [info] fatal: not a git repository (or any of the parent directories): .git
2025-05-05 22:22:05.813 [info] [Model][doInitialScan] Initial repository scan completed - repositories (0), closed repositories (0), parent repositories (0), unsafe repositories (0)
2025-05-05 22:22:07.059 [info] > git rev-parse --show-toplevel [1ms]
2025-05-05 22:22:07.059 [info] fatal: not a git repository (or any of the parent directories): .git
2025-05-05 22:22:11.339 [info] > git rev-parse --show-toplevel [1ms]
2025-05-05 22:22:11.339 [info] fatal: not a git repository (or any of the parent directories): .git
2025-05-05 22:22:11.353 [info] > git rev-parse --show-toplevel [1ms]
2025-05-05 22:22:11.353 [info] fatal: not a git repository (or any of the parent directories): .git
2025-05-05 22:22:24.010 [info] [main] 日志级别: Info
2025-05-05 22:22:24.010 [info] [main] 正在验证在以下位置找到的 git: "git"
2025-05-05 22:22:24.010 [info] [main] 使用来自 "git" 的 git "2.49.0"
2025-05-05 22:22:24.010 [info] [Model][doInitialScan] Initial repository scan started
2025-05-05 22:22:24.010 [info] > git rev-parse --show-toplevel [16ms]
2025-05-05 22:22:24.010 [info] fatal: not a git repository (or any of the parent directories): .git
2025-05-05 22:22:24.038 [info] > git rev-parse --show-toplevel [29ms]
2025-05-05 22:22:24.038 [info] fatal: not a git repository (or any of the parent directories): .git
2025-05-05 22:22:24.073 [info] > git rev-parse --show-toplevel [27ms]
2025-05-05 22:22:24.073 [info] fatal: not a git repository (or any of the parent directories): .git
2025-05-05 22:22:24.083 [info] > git rev-parse --show-toplevel [2ms]
2025-05-05 22:22:24.083 [info] fatal: not a git repository (or any of the parent directories): .git
2025-05-05 22:22:24.085 [info] [Model][doInitialScan] Initial repository scan completed - repositories (0), closed repositories (0), parent repositories (0), unsafe repositories (0)
2025-05-05 22:22:25.235 [info] > git rev-parse --show-toplevel [1ms]
2025-05-05 22:22:25.235 [info] fatal: not a git repository (or any of the parent directories): .git
2025-05-05 22:22:36.939 [info] > git rev-parse --show-toplevel [18ms]
2025-05-05 22:22:36.939 [info] fatal: not a git repository (or any of the parent directories): .git
2025-05-05 22:22:41.110 [info] > git rev-parse --show-toplevel [2ms]
2025-05-05 22:22:41.110 [info] fatal: not a git repository (or any of the parent directories): .git
2025-05-05 22:22:47.434 [info] > git rev-parse --show-toplevel [8ms]
2025-05-05 22:22:47.434 [info] fatal: not a git repository (or any of the parent directories): .git
2025-05-05 22:50:08.097 [info] > git rev-parse --show-toplevel [1ms]
2025-05-05 22:50:08.097 [info] fatal: not a git repository (or any of the parent directories): .git
2025-05-05 22:50:19.006 [info] > git rev-parse --show-toplevel [1ms]
2025-05-05 22:50:19.006 [info] fatal: not a git repository (or any of the parent directories): .git
2025-05-05 22:50:25.127 [info] > git rev-parse --show-toplevel [1ms]
2025-05-05 22:50:25.128 [info] fatal: not a git repository (or any of the parent directories): .git
2025-05-05 22:50:31.696 [info] > git rev-parse --show-toplevel [2ms]
2025-05-05 22:50:31.696 [info] fatal: not a git repository (or any of the parent directories): .git
2025-05-05 22:50:38.771 [info] > git rev-parse --show-toplevel [2ms]
2025-05-05 22:50:38.771 [info] fatal: not a git repository (or any of the parent directories): .git
2025-05-05 22:50:43.592 [info] > git rev-parse --show-toplevel [2ms]
2025-05-05 22:50:43.592 [info] fatal: not a git repository (or any of the parent directories): .git
2025-05-05 22:51:00.315 [info] > git rev-parse --show-toplevel [1ms]
2025-05-05 22:51:00.315 [info] fatal: not a git repository (or any of the parent directories): .git
2025-05-05 22:51:06.508 [info] > git rev-parse --show-toplevel [2ms]
2025-05-05 22:51:06.508 [info] fatal: not a git repository (or any of the parent directories): .git
2025-05-05 22:51:12.045 [info] > git rev-parse --show-toplevel [1ms]
2025-05-05 22:51:12.045 [info] fatal: not a git repository (or any of the parent directories): .git
2025-05-05 22:51:23.371 [info] > git rev-parse --show-toplevel [2ms]
2025-05-05 22:51:23.371 [info] fatal: not a git repository (or any of the parent directories): .git
2025-05-05 22:51:28.001 [info] > git rev-parse --show-toplevel [2ms]
2025-05-05 22:51:28.001 [info] fatal: not a git repository (or any of the parent directories): .git
2025-05-05 22:51:34.654 [info] > git rev-parse --show-toplevel [1ms]
2025-05-05 22:51:34.654 [info] fatal: not a git repository (or any of the parent directories): .git
2025-05-05 22:51:37.734 [info] > git rev-parse --show-toplevel [2ms]
2025-05-05 22:51:37.734 [info] fatal: not a git repository (or any of the parent directories): .git
2025-05-05 22:51:45.525 [info] > git rev-parse --show-toplevel [1ms]
2025-05-05 22:51:45.525 [info] fatal: not a git repository (or any of the parent directories): .git
2025-05-05 22:51:50.754 [info] > git rev-parse --show-toplevel [1ms]
2025-05-05 22:51:50.754 [info] fatal: not a git repository (or any of the parent directories): .git
2025-05-05 23:10:36.847 [info] > git rev-parse --show-toplevel [2ms]
2025-05-05 23:10:36.847 [info] fatal: not a git repository (or any of the parent directories): .git
2025-05-05 23:10:41.163 [info] > git rev-parse --show-toplevel [2ms]
2025-05-05 23:10:41.163 [info] fatal: not a git repository (or any of the parent directories): .git
2025-05-05 23:10:47.528 [info] > git rev-parse --show-toplevel [1ms]
2025-05-05 23:10:47.528 [info] fatal: not a git repository (or any of the parent directories): .git
