2025-05-07 23:47:22.296 [info] [main] 日志级别: Info
2025-05-07 23:47:22.296 [info] [main] 正在验证在以下位置找到的 git: "git"
2025-05-07 23:47:22.296 [info] [main] 使用来自 "git" 的 git "2.47.2"
2025-05-07 23:47:22.296 [info] [Model][doInitialScan] Initial repository scan started
2025-05-07 23:47:22.296 [info] > git rev-parse --show-toplevel [10ms]
2025-05-07 23:47:22.296 [info] > git rev-parse --git-dir --git-common-dir [2ms]
2025-05-07 23:47:22.296 [info] [Model][openRepository] Opened repository: /home/visionary/Downloads/visionary-nixos
2025-05-07 23:47:22.297 [info] > git config --get commit.template [11ms]
2025-05-07 23:47:22.323 [info] > git rev-parse --show-toplevel [28ms]
2025-05-07 23:47:22.324 [info] fatal: not a git repository (or any of the parent directories): .git
2025-05-07 23:47:22.336 [info] [Git][getRemotes] No remotes found in the git config file
2025-05-07 23:47:22.345 [info] > git rev-parse --show-toplevel [1ms]
2025-05-07 23:47:22.346 [info] > git for-each-ref --format=%(refname)%00%(upstream:short)%00%(objectname)%00%(upstream:track)%00%(upstream:remotename)%00%(upstream:remoteref) refs/heads/master refs/remotes/master [11ms]
2025-05-07 23:47:22.346 [warning] [Git][getBranch] No such branch: master
2025-05-07 23:47:22.375 [info] > git status -z -uall [21ms]
2025-05-07 23:47:22.375 [info] > git rev-parse --show-toplevel [4ms]
2025-05-07 23:47:22.375 [info] > git for-each-ref --sort -committerdate --format %(refname)%00%(objectname)%00%(*objectname) [11ms]
2025-05-07 23:47:22.449 [info] > git for-each-ref --format=%(refname)%00%(upstream:short)%00%(objectname)%00%(upstream:track)%00%(upstream:remotename)%00%(upstream:remoteref) refs/heads/master refs/remotes/master [10ms]
2025-05-07 23:47:22.449 [warning] [Git][getBranch] No such branch: master
2025-05-07 23:47:22.450 [error] [GitHistoryProvider][resolveHEADMergeBase] Failed to resolve merge base for master: Error: No such branch: master.
2025-05-07 23:47:22.450 [info] > git rev-parse --show-toplevel [66ms]
2025-05-07 23:47:22.452 [info] [Model][doInitialScan] Initial repository scan completed - repositories (1), closed repositories (0), parent repositories (0), unsafe repositories (0)
2025-05-07 23:47:22.482 [info] > git config --get commit.template [34ms]
2025-05-07 23:47:22.491 [info] [Git][getRemotes] No remotes found in the git config file
2025-05-07 23:47:22.494 [info] > git for-each-ref --format=%(refname)%00%(upstream:short)%00%(objectname)%00%(upstream:track)%00%(upstream:remotename)%00%(upstream:remoteref) refs/heads/master refs/remotes/master [3ms]
2025-05-07 23:47:22.494 [warning] [Git][getBranch] No such branch: master
2025-05-07 23:47:22.817 [info] > git for-each-ref --sort -committerdate --format %(refname)%00%(objectname)%00%(*objectname) [308ms]
2025-05-07 23:47:22.846 [info] > git status -z -uall [344ms]
2025-05-07 23:47:22.875 [info] > git check-ignore -v -z --stdin [33ms]
2025-05-07 23:47:43.421 [info] > git show --textconv :host/configuration.nix [8ms]
2025-05-07 23:47:43.442 [info] > git show --textconv HEAD:host/configuration.nix [21ms]
2025-05-07 23:47:43.465 [info] > git ls-files --stage -- host/configuration.nix [35ms]
2025-05-07 23:47:43.482 [info] > git cat-file -s abb4d1918aeb573a8b61bafa405d531e65f3d7b0 [10ms]
2025-05-07 23:47:43.483 [info] > git ls-tree -l HEAD -- host/configuration.nix [44ms]
2025-05-07 23:47:43.483 [info] fatal: Not a valid object name HEAD
2025-05-07 23:47:43.492 [info] > git hash-object -t tree /dev/null [2ms]
2025-05-07 23:47:43.492 [warning] [GitFileSystemProvider][stat] File not found - git:/home/visionary/Downloads/visionary-nixos/host/configuration.nix.git?%7B%22path%22%3A%22%2Fhome%2Fvisionary%2FDownloads%2Fvisionary-nixos%2Fhost%2Fconfiguration.nix%22%2C%22ref%22%3A%22HEAD%22%7D
2025-05-07 23:47:43.493 [info] > git hash-object -t tree /dev/null [12ms]
2025-05-07 23:47:43.493 [warning] [GitFileSystemProvider][readFile] File not found - git:/home/visionary/Downloads/visionary-nixos/host/configuration.nix.git?%7B%22path%22%3A%22%2Fhome%2Fvisionary%2FDownloads%2Fvisionary-nixos%2Fhost%2Fconfiguration.nix%22%2C%22ref%22%3A%22HEAD%22%7D
2025-05-07 23:47:47.129 [info] > git check-ignore -v -z --stdin [3ms]
2025-05-07 23:47:48.451 [info] > git show --textconv :flake.nix [30ms]
2025-05-07 23:47:48.451 [info] > git show --textconv HEAD:flake.nix [21ms]
2025-05-07 23:47:48.452 [info] > git ls-files --stage -- flake.nix [12ms]
2025-05-07 23:47:48.461 [warning] [GitFileSystemProvider][readFile] File not found - git:/home/visionary/Downloads/visionary-nixos/flake.nix.git?%7B%22path%22%3A%22%2Fhome%2Fvisionary%2FDownloads%2Fvisionary-nixos%2Fflake.nix%22%2C%22ref%22%3A%22HEAD%22%7D
2025-05-07 23:47:48.463 [info] > git cat-file -s 8676101ea8bea5390628ce13723819abd1d805dd [2ms]
2025-05-07 23:47:48.463 [info] > git ls-tree -l HEAD -- flake.nix [13ms]
2025-05-07 23:47:48.463 [info] fatal: Not a valid object name HEAD
2025-05-07 23:47:48.464 [warning] [GitFileSystemProvider][stat] File not found - git:/home/visionary/Downloads/visionary-nixos/flake.nix.git?%7B%22path%22%3A%22%2Fhome%2Fvisionary%2FDownloads%2Fvisionary-nixos%2Fflake.nix%22%2C%22ref%22%3A%22HEAD%22%7D
