2025-05-05 23:34:05.900 [info] [main] 日志级别: Info
2025-05-05 23:34:05.900 [info] [main] 正在验证在以下位置找到的 git: "git"
2025-05-05 23:34:05.900 [info] [main] 使用来自 "git" 的 git "2.49.0"
2025-05-05 23:34:05.900 [info] [Model][doInitialScan] Initial repository scan started
2025-05-05 23:34:05.900 [info] > git rev-parse --show-toplevel [8ms]
2025-05-05 23:34:05.900 [info] fatal: not a git repository (or any of the parent directories): .git
2025-05-05 23:34:05.900 [info] > git rev-parse --show-toplevel [4ms]
2025-05-05 23:34:05.900 [info] fatal: not a git repository (or any of the parent directories): .git
2025-05-05 23:34:05.900 [info] > git rev-parse --show-toplevel [27ms]
2025-05-05 23:34:05.900 [info] fatal: not a git repository (or any of the parent directories): .git
2025-05-05 23:34:05.901 [info] > git rev-parse --show-toplevel [12ms]
2025-05-05 23:34:05.901 [info] fatal: not a git repository (or any of the parent directories): .git
2025-05-05 23:34:05.940 [info] > git rev-parse --show-toplevel [33ms]
2025-05-05 23:34:05.940 [info] fatal: not a git repository (or any of the parent directories): .git
2025-05-05 23:34:05.980 [info] > git rev-parse --show-toplevel [32ms]
2025-05-05 23:34:05.980 [info] fatal: not a git repository (or any of the parent directories): .git
2025-05-05 23:34:05.987 [info] > git rev-parse --show-toplevel [1ms]
2025-05-05 23:34:05.987 [info] fatal: not a git repository (or any of the parent directories): .git
2025-05-05 23:34:05.989 [info] [Model][doInitialScan] Initial repository scan completed - repositories (0), closed repositories (0), parent repositories (0), unsafe repositories (0)
2025-05-05 23:34:05.996 [info] > git rev-parse --show-toplevel [1ms]
2025-05-05 23:34:05.996 [info] fatal: not a git repository (or any of the parent directories): .git
2025-05-05 23:34:06.003 [info] > git rev-parse --show-toplevel [1ms]
2025-05-05 23:34:06.003 [info] fatal: not a git repository (or any of the parent directories): .git
2025-05-05 23:34:06.829 [info] > git rev-parse --show-toplevel [2ms]
2025-05-05 23:34:06.829 [info] fatal: not a git repository (or any of the parent directories): .git
2025-05-05 23:34:22.715 [info] > git rev-parse --show-toplevel [1ms]
2025-05-05 23:34:22.715 [info] fatal: not a git repository (or any of the parent directories): .git
2025-05-05 23:34:22.743 [info] > git rev-parse --show-toplevel [1ms]
2025-05-05 23:34:22.743 [info] fatal: not a git repository (or any of the parent directories): .git
2025-05-05 23:34:22.751 [info] > git rev-parse --show-toplevel [1ms]
2025-05-05 23:34:22.751 [info] fatal: not a git repository (or any of the parent directories): .git
2025-05-05 23:34:28.046 [info] > git rev-parse --show-toplevel [1ms]
2025-05-05 23:34:28.046 [info] fatal: not a git repository (or any of the parent directories): .git
2025-05-05 23:34:28.059 [info] > git rev-parse --show-toplevel [2ms]
2025-05-05 23:34:28.059 [info] fatal: not a git repository (or any of the parent directories): .git
2025-05-05 23:34:28.068 [info] > git rev-parse --show-toplevel [2ms]
2025-05-05 23:34:28.068 [info] fatal: not a git repository (or any of the parent directories): .git
2025-05-05 23:35:02.347 [info] > git rev-parse --show-toplevel [1ms]
2025-05-05 23:35:02.347 [info] fatal: not a git repository (or any of the parent directories): .git
2025-05-05 23:35:02.377 [info] > git rev-parse --show-toplevel [1ms]
2025-05-05 23:35:02.377 [info] fatal: not a git repository (or any of the parent directories): .git
2025-05-05 23:35:02.384 [info] > git rev-parse --show-toplevel [1ms]
2025-05-05 23:35:02.384 [info] fatal: not a git repository (or any of the parent directories): .git
2025-05-05 23:37:12.458 [info] > git rev-parse --show-toplevel [1ms]
2025-05-05 23:37:12.458 [info] fatal: not a git repository (or any of the parent directories): .git
2025-05-05 23:37:12.468 [info] > git rev-parse --show-toplevel [1ms]
2025-05-05 23:37:12.468 [info] fatal: not a git repository (or any of the parent directories): .git
2025-05-05 23:37:12.475 [info] > git rev-parse --show-toplevel [1ms]
2025-05-05 23:37:12.475 [info] fatal: not a git repository (or any of the parent directories): .git
2025-05-05 23:43:13.958 [info] > git rev-parse --show-toplevel [1ms]
2025-05-05 23:43:13.958 [info] fatal: not a git repository (or any of the parent directories): .git
2025-05-05 23:43:13.979 [info] > git rev-parse --show-toplevel [1ms]
2025-05-05 23:43:13.979 [info] fatal: not a git repository (or any of the parent directories): .git
2025-05-05 23:43:13.986 [info] > git rev-parse --show-toplevel [1ms]
2025-05-05 23:43:13.986 [info] fatal: not a git repository (or any of the parent directories): .git
2025-05-05 23:43:18.019 [info] > git rev-parse --show-toplevel [1ms]
2025-05-05 23:43:18.019 [info] fatal: not a git repository (or any of the parent directories): .git
2025-05-05 23:43:18.029 [info] > git rev-parse --show-toplevel [2ms]
2025-05-05 23:43:18.029 [info] fatal: not a git repository (or any of the parent directories): .git
2025-05-05 23:43:18.038 [info] > git rev-parse --show-toplevel [1ms]
2025-05-05 23:43:18.038 [info] fatal: not a git repository (or any of the parent directories): .git
2025-05-05 23:43:30.286 [info] > git rev-parse --show-toplevel [1ms]
2025-05-05 23:43:30.286 [info] fatal: not a git repository (or any of the parent directories): .git
2025-05-05 23:43:30.311 [info] > git rev-parse --show-toplevel [1ms]
2025-05-05 23:43:30.311 [info] fatal: not a git repository (or any of the parent directories): .git
2025-05-05 23:43:30.319 [info] > git rev-parse --show-toplevel [2ms]
2025-05-05 23:43:30.319 [info] fatal: not a git repository (or any of the parent directories): .git
2025-05-05 23:46:36.218 [info] > git rev-parse --show-toplevel [1ms]
2025-05-05 23:46:36.218 [info] fatal: not a git repository (or any of the parent directories): .git
2025-05-05 23:46:36.256 [info] > git rev-parse --show-toplevel [2ms]
2025-05-05 23:46:36.256 [info] fatal: not a git repository (or any of the parent directories): .git
2025-05-05 23:46:36.263 [info] > git rev-parse --show-toplevel [1ms]
2025-05-05 23:46:36.264 [info] fatal: not a git repository (or any of the parent directories): .git
